Archive member included to satisfy reference by file (symbol)

app/libapp.a(main.c.obj)      (--whole-archive)
zephyr/libzephyr.a(heap.c.obj)
                              (--whole-archive)
zephyr/libzephyr.a(cbprintf_packaged.c.obj)
                              (--whole-archive)
zephyr/libzephyr.a(printk.c.obj)
                              (--whole-archive)
zephyr/libzephyr.a(sem.c.obj)
                              (--whole-archive)
zephyr/libzephyr.a(thread_entry.c.obj)
                              (--whole-archive)
zephyr/libzephyr.a(cbprintf_complete.c.obj)
                              (--whole-archive)
zephyr/libzephyr.a(assert.c.obj)
                              (--whole-archive)
zephyr/libzephyr.a(mpsc_pbuf.c.obj)
                              (--whole-archive)
zephyr/libzephyr.a(dec.c.obj)
                              (--whole-archive)
zephyr/libzephyr.a(hex.c.obj)
                              (--whole-archive)
zephyr/libzephyr.a(rb.c.obj)  (--whole-archive)
zephyr/libzephyr.a(timeutil.c.obj)
                              (--whole-archive)
zephyr/libzephyr.a(bitarray.c.obj)
                              (--whole-archive)
zephyr/libzephyr.a(onoff.c.obj)
                              (--whole-archive)
zephyr/libzephyr.a(notify.c.obj)
                              (--whole-archive)
zephyr/libzephyr.a(configs.c.obj)
                              (--whole-archive)
zephyr/libzephyr.a(log_core.c.obj)
                              (--whole-archive)
zephyr/libzephyr.a(log_mgmt.c.obj)
                              (--whole-archive)
zephyr/libzephyr.a(log_cache.c.obj)
                              (--whole-archive)
zephyr/libzephyr.a(log_msg.c.obj)
                              (--whole-archive)
zephyr/libzephyr.a(log_output.c.obj)
                              (--whole-archive)
zephyr/libzephyr.a(log_backend_uart.c.obj)
                              (--whole-archive)
zephyr/libzephyr.a(tracing_none.c.obj)
                              (--whole-archive)
zephyr/libzephyr.a(banner.c.obj)
                              (--whole-archive)
zephyr/libzephyr.a(lbs.c.obj)
                              (--whole-archive)
zephyr/libzephyr.a(host_extensions.c.obj)
                              (--whole-archive)
zephyr/libzephyr.a(flash_map_partition_manager.c.obj)
                              (--whole-archive)
zephyr/libzephyr.a(utils.c.obj)
                              (--whole-archive)
zephyr/libzephyr.a(aes_decrypt.c.obj)
                              (--whole-archive)
zephyr/libzephyr.a(aes_encrypt.c.obj)
                              (--whole-archive)
zephyr/libzephyr.a(cmac_mode.c.obj)
                              (--whole-archive)
zephyr/arch/common/libarch__common.a(sw_isr_common.c.obj)
                              (--whole-archive)
zephyr/arch/arch/arm/core/libarch__arm__core.a(fatal.c.obj)
                              (--whole-archive)
zephyr/arch/arch/arm/core/libarch__arm__core.a(nmi.c.obj)
                              (--whole-archive)
zephyr/arch/arch/arm/core/libarch__arm__core.a(nmi_on_reset.S.obj)
                              (--whole-archive)
zephyr/arch/arch/arm/core/libarch__arm__core.a(tls.c.obj)
                              (--whole-archive)
zephyr/arch/arch/arm/core/cortex_m/libarch__arm__core__cortex_m.a(exc_exit.c.obj)
                              (--whole-archive)
zephyr/arch/arch/arm/core/cortex_m/libarch__arm__core__cortex_m.a(fault.c.obj)
                              (--whole-archive)
zephyr/arch/arch/arm/core/cortex_m/libarch__arm__core__cortex_m.a(fault_s.S.obj)
                              (--whole-archive)
zephyr/arch/arch/arm/core/cortex_m/libarch__arm__core__cortex_m.a(fpu.c.obj)
                              (--whole-archive)
zephyr/arch/arch/arm/core/cortex_m/libarch__arm__core__cortex_m.a(reset.S.obj)
                              (--whole-archive)
zephyr/arch/arch/arm/core/cortex_m/libarch__arm__core__cortex_m.a(scb.c.obj)
                              (--whole-archive)
zephyr/arch/arch/arm/core/cortex_m/libarch__arm__core__cortex_m.a(thread_abort.c.obj)
                              (--whole-archive)
zephyr/arch/arch/arm/core/cortex_m/libarch__arm__core__cortex_m.a(vector_table.S.obj)
                              (--whole-archive)
zephyr/arch/arch/arm/core/cortex_m/libarch__arm__core__cortex_m.a(swap.c.obj)
                              (--whole-archive)
zephyr/arch/arch/arm/core/cortex_m/libarch__arm__core__cortex_m.a(swap_helper.S.obj)
                              (--whole-archive)
zephyr/arch/arch/arm/core/cortex_m/libarch__arm__core__cortex_m.a(irq_manage.c.obj)
                              (--whole-archive)
zephyr/arch/arch/arm/core/cortex_m/libarch__arm__core__cortex_m.a(prep_c.c.obj)
                              (--whole-archive)
zephyr/arch/arch/arm/core/cortex_m/libarch__arm__core__cortex_m.a(thread.c.obj)
                              (--whole-archive)
zephyr/arch/arch/arm/core/cortex_m/libarch__arm__core__cortex_m.a(cpu_idle.c.obj)
[...]
Memory Configuration

Name             Origin             Length             Attributes
FLASH            0x0000000000000000 0x0000000000040000 xr
RAM              0x0000000020000000 0x0000000000008000 xw
IDT_LIST         0x00000000ffff7fff 0x0000000000008000 xw
*default*        0x0000000000000000 0xffffffffffffffff

Linker script and memory map

                0x0000000000017d80                vfprintf = __l_vfprintf
                0x0000000000000000                vfscanf = __l_vfscanf
LOAD zephyr/CMakeFiles/zephyr_final.dir/misc/empty_file.c.obj
LOAD zephyr/CMakeFiles/zephyr_final.dir/isr_tables.c.obj
LOAD zephyr/CMakeFiles/offsets.dir/./arch/arm/core/offsets/offsets.c.obj
LOAD app/libapp.a
LOAD zephyr/libzephyr.a
LOAD zephyr/arch/common/libarch__common.a
LOAD zephyr/arch/arch/arm/core/libarch__arm__core.a
LOAD zephyr/arch/arch/arm/core/cortex_m/libarch__arm__core__cortex_m.a
LOAD zephyr/lib/libc/picolibc/liblib__libc__picolibc.a
LOAD zephyr/lib/libc/common/liblib__libc__common.a
LOAD zephyr/lib/net_buf/liblib__net_buf.a
LOAD zephyr/soc/soc/nrf51822/libsoc__nordic.a
LOAD zephyr/subsys/random/libsubsys__random.a
LOAD zephyr/subsys/bluetooth/common/libsubsys__bluetooth__common.a
LOAD zephyr/subsys/bluetooth/host/libsubsys__bluetooth__host.a
LOAD zephyr/subsys/bluetooth/controller/libsubsys__bluetooth__controller.a
LOAD zephyr/subsys/bluetooth/controller/ll_sw/nordic/libsubsys__bluetooth__controller__ll_sw__nordic.a
LOAD zephyr/drivers/clock_control/libdrivers__clock_control.a
LOAD zephyr/drivers/console/libdrivers__console.a
LOAD zephyr/drivers/entropy/libdrivers__entropy.a
LOAD zephyr/drivers/gpio/libdrivers__gpio.a
LOAD zephyr/drivers/pinctrl/libdrivers__pinctrl.a
LOAD zephyr/drivers/serial/libdrivers__serial.a
LOAD zephyr/drivers/timer/libdrivers__timer.a
LOAD modules/nrf/lib/dk_buttons_and_leds/lib..__nrf__lib__dk_buttons_and_leds.a
LOAD modules/hal_nordic/nrfx/libmodules__hal_nordic__nrfx.a
LOAD zephyr/kernel/libkernel.a
LOAD zephyr/arch/common/libisr_tables.a
LOAD c:\ncs\toolchains\b620d30767\opt\zephyr-sdk\arm-zephyr-eabi\bin\../lib/gcc/../../picolibc/arm-zephyr-eabi/lib/thumb/v6-m/nofp\libc.a
LOAD c:/ncs/toolchains/b620d30767/opt/zephyr-sdk/arm-zephyr-eabi/bin/../lib/gcc/arm-zephyr-eabi/12.2.0/thumb/v6-m/nofp\libgcc.a
                0x0000000000000004                _region_min_align = 0x4

.rel.plt        0x0000000000000000        0x0
 *(SORT_BY_ALIGNMENT(.rel.plt))
                [!provide]                        PROVIDE (__rel_iplt_start = .)
 *(SORT_BY_ALIGNMENT(.rel.iplt))
 .rel.iplt      0x0000000000000000        0x0 zephyr/CMakeFiles/zephyr_final.dir/isr_tables.c.obj
                [!provide]                        PROVIDE (__rel_iplt_end = .)

.rela.plt       0x0000000000000000        0x0
 *(SORT_BY_ALIGNMENT(.rela.plt))
                [!provide]                        PROVIDE (__rela_iplt_start = .)
 *(SORT_BY_ALIGNMENT(.rela.iplt))
                [!provide]                        PROVIDE (__rela_iplt_end = .)

.rel.dyn
 *(SORT_BY_ALIGNMENT(.rel.*))

.rela.dyn
 *(SORT_BY_ALIGNMENT(.rela.*))

/DISCARD/
 *(SORT_BY_ALIGNMENT(.plt))

/DISCARD/
 *(SORT_BY_ALIGNMENT(.iplt))
                0x0000000000000000                __rom_region_start = 0x0

rom_start       0x0000000000000000       0xa8
                0x0000000000000000                __rom_start_address = .
 FILL mask 0x00
                0x0000000000000000                . = (. + (0x0 - (. - __rom_start_address)))
                0x0000000000000000                . = ALIGN (0x4)
                0x0000000000000000                _vector_start = .
 *(SORT_BY_ALIGNMENT(.exc_vector_table))
 *(SORT_BY_ALIGNMENT(.exc_vector_table.*))
 .exc_vector_table._vector_table_section
                0x0000000000000000       0x40 zephyr/arch/arch/arm/core/cortex_m/libarch__arm__core__cortex_m.a(vector_table.S.obj)
                0x0000000000000000                _vector_table
 *(SORT_BY_ALIGNMENT(.vectors))
                0x00000000000000a8                _vector_end = .
                0x0000000000000040                . = ALIGN (0x4)
 *(SORT_BY_ALIGNMENT(.gnu.linkonce.irq_vector_table*))
 .gnu.linkonce.irq_vector_table
                0x0000000000000040       0x68 zephyr/CMakeFiles/zephyr_final.dir/isr_tables.c.obj
                0x0000000000000040                _irq_vector_table
                0x00000000000000a8                _vector_end = .

text            0x00000000000000a8    0x1b968
                0x00000000000000a8                __text_region_start = .
 *(SORT_BY_ALIGNMENT(.text))
 .text          0x00000000000000a8       0x14 c:/ncs/toolchains/b620d30767/opt/zephyr-sdk/arm-zephyr-eabi/bin/../lib/gcc/arm-zephyr-eabi/12.2.0/thumb/v6-m/nofp\libgcc.a(_thumb1_case_sqi.o)
                0x00000000000000a8                __gnu_thumb1_case_sqi
 .text          0x00000000000000bc       0x14 c:/ncs/toolchains/b620d30767/opt/zephyr-sdk/arm-zephyr-eabi/bin/../lib/gcc/arm-zephyr-eabi/12.2.0/thumb/v6-m/nofp\libgcc.a(_thumb1_case_uqi.o)
                0x00000000000000bc                __gnu_thumb1_case_uqi
 .text          0x00000000000000d0       0x8c c:/ncs/toolchains/b620d30767/opt/zephyr-sdk/arm-zephyr-eabi/bin/../lib/gcc/arm-zephyr-eabi/12.2.0/thumb/v6-m/nofp\libgcc.a(_udivsi3.o)
                0x00000000000000d0                __aeabi_uidiv
                0x00000000000000d0                __udivsi3
                0x0000000000000148                __aeabi_uidivmod
 .text          0x000000000000015c       0xa8 c:/ncs/toolchains/b620d30767/opt/zephyr-sdk/arm-zephyr-eabi/bin/../lib/gcc/arm-zephyr-eabi/12.2.0/thumb/v6-m/nofp\libgcc.a(_divsi3.o)
                0x000000000000015c                __divsi3
                0x000000000000015c                __aeabi_idiv
                0x00000000000001f0                __aeabi_idivmod
 .text          0x0000000000000204        0x4 c:/ncs/toolchains/b620d30767/opt/zephyr-sdk/arm-zephyr-eabi/bin/../lib/gcc/arm-zephyr-eabi/12.2.0/thumb/v6-m/nofp\libgcc.a(_dvmd_tls.o)
                0x0000000000000204                __aeabi_idiv0
                0x0000000000000204                __aeabi_ldiv0
 .text          0x0000000000000208       0x3c c:/ncs/toolchains/b620d30767/opt/zephyr-sdk/arm-zephyr-eabi/bin/../lib/gcc/arm-zephyr-eabi/12.2.0/thumb/v6-m/nofp\libgcc.a(_clzsi2.o)
                0x0000000000000208                __clzsi2
 .text          0x0000000000000244       0x40 c:/ncs/toolchains/b620d30767/opt/zephyr-sdk/arm-zephyr-eabi/bin/../lib/gcc/arm-zephyr-eabi/12.2.0/thumb/v6-m/nofp\libgcc.a(_ctzsi2.o)
                0x0000000000000244                __ctzsi2
 .text          0x0000000000000284       0x40 c:/ncs/toolchains/b620d30767/opt/zephyr-sdk/arm-zephyr-eabi/bin/../lib/gcc/arm-zephyr-eabi/12.2.0/thumb/v6-m/nofp\libgcc.a(_aeabi_uldivmod.o)
                0x0000000000000284                __aeabi_uldivmod
 .text          0x00000000000002c4       0x18 c:/ncs/toolchains/b620d30767/opt/zephyr-sdk/arm-zephyr-eabi/bin/../lib/gcc/arm-zephyr-eabi/12.2.0/thumb/v6-m/nofp\libgcc.a(_lshrdi3.o)
                0x00000000000002c4                __lshrdi3
                0x00000000000002c4                __aeabi_llsr
 .text          0x00000000000002dc       0x18 c:/ncs/toolchains/b620d30767/opt/zephyr-sdk/arm-zephyr-eabi/bin/../lib/gcc/arm-zephyr-eabi/12.2.0/thumb/v6-m/nofp\libgcc.a(_ashldi3.o)
                0x00000000000002dc                __aeabi_llsl
                0x00000000000002dc                __ashldi3
 .text          0x00000000000002f4       0x18 c:/ncs/toolchains/b620d30767/opt/zephyr-sdk/arm-zephyr-eabi/bin/../lib/gcc/arm-zephyr-eabi/12.2.0/thumb/v6-m/nofp\libgcc.a(_clzdi2.o)
                0x00000000000002f4                __clzdi2
 .text          0x000000000000030c       0x14 c:\ncs\toolchains\b620d30767\opt\zephyr-sdk\arm-zephyr-eabi\bin\../lib/gcc/../../picolibc/arm-zephyr-eabi/lib/thumb/v6-m/nofp\libc.a(strcmp.S.o)
                0x000000000000030c                strcmp
 .text          0x0000000000000320       0x10 c:\ncs\toolchains\b620d30767\opt\zephyr-sdk\arm-zephyr-eabi\bin\../lib/gcc/../../picolibc/arm-zephyr-eabi/lib/thumb/v6-m/nofp\libc.a(strcpy.S.o)
                0x0000000000000320                strcpy
 .text          0x0000000000000330        0xe c:\ncs\toolchains\b620d30767\opt\zephyr-sdk\arm-zephyr-eabi\bin\../lib/gcc/../../picolibc/arm-zephyr-eabi/lib/thumb/v6-m/nofp\libc.a(strlen.S.o)
                0x0000000000000330                strlen
 .text          0x000000000000033e       0x44 c:/ncs/toolchains/b620d30767/opt/zephyr-sdk/arm-zephyr-eabi/bin/../lib/gcc/arm-zephyr-eabi/12.2.0/thumb/v6-m/nofp\libgcc.a(_muldi3.o)
                0x000000000000033e                __muldi3
                0x000000000000033e                __aeabi_lmul
 .text          0x0000000000000382        0xe c:/ncs/toolchains/b620d30767/opt/zephyr-sdk/arm-zephyr-eabi/bin/../lib/gcc/arm-zephyr-eabi/12.2.0/thumb/v6-m/nofp\libgcc.a(_ffssi2.o)
                0x0000000000000382                __ffssi2
 .text          0x0000000000000390       0xde c:/ncs/toolchains/b620d30767/opt/zephyr-sdk/arm-zephyr-eabi/bin/../lib/gcc/arm-zephyr-eabi/12.2.0/thumb/v6-m/nofp\libgcc.a(_udivmoddi4.o)
                0x0000000000000390                __udivmoddi4
 *(SORT_BY_ALIGNMENT(.text.*))
 *fill*         0x000000000000046e        0x2 
 .text.on_connected.part.0
                0x0000000000000470       0x1c app/libapp.a(main.c.obj)
 .text.on_connected
                0x000000000000048c       0x38 app/libapp.a(main.c.obj)
                0x000000000000048c                on_connected
 .text.button_changed
                0x00000000000004c4       0x70 app/libapp.a(main.c.obj)
 .text.on_disconnected
                0x0000000000000534       0x2c app/libapp.a(main.c.obj)
                0x0000000000000534                on_disconnected
 .text.main     0x0000000000000560      0x114 app/libapp.a(main.c.obj)
                0x0000000000000560                main
 .text.cbvprintf_package
                0x0000000000000674      0x3b8 zephyr/libzephyr.a(cbprintf_packaged.c.obj)
                0x0000000000000674                cbvprintf_package
 .text.cbprintf_package_convert
                0x0000000000000a2c      0x420 zephyr/libzephyr.a(cbprintf_packaged.c.obj)
                0x0000000000000a2c                cbprintf_package_convert
 .text.__printk_hook_install
                0x0000000000000e4c        0xc zephyr/libzephyr.a(printk.c.obj)
                0x0000000000000e4c                __printk_hook_install
 .text.z_thread_entry
                0x0000000000000e58       0x30 zephyr/libzephyr.a(thread_entry.c.obj)
                0x0000000000000e58                z_thread_entry
 .text.process_event
                0x0000000000000e88      0x1fc zephyr/libzephyr.a(onoff.c.obj)
 .text.onoff_request
                0x0000000000001084       0xbc zephyr/libzephyr.a(onoff.c.obj)
                0x0000000000001084                onoff_request
 .text.activate_foreach_backend
                0x0000000000001140       0x58 zephyr/libzephyr.a(log_core.c.obj)
 .text.enable_logger
                0x0000000000001198       0x5c zephyr/libzephyr.a(log_core.c.obj)
 .text.log_process_thread_timer_expiry_fn
                0x00000000000011f4       0x10 zephyr/libzephyr.a(log_core.c.obj)
 .text.z_log_init
                0x0000000000001204       0x94 zephyr/libzephyr.a(log_core.c.obj)
 .text.log_format_func_t_get
                0x0000000000001298        0xc zephyr/libzephyr.a(log_core.c.obj)
                0x0000000000001298                log_format_func_t_get
 .text.log_set_timestamp_func
                0x00000000000012a4       0x20 zephyr/libzephyr.a(log_core.c.obj)
                0x00000000000012a4                log_set_timestamp_func
 .text.z_log_notify_backend_enabled
                0x00000000000012c4       0x20 zephyr/libzephyr.a(log_core.c.obj)
                0x00000000000012c4                z_log_notify_backend_enabled
 .text.z_log_dropped
                0x00000000000012e4       0x34 zephyr/libzephyr.a(log_core.c.obj)
                0x00000000000012e4                z_log_dropped
 .text.z_log_dropped_read_and_clear
                0x0000000000001318       0x10 zephyr/libzephyr.a(log_core.c.obj)
                0x0000000000001318                z_log_dropped_read_and_clear
 .text.dropped_notify
                0x0000000000001328       0x34 zephyr/libzephyr.a(log_core.c.obj)
                0x0000000000001328                dropped_notify
 .text.z_log_msg_init
                0x000000000000135c       0x20 zephyr/libzephyr.a(log_core.c.obj)
                0x000000000000135c                z_log_msg_init
 .text.log_core_init
                0x000000000000137c       0x30 zephyr/libzephyr.a(log_core.c.obj)
                0x000000000000137c                log_core_init
 .text.z_log_msg_alloc
                0x00000000000013ac       0x18 zephyr/libzephyr.a(log_core.c.obj)
                0x00000000000013ac                z_log_msg_alloc
 .text.z_log_msg_local_claim
                0x00000000000013c4       0x10 zephyr/libzephyr.a(log_core.c.obj)
                0x00000000000013c4                z_log_msg_local_claim
 .text.z_log_msg_free
                0x00000000000013d4       0x14 zephyr/libzephyr.a(log_core.c.obj)
                0x00000000000013d4                z_log_msg_free
 .text.z_log_msg_pending
                0x00000000000013e8       0x10 zephyr/libzephyr.a(log_core.c.obj)
                0x00000000000013e8                z_log_msg_pending
 .text.z_impl_log_process
                0x00000000000013f8       0xa8 zephyr/libzephyr.a(log_core.c.obj)
                0x00000000000013f8                z_impl_log_process
 .text.z_impl_log_panic
                0x00000000000014a0       0x48 zephyr/libzephyr.a(log_core.c.obj)
                0x00000000000014a0                z_impl_log_panic
 .text.log_process_thread_func
                0x00000000000014e8       0xa8 zephyr/libzephyr.a(log_core.c.obj)
 .text.z_log_msg_post_finalize
                0x0000000000001590       0x70 zephyr/libzephyr.a(log_core.c.obj)
 .text.z_log_msg_commit
                0x0000000000001600       0x24 zephyr/libzephyr.a(log_core.c.obj)
                0x0000000000001600                z_log_msg_commit
 .text.log_source_name_get
                0x0000000000001624       0x1c zephyr/libzephyr.a(log_mgmt.c.obj)
                0x0000000000001624                log_source_name_get
 .text.log_backend_enable
                0x0000000000001640       0x28 zephyr/libzephyr.a(log_mgmt.c.obj)
                0x0000000000001640                log_backend_enable
 .text.z_log_msg_simple_create
                0x0000000000001668       0x70 zephyr/libzephyr.a(log_msg.c.obj)
 .text.z_impl_z_log_msg_static_create
                0x00000000000016d8      0x130 zephyr/libzephyr.a(log_msg.c.obj)
                0x00000000000016d8                z_impl_z_log_msg_static_create
 .text.z_log_msg_runtime_vcreate
                0x0000000000001808       0x9c zephyr/libzephyr.a(log_msg.c.obj)
                0x0000000000001808                z_log_msg_runtime_vcreate
 .text.log_msg_get_source_id
                0x00000000000018a4       0x1c zephyr/libzephyr.a(log_msg.c.obj)
                0x00000000000018a4                log_msg_get_source_id
 .text.print_formatted
                0x00000000000018c0       0x20 zephyr/libzephyr.a(log_output.c.obj)
 .text.newline_print
                0x00000000000018e0       0x20 zephyr/libzephyr.a(log_output.c.obj)
 .text.log_output_process
                0x0000000000001900      0x2cc zephyr/libzephyr.a(log_output.c.obj)
                0x0000000000001900                log_output_process
 .text.log_output_dropped_process
                0x0000000000001bcc       0x58 zephyr/libzephyr.a(log_output.c.obj)
                0x0000000000001bcc                log_output_dropped_process
 .text.log_output_timestamp_freq_set
                0x0000000000001c24       0x34 zephyr/libzephyr.a(log_output.c.obj)
                0x0000000000001c24                log_output_timestamp_freq_set
 .text.char_out
                0x0000000000001c58       0x24 zephyr/libzephyr.a(log_backend_uart.c.obj)
 .text.boot_banner
                0x0000000000001c7c       0x18 zephyr/libzephyr.a(banner.c.obj)
                0x0000000000001c7c                boot_banner
 .text.lbslc_ccc_cfg_changed
                0x0000000000001c94       0x10 zephyr/libzephyr.a(lbs.c.obj)
 .text.write_led
                0x0000000000001ca4       0x38 zephyr/libzephyr.a(lbs.c.obj)
 .text.read_button
                0x0000000000001cdc       0x44 zephyr/libzephyr.a(lbs.c.obj)
 .text.bt_lbs_send_button_state
                0x0000000000001d20       0x44 zephyr/libzephyr.a(lbs.c.obj)
                0x0000000000001d20                bt_lbs_send_button_state
 .text.sub_bytes
                0x0000000000001d64       0x18 zephyr/libzephyr.a(aes_encrypt.c.obj)
 .text.tc_aes128_set_encrypt_key
                0x0000000000001d7c       0xa4 zephyr/libzephyr.a(aes_encrypt.c.obj)
                0x0000000000001d7c                tc_aes128_set_encrypt_key
 .text.z_arm_fatal_error
                0x0000000000001e20       0xb8 zephyr/arch/arch/arm/core/libarch__arm__core.a(fatal.c.obj)
                0x0000000000001e20                z_arm_fatal_error
 .text.z_SysNmiOnReset
                0x0000000000001ed8        0x4 zephyr/arch/arch/arm/core/libarch__arm__core.a(nmi_on_reset.S.obj)
                0x0000000000001ed8                z_SysNmiOnReset
 .text.arch_tls_stack_setup
                0x0000000000001edc       0x38 zephyr/arch/arch/arm/core/libarch__arm__core.a(tls.c.obj)
                0x0000000000001edc                arch_tls_stack_setup
 .text._HandlerModeExit
                0x0000000000001f14       0x28 zephyr/arch/arch/arm/core/cortex_m/libarch__arm__core__cortex_m.a(exc_exit.c.obj)
                0x0000000000001f14                z_arm_int_exit
                0x0000000000001f14                z_arm_exc_exit
 .text.z_arm_fault
                0x0000000000001f3c      0x138 zephyr/arch/arch/arm/core/cortex_m/libarch__arm__core__cortex_m.a(fault.c.obj)
                0x0000000000001f3c                z_arm_fault
 .text.z_arm_fault_init
                0x0000000000002074       0x10 zephyr/arch/arch/arm/core/cortex_m/libarch__arm__core__cortex_m.a(fault.c.obj)
                0x0000000000002074                z_arm_fault_init
 .text.__fault  0x0000000000002084       0x14 zephyr/arch/arch/arm/core/cortex_m/libarch__arm__core__cortex_m.a(fault_s.S.obj)
                0x0000000000002084                z_arm_hard_fault
                0x0000000000002084                z_arm_exc_spurious
 .text._reset_section
                0x0000000000002098       0x44 zephyr/arch/arch/arm/core/cortex_m/libarch__arm__core__cortex_m.a(reset.S.obj)
                0x0000000000002098                __start
                0x0000000000002098                z_arm_reset
 .text.z_arm_init_arch_hw_at_boot
                0x00000000000020dc       0x24 zephyr/arch/arch/arm/core/cortex_m/libarch__arm__core__cortex_m.a(scb.c.obj)
                0x00000000000020dc                z_arm_init_arch_hw_at_boot
 .text.z_impl_k_thread_abort
                0x0000000000002100       0x38 zephyr/arch/arch/arm/core/cortex_m/libarch__arm__core__cortex_m.a(thread_abort.c.obj)
                0x0000000000002100                z_impl_k_thread_abort
 .text.arch_swap
                0x0000000000002138       0x2c zephyr/arch/arch/arm/core/cortex_m/libarch__arm__core__cortex_m.a(swap.c.obj)
                0x0000000000002138                arch_swap
 .text.z_arm_pendsv_c
                0x0000000000002164       0x38 zephyr/arch/arch/arm/core/cortex_m/libarch__arm__core__cortex_m.a(swap.c.obj)
                0x0000000000002164                z_arm_pendsv_c
 .text.z_arm_pendsv
                0x000000000000219c       0x4c zephyr/arch/arch/arm/core/cortex_m/libarch__arm__core__cortex_m.a(swap_helper.S.obj)
                0x000000000000219c                z_arm_pendsv
 .text.z_arm_svc
                0x00000000000021e8       0x24 zephyr/arch/arch/arm/core/cortex_m/libarch__arm__core__cortex_m.a(swap_helper.S.obj)
                0x00000000000021e8                z_arm_svc
 .text.arch_irq_enable
                0x000000000000220c       0x18 zephyr/arch/arch/arm/core/cortex_m/libarch__arm__core__cortex_m.a(irq_manage.c.obj)
                0x000000000000220c                arch_irq_enable
 .text.arch_irq_disable
                0x0000000000002224       0x20 zephyr/arch/arch/arm/core/cortex_m/libarch__arm__core__cortex_m.a(irq_manage.c.obj)
                0x0000000000002224                arch_irq_disable
 .text.arch_irq_is_enabled
                0x0000000000002244       0x1c zephyr/arch/arch/arm/core/cortex_m/libarch__arm__core__cortex_m.a(irq_manage.c.obj)
                0x0000000000002244                arch_irq_is_enabled
 .text.z_arm_irq_priority_set
                0x0000000000002260       0x54 zephyr/arch/arch/arm/core/cortex_m/libarch__arm__core__cortex_m.a(irq_manage.c.obj)
                0x0000000000002260                z_arm_irq_priority_set
 .text.arch_new_thread
                0x00000000000022b4       0x2c zephyr/arch/arch/arm/core/cortex_m/libarch__arm__core__cortex_m.a(thread.c.obj)
                0x00000000000022b4                arch_new_thread
 .text.arch_switch_to_main_thread
                0x00000000000022e0       0x38 zephyr/arch/arch/arm/core/cortex_m/libarch__arm__core__cortex_m.a(thread.c.obj)
                0x00000000000022e0                arch_switch_to_main_thread
 .text.z_arm_cpu_idle_init
                0x0000000000002318        0xc zephyr/arch/arch/arm/core/cortex_m/libarch__arm__core__cortex_m.a(cpu_idle.c.obj)
                0x0000000000002318                z_arm_cpu_idle_init
 .text.z_arm_interrupt_init
                0x0000000000002324       0x30 zephyr/arch/arch/arm/core/cortex_m/libarch__arm__core__cortex_m.a(irq_init.c.obj)
                0x0000000000002324                z_arm_interrupt_init
 .text._isr_wrapper
                0x0000000000002354       0x20 zephyr/arch/arch/arm/core/cortex_m/libarch__arm__core__cortex_m.a(isr_wrapper.c.obj)
                0x0000000000002354                _isr_wrapper
 .text.z_impl_zephyr_fputc
                0x0000000000002374       0x10 zephyr/lib/libc/picolibc/liblib__libc__picolibc.a(libc-hooks.c.obj)
                0x0000000000002374                z_impl_zephyr_fputc
 .text.__stdout_hook_install
                0x0000000000002384       0x18 zephyr/lib/libc/picolibc/liblib__libc__picolibc.a(libc-hooks.c.obj)
                0x0000000000002384                __stdout_hook_install
 .text.cbvprintf
                0x000000000000239c       0x38 zephyr/lib/libc/picolibc/liblib__libc__picolibc.a(libc-hooks.c.obj)
                0x000000000000239c                cbvprintf
 .text.malloc_prepare
                0x00000000000023d4       0x24 zephyr/lib/libc/common/liblib__libc__common.a(malloc.c.obj)
 .text.net_buf_destroy
                0x00000000000023f8       0x38 zephyr/lib/net_buf/liblib__net_buf.a(buf.c.obj)
 .text.net_buf_pool_get
                0x0000000000002430       0x10 zephyr/lib/net_buf/liblib__net_buf.a(buf.c.obj)
                0x0000000000002430                net_buf_pool_get
 .text.net_buf_id
                0x0000000000002440       0x24 zephyr/lib/net_buf/liblib__net_buf.a(buf.c.obj)
                0x0000000000002440                net_buf_id
 .text.fixed_data_alloc
                0x0000000000002464       0x24 zephyr/lib/net_buf/liblib__net_buf.a(buf.c.obj)
 .text.net_buf_alloc_len
                0x0000000000002488      0x11c zephyr/lib/net_buf/liblib__net_buf.a(buf.c.obj)
                0x0000000000002488                net_buf_alloc_len
 .text.net_buf_unref
                0x00000000000025a4       0x3c zephyr/lib/net_buf/liblib__net_buf.a(buf.c.obj)
                0x00000000000025a4                net_buf_unref
 .text.arch_busy_wait
                0x00000000000025e0       0x18 zephyr/soc/soc/nrf51822/libsoc__nordic.a(soc.c.obj)
                0x00000000000025e0                arch_busy_wait
 .text.xoshiro128_initialize
                0x00000000000025f8       0x1c zephyr/subsys/random/libsubsys__random.a(random_xoshiro128.c.obj)
 .text.bt_hex   0x0000000000002614       0x40 zephyr/subsys/bluetooth/common/libsubsys__bluetooth__common.a(bt_str.c.obj)
                0x0000000000002614                bt_hex
 .text.bt_addr_le_str
                0x0000000000002654       0x80 zephyr/subsys/bluetooth/common/libsubsys__bluetooth__common.a(bt_str.c.obj)
                0x0000000000002654                bt_addr_le_str
 .text.long_wq_init
                0x00000000000026d4       0x38 zephyr/subsys/bluetooth/host/libsubsys__bluetooth__host.a(long_wq.c.obj)
 .text.bt_long_wq_schedule
                0x000000000000270c       0x14 zephyr/subsys/bluetooth/host/libsubsys__bluetooth__host.a(long_wq.c.obj)
                0x000000000000270c                bt_long_wq_schedule
 .text.uuid_to_uuid128
                0x0000000000002720       0x58 zephyr/subsys/bluetooth/host/libsubsys__bluetooth__host.a(uuid.c.obj)
 .text.bt_addr_le_from_str
                0x0000000000002778       0xac zephyr/subsys/bluetooth/host/libsubsys__bluetooth__host.a(addr.c.obj)
                0x0000000000002778                bt_addr_le_from_str
 .text.bt_buf_get_rx
                0x0000000000002824       0x20 zephyr/subsys/bluetooth/host/libsubsys__bluetooth__host.a(buf.c.obj)
                0x0000000000002824                bt_buf_get_rx
 .text.bt_buf_get_evt
                0x0000000000002844       0x44 zephyr/subsys/bluetooth/host/libsubsys__bluetooth__host.a(buf.c.obj)
                0x0000000000002844                bt_buf_get_evt
 .text.hci_data_buf_overflow
                0x0000000000002888       0x1c zephyr/subsys/bluetooth/host/libsubsys__bluetooth__host.a(hci_core.c.obj)
 .text.hci_disconn_complete_prio
                0x00000000000028a4       0x50 zephyr/subsys/bluetooth/host/libsubsys__bluetooth__host.a(hci_core.c.obj)
 .text.hci_disconn_complete
                0x00000000000028f4       0x44 zephyr/subsys/bluetooth/host/libsubsys__bluetooth__host.a(hci_core.c.obj)
 .text.hci_hardware_error
                0x0000000000002938       0x20 zephyr/subsys/bluetooth/host/libsubsys__bluetooth__host.a(hci_core.c.obj)
 .text.rx_queue_put
                0x0000000000002958       0x34 zephyr/subsys/bluetooth/host/libsubsys__bluetooth__host.a(hci_core.c.obj)
 .text.find_pending_connect.part.0
                0x000000000000298c       0x28 zephyr/subsys/bluetooth/host/libsubsys__bluetooth__host.a(hci_core.c.obj)
 .text.le_conn_param_neg_reply.part.0
                0x00000000000029b4       0x18 zephyr/subsys/bluetooth/host/libsubsys__bluetooth__host.a(hci_core.c.obj)
 .text.handle_event.part.0
                0x00000000000029cc       0x48 zephyr/subsys/bluetooth/host/libsubsys__bluetooth__host.a(hci_core.c.obj)
 .text.le_remote_feat_complete
                0x0000000000002a14       0x50 zephyr/subsys/bluetooth/host/libsubsys__bluetooth__host.a(hci_core.c.obj)
 .text.enh_conn_complete_error_handle
                0x0000000000002a64       0x80 zephyr/subsys/bluetooth/host/libsubsys__bluetooth__host.a(hci_core.c.obj)
 .text.handle_event_common
                0x0000000000002ae4       0x4c zephyr/subsys/bluetooth/host/libsubsys__bluetooth__host.a(hci_core.c.obj)
 .text.rx_work_handler
                0x0000000000002b30      0x138 zephyr/subsys/bluetooth/host/libsubsys__bluetooth__host.a(hci_core.c.obj)
 .text.hci_le_meta_event
                0x0000000000002c68       0x20 zephyr/subsys/bluetooth/host/libsubsys__bluetooth__host.a(hci_core.c.obj)
 .text.hci_vendor_event
                0x0000000000002c88       0x68 zephyr/subsys/bluetooth/host/libsubsys__bluetooth__host.a(hci_core.c.obj)
 .text.hci_cmd_done.part.0
                0x0000000000002cf0      0x120 zephyr/subsys/bluetooth/host/libsubsys__bluetooth__host.a(hci_core.c.obj)
 .text.hci_num_completed_packets
                0x0000000000002e10       0xec zephyr/subsys/bluetooth/host/libsubsys__bluetooth__host.a(hci_core.c.obj)
 .text.le_conn_update_complete
                0x0000000000002efc       0xe0 zephyr/subsys/bluetooth/host/libsubsys__bluetooth__host.a(hci_core.c.obj)
 .text.bt_hci_cmd_state_set_init
                0x0000000000002fdc       0x24 zephyr/subsys/bluetooth/host/libsubsys__bluetooth__host.a(hci_core.c.obj)
                0x0000000000002fdc                bt_hci_cmd_state_set_init
 .text.bt_hci_cmd_create
                0x0000000000003000       0x78 zephyr/subsys/bluetooth/host/libsubsys__bluetooth__host.a(hci_core.c.obj)
                0x0000000000003000                bt_hci_cmd_create
 .text.bt_le_conn_params_valid
                0x0000000000003078       0x48 zephyr/subsys/bluetooth/host/libsubsys__bluetooth__host.a(hci_core.c.obj)
                0x0000000000003078                bt_le_conn_params_valid
 .text.bt_hci_get_ver_str
                0x00000000000030c0       0x28 zephyr/subsys/bluetooth/host/libsubsys__bluetooth__host.a(hci_core.c.obj)
                0x00000000000030c0                bt_hci_get_ver_str
 .text.bt_send  0x00000000000030e8       0x14 zephyr/subsys/bluetooth/host/libsubsys__bluetooth__host.a(hci_core.c.obj)
                0x00000000000030e8                bt_send
 .text.hci_event_prio
                0x00000000000030fc       0x94 zephyr/subsys/bluetooth/host/libsubsys__bluetooth__host.a(hci_core.c.obj)
                0x00000000000030fc                hci_event_prio
 .text.bt_hci_recv
                0x0000000000003190       0x5c zephyr/subsys/bluetooth/host/libsubsys__bluetooth__host.a(hci_core.c.obj)
                0x0000000000003190                bt_hci_recv
 .text.bt_finalize_init
                0x00000000000031ec      0x140 zephyr/subsys/bluetooth/host/libsubsys__bluetooth__host.a(hci_core.c.obj)
                0x00000000000031ec                bt_finalize_init
 .text.bt_is_ready
                0x000000000000332c       0x14 zephyr/subsys/bluetooth/host/libsubsys__bluetooth__host.a(hci_core.c.obj)
                0x000000000000332c                bt_is_ready
 .text.bt_get_name
                0x0000000000003340        0x8 zephyr/subsys/bluetooth/host/libsubsys__bluetooth__host.a(hci_core.c.obj)
                0x0000000000003340                bt_get_name
 .text.bt_tx_irq_raise
                0x0000000000003348       0x10 zephyr/subsys/bluetooth/host/libsubsys__bluetooth__host.a(hci_core.c.obj)
                0x0000000000003348                bt_tx_irq_raise
 .text.bt_hci_cmd_send
                0x0000000000003358       0x5c zephyr/subsys/bluetooth/host/libsubsys__bluetooth__host.a(hci_core.c.obj)
                0x0000000000003358                bt_hci_cmd_send
 .text.le_conn_param_neg_reply
                0x00000000000033b4       0x38 zephyr/subsys/bluetooth/host/libsubsys__bluetooth__host.a(hci_core.c.obj)
 .text.le_conn_param_req
                0x00000000000033ec       0xe4 zephyr/subsys/bluetooth/host/libsubsys__bluetooth__host.a(hci_core.c.obj)
 .text.process_pending_cmd
                0x00000000000034d0       0xe4 zephyr/subsys/bluetooth/host/libsubsys__bluetooth__host.a(hci_core.c.obj)
 .text.bt_hci_cmd_send_sync
                0x00000000000035b4      0x1a0 zephyr/subsys/bluetooth/host/libsubsys__bluetooth__host.a(hci_core.c.obj)
                0x00000000000035b4                bt_hci_cmd_send_sync
 .text.bt_init  0x0000000000003754      0x4d8 zephyr/subsys/bluetooth/host/libsubsys__bluetooth__host.a(hci_core.c.obj)
 .text.init_work
                0x0000000000003c2c       0x18 zephyr/subsys/bluetooth/host/libsubsys__bluetooth__host.a(hci_core.c.obj)
 .text.bt_enable
                0x0000000000003c44       0xac zephyr/subsys/bluetooth/host/libsubsys__bluetooth__host.a(hci_core.c.obj)
                0x0000000000003c44                bt_enable
 .text.bt_hci_le_rand
                0x0000000000003cf0       0x54 zephyr/subsys/bluetooth/host/libsubsys__bluetooth__host.a(hci_core.c.obj)
                0x0000000000003cf0                bt_hci_le_rand
 .text.bt_hci_disconnect
                0x0000000000003d44       0x38 zephyr/subsys/bluetooth/host/libsubsys__bluetooth__host.a(hci_core.c.obj)
                0x0000000000003d44                bt_hci_disconnect
 .text.bt_hci_le_enh_conn_complete
                0x0000000000003d7c      0x1c8 zephyr/subsys/bluetooth/host/libsubsys__bluetooth__host.a(hci_core.c.obj)
                0x0000000000003d7c                bt_hci_le_enh_conn_complete
 .text.le_legacy_conn_complete
                0x0000000000003f44       0x9c zephyr/subsys/bluetooth/host/libsubsys__bluetooth__host.a(hci_core.c.obj)
 .text.bt_hci_le_read_remote_features
                0x0000000000003fe0       0x38 zephyr/subsys/bluetooth/host/libsubsys__bluetooth__host.a(hci_core.c.obj)
                0x0000000000003fe0                bt_hci_le_read_remote_features
 .text.hci_cmd_status
                0x0000000000004018       0x38 zephyr/subsys/bluetooth/host/libsubsys__bluetooth__host.a(hci_core.c.obj)
 .text.hci_cmd_complete
                0x0000000000004050       0x84 zephyr/subsys/bluetooth/host/libsubsys__bluetooth__host.a(hci_core.c.obj)
 .text.bt_hci_evt_create
                0x00000000000040d4       0x4c zephyr/subsys/bluetooth/host/libsubsys__bluetooth__host.a(hci_common.c.obj)
                0x00000000000040d4                bt_hci_evt_create
 .text.id_find  0x0000000000004120       0x38 zephyr/subsys/bluetooth/host/libsubsys__bluetooth__host.a(id.c.obj)
 .text.set_random_address
                0x0000000000004158       0x78 zephyr/subsys/bluetooth/host/libsubsys__bluetooth__host.a(id.c.obj)
 .text.id_create.constprop.0
                0x00000000000041d0       0x60 zephyr/subsys/bluetooth/host/libsubsys__bluetooth__host.a(id.c.obj)
 .text.bt_id_create
                0x0000000000004230       0x9c zephyr/subsys/bluetooth/host/libsubsys__bluetooth__host.a(id.c.obj)
                0x0000000000004230                bt_id_create
 .text.bt_id_read_public_addr
                0x00000000000042cc       0x7c zephyr/subsys/bluetooth/host/libsubsys__bluetooth__host.a(id.c.obj)
                0x00000000000042cc                bt_id_read_public_addr
 .text.bt_setup_public_id_addr
                0x0000000000004348       0x20 zephyr/subsys/bluetooth/host/libsubsys__bluetooth__host.a(id.c.obj)
                0x0000000000004348                bt_setup_public_id_addr
 .text.bt_setup_random_id_addr
                0x0000000000004368       0xc4 zephyr/subsys/bluetooth/host/libsubsys__bluetooth__host.a(id.c.obj)
                0x0000000000004368                bt_setup_random_id_addr
 .text.bt_id_set_adv_own_addr
                0x000000000000442c       0xcc zephyr/subsys/bluetooth/host/libsubsys__bluetooth__host.a(id.c.obj)
                0x000000000000442c                bt_id_set_adv_own_addr
 .text.bt_id_init
                0x00000000000044f8       0x54 zephyr/subsys/bluetooth/host/libsubsys__bluetooth__host.a(id.c.obj)
                0x00000000000044f8                bt_id_init
 .text.hci_set_ad
                0x000000000000454c       0xc8 zephyr/subsys/bluetooth/host/libsubsys__bluetooth__host.a(adv.c.obj)
 .text.adv_is_directed
                0x0000000000004614       0x18 zephyr/subsys/bluetooth/host/libsubsys__bluetooth__host.a(adv.c.obj)
 .text.le_adv_start_add_conn
                0x000000000000462c       0x60 zephyr/subsys/bluetooth/host/libsubsys__bluetooth__host.a(adv.c.obj)
 .text.valid_adv_param
                0x000000000000468c       0x9c zephyr/subsys/bluetooth/host/libsubsys__bluetooth__host.a(adv.c.obj)
 .text.le_adv_update.constprop.0
                0x0000000000004728       0xe0 zephyr/subsys/bluetooth/host/libsubsys__bluetooth__host.a(adv.c.obj)
 .text.get_adv_name_type_param
                0x0000000000004808       0x24 zephyr/subsys/bluetooth/host/libsubsys__bluetooth__host.a(adv.c.obj)
                0x0000000000004808                get_adv_name_type_param
 .text.bt_le_adv_lookup_legacy
                0x000000000000482c        0x8 zephyr/subsys/bluetooth/host/libsubsys__bluetooth__host.a(adv.c.obj)
                0x000000000000482c                bt_le_adv_lookup_legacy
 .text.bt_le_adv_set_enable_legacy
                0x0000000000004834       0x4c zephyr/subsys/bluetooth/host/libsubsys__bluetooth__host.a(adv.c.obj)
                0x0000000000004834                bt_le_adv_set_enable_legacy
 .text.bt_le_adv_start_legacy
                0x0000000000004880      0x250 zephyr/subsys/bluetooth/host/libsubsys__bluetooth__host.a(adv.c.obj)
                0x0000000000004880                bt_le_adv_start_legacy
 .text.bt_le_adv_start
                0x0000000000004ad0       0x6c zephyr/subsys/bluetooth/host/libsubsys__bluetooth__host.a(adv.c.obj)
                0x0000000000004ad0                bt_le_adv_start
 .text.bt_le_adv_stop
                0x0000000000004b3c       0x84 zephyr/subsys/bluetooth/host/libsubsys__bluetooth__host.a(adv.c.obj)
                0x0000000000004b3c                bt_le_adv_stop
 .text.adv_timeout
                0x0000000000004bc0       0x20 zephyr/subsys/bluetooth/host/libsubsys__bluetooth__host.a(adv.c.obj)
 .text.bt_le_adv_resume
                0x0000000000004be0       0xe0 zephyr/subsys/bluetooth/host/libsubsys__bluetooth__host.a(adv.c.obj)
                0x0000000000004be0                bt_le_adv_resume
 .text.notify_connected
                0x0000000000004cc0       0x44 zephyr/subsys/bluetooth/host/libsubsys__bluetooth__host.a(conn.c.obj)
 .text.frag_destroy
                0x0000000000004d04       0x20 zephyr/subsys/bluetooth/host/libsubsys__bluetooth__host.a(conn.c.obj)
                0x0000000000004d04                frag_destroy
 .text.conn_tx_destroy
                0x0000000000004d24       0x28 zephyr/subsys/bluetooth/host/libsubsys__bluetooth__host.a(conn.c.obj)
 .text.get_data_frag
                0x0000000000004d4c       0x38 zephyr/subsys/bluetooth/host/libsubsys__bluetooth__host.a(conn.c.obj)
 .text.perform_auto_initiated_procedures.part.0
                0x0000000000004d84       0x20 zephyr/subsys/bluetooth/host/libsubsys__bluetooth__host.a(conn.c.obj)
 .text.recycled_work_handler
                0x0000000000004da4       0x54 zephyr/subsys/bluetooth/host/libsubsys__bluetooth__host.a(conn.c.obj)
 .text.tx_notify_process
                0x0000000000004df8       0x5c zephyr/subsys/bluetooth/host/libsubsys__bluetooth__host.a(conn.c.obj)
 .text.bt_conn_get_pkts
                0x0000000000004e54       0x18 zephyr/subsys/bluetooth/host/libsubsys__bluetooth__host.a(conn.c.obj)
                0x0000000000004e54                bt_conn_get_pkts
 .text.bt_conn_tx_notify
                0x0000000000004e6c       0x40 zephyr/subsys/bluetooth/host/libsubsys__bluetooth__host.a(conn.c.obj)
                0x0000000000004e6c                bt_conn_tx_notify
 .text.bt_conn_new
                0x0000000000004eac       0x58 zephyr/subsys/bluetooth/host/libsubsys__bluetooth__host.a(conn.c.obj)
                0x0000000000004eac                bt_conn_new
 .text.bt_conn_recv
                0x0000000000004f04      0x114 zephyr/subsys/bluetooth/host/libsubsys__bluetooth__host.a(conn.c.obj)
                0x0000000000004f04                bt_conn_recv
 .text.bt_conn_data_ready
                0x0000000000005018       0x38 zephyr/subsys/bluetooth/host/libsubsys__bluetooth__host.a(conn.c.obj)
                0x0000000000005018                bt_conn_data_ready
 .text.get_conn_ready
                0x0000000000005050       0xcc zephyr/subsys/bluetooth/host/libsubsys__bluetooth__host.a(conn.c.obj)
                0x0000000000005050                get_conn_ready
 .text.bt_conn_unref
                0x000000000000511c       0x3c zephyr/subsys/bluetooth/host/libsubsys__bluetooth__host.a(conn.c.obj)
                0x000000000000511c                bt_conn_unref
 .text.bt_conn_set_state
                0x0000000000005158      0x18c zephyr/subsys/bluetooth/host/libsubsys__bluetooth__host.a(conn.c.obj)
                0x0000000000005158                bt_conn_set_state
 .text.bt_conn_lookup_handle
                0x00000000000052e4       0x40 zephyr/subsys/bluetooth/host/libsubsys__bluetooth__host.a(conn.c.obj)
                0x00000000000052e4                bt_conn_lookup_handle
 .text.bt_conn_foreach
                0x0000000000005324       0x2c zephyr/subsys/bluetooth/host/libsubsys__bluetooth__host.a(conn.c.obj)
                0x0000000000005324                bt_conn_foreach
 .text.auto_initiated_procedures
                0x0000000000005350       0x14 zephyr/subsys/bluetooth/host/libsubsys__bluetooth__host.a(conn.c.obj)
 .text.bt_conn_index
                0x0000000000005364       0x18 zephyr/subsys/bluetooth/host/libsubsys__bluetooth__host.a(conn.c.obj)
                0x0000000000005364                bt_conn_index
 .text.bt_conn_create_pdu_timeout
                0x000000000000537c       0x5c zephyr/subsys/bluetooth/host/libsubsys__bluetooth__host.a(conn.c.obj)
                0x000000000000537c                bt_conn_create_pdu_timeout
 .text.bt_conn_connected
                0x00000000000053d8       0x1c zephyr/subsys/bluetooth/host/libsubsys__bluetooth__host.a(conn.c.obj)
                0x00000000000053d8                bt_conn_connected
 .text.bt_conn_tx_processor
                0x00000000000053f4      0x270 zephyr/subsys/bluetooth/host/libsubsys__bluetooth__host.a(conn.c.obj)
                0x00000000000053f4                bt_conn_tx_processor
 .text.notify_le_param_updated
                0x0000000000005664       0xa4 zephyr/subsys/bluetooth/host/libsubsys__bluetooth__host.a(conn.c.obj)
                0x0000000000005664                notify_le_param_updated
 .text.le_param_req
                0x0000000000005708       0x74 zephyr/subsys/bluetooth/host/libsubsys__bluetooth__host.a(conn.c.obj)
                0x0000000000005708                le_param_req
 .text.bt_conn_cb_register
                0x000000000000577c       0x34 zephyr/subsys/bluetooth/host/libsubsys__bluetooth__host.a(conn.c.obj)
                0x000000000000577c                bt_conn_cb_register
 .text.bt_conn_add_le
                0x00000000000057b0       0x50 zephyr/subsys/bluetooth/host/libsubsys__bluetooth__host.a(conn.c.obj)
                0x00000000000057b0                bt_conn_add_le
 .text.bt_conn_lookup_addr_le
                0x0000000000005800       0x34 zephyr/subsys/bluetooth/host/libsubsys__bluetooth__host.a(conn.c.obj)
                0x0000000000005800                bt_conn_lookup_addr_le
 .text.bt_conn_exists_le
                0x0000000000005834       0x74 zephyr/subsys/bluetooth/host/libsubsys__bluetooth__host.a(conn.c.obj)
                0x0000000000005834                bt_conn_exists_le
 .text.bt_conn_lookup_state_le
                0x00000000000058a8       0x48 zephyr/subsys/bluetooth/host/libsubsys__bluetooth__host.a(conn.c.obj)
                0x00000000000058a8                bt_conn_lookup_state_le
 .text.bt_conn_le_conn_update
                0x00000000000058f0       0x64 zephyr/subsys/bluetooth/host/libsubsys__bluetooth__host.a(conn.c.obj)
                0x00000000000058f0                bt_conn_le_conn_update
 .text.send_conn_le_param_update
                0x0000000000005954       0x6c zephyr/subsys/bluetooth/host/libsubsys__bluetooth__host.a(conn.c.obj)
 .text.deferred_work
                0x00000000000059c0       0xe4 zephyr/subsys/bluetooth/host/libsubsys__bluetooth__host.a(conn.c.obj)
 .text.bt_conn_init
                0x0000000000005aa4       0x48 zephyr/subsys/bluetooth/host/libsubsys__bluetooth__host.a(conn.c.obj)
                0x0000000000005aa4                bt_conn_init
 .text.l2cap_create_le_sig_pdu.part.0
                0x0000000000005aec       0x1c zephyr/subsys/bluetooth/host/libsubsys__bluetooth__host.a(l2cap.c.obj)
 .text.l2cap_accept.part.0
                0x0000000000005b08       0x30 zephyr/subsys/bluetooth/host/libsubsys__bluetooth__host.a(l2cap.c.obj)
 .text.l2cap_accept
                0x0000000000005b38       0x24 zephyr/subsys/bluetooth/host/libsubsys__bluetooth__host.a(l2cap.c.obj)
 .text.bt_l2cap_connected
                0x0000000000005b5c       0x94 zephyr/subsys/bluetooth/host/libsubsys__bluetooth__host.a(l2cap.c.obj)
                0x0000000000005b5c                bt_l2cap_connected
 .text.bt_l2cap_send_pdu
                0x0000000000005bf0       0x74 zephyr/subsys/bluetooth/host/libsubsys__bluetooth__host.a(l2cap.c.obj)
                0x0000000000005bf0                bt_l2cap_send_pdu
 .text.l2cap_data_pull
                0x0000000000005c64      0x128 zephyr/subsys/bluetooth/host/libsubsys__bluetooth__host.a(l2cap.c.obj)
                0x0000000000005c64                l2cap_data_pull
 .text.l2cap_recv.part.0
                0x0000000000005d8c       0x98 zephyr/subsys/bluetooth/host/libsubsys__bluetooth__host.a(l2cap.c.obj)
 .text.l2cap_recv
                0x0000000000005e24       0x24 zephyr/subsys/bluetooth/host/libsubsys__bluetooth__host.a(l2cap.c.obj)
 .text.bt_l2cap_recv
                0x0000000000005e48       0x60 zephyr/subsys/bluetooth/host/libsubsys__bluetooth__host.a(l2cap.c.obj)
                0x0000000000005e48                bt_l2cap_recv
 .text.bt_l2cap_update_conn_param
                0x0000000000005ea8       0x64 zephyr/subsys/bluetooth/host/libsubsys__bluetooth__host.a(l2cap.c.obj)
                0x0000000000005ea8                bt_l2cap_update_conn_param
 .text.att_op_get_type
                0x0000000000005f0c       0x78 zephyr/subsys/bluetooth/host/libsubsys__bluetooth__host.a(att.c.obj)
 .text.bt_att_released
                0x0000000000005f84       0x14 zephyr/subsys/bluetooth/host/libsubsys__bluetooth__host.a(att.c.obj)
 .text.bt_att_connected
                0x0000000000005f98       0x2c zephyr/subsys/bluetooth/host/libsubsys__bluetooth__host.a(att.c.obj)
 .text.read_group_cb
                0x0000000000005fc4       0xcc zephyr/subsys/bluetooth/host/libsubsys__bluetooth__host.a(att.c.obj)
 .text.bt_att_accept
                0x0000000000006090      0x11c zephyr/subsys/bluetooth/host/libsubsys__bluetooth__host.a(att.c.obj)
 .text.read_type_cb
                0x00000000000061ac       0xac zephyr/subsys/bluetooth/host/libsubsys__bluetooth__host.a(att.c.obj)
 .text.bt_att_chan_create_pdu
                0x0000000000006258       0x94 zephyr/subsys/bluetooth/host/libsubsys__bluetooth__host.a(att.c.obj)
 .text.find_type_cb
                0x00000000000062ec      0x188 zephyr/subsys/bluetooth/host/libsubsys__bluetooth__host.a(att.c.obj)
 .text.chan_send
                0x0000000000006474       0xec zephyr/subsys/bluetooth/host/libsubsys__bluetooth__host.a(att.c.obj)
 .text.att_tx_destroy
                0x0000000000006560      0x104 zephyr/subsys/bluetooth/host/libsubsys__bluetooth__host.a(att.c.obj)
 .text.bt_att_recv
                0x0000000000006664       0xc8 zephyr/subsys/bluetooth/host/libsubsys__bluetooth__host.a(att.c.obj)
 .text.att_write_rsp.constprop.0
                0x000000000000672c       0xcc zephyr/subsys/bluetooth/host/libsubsys__bluetooth__host.a(att.c.obj)
 .text.att_get  0x00000000000067f8       0x50 zephyr/subsys/bluetooth/host/libsubsys__bluetooth__host.a(att.c.obj)
 .text.bt_att_create_pdu
                0x0000000000006848       0x70 zephyr/subsys/bluetooth/host/libsubsys__bluetooth__host.a(att.c.obj)
                0x0000000000006848                bt_att_create_pdu
 .text.bt_att_create_rsp_pdu
                0x00000000000068b8       0x60 zephyr/subsys/bluetooth/host/libsubsys__bluetooth__host.a(att.c.obj)
                0x00000000000068b8                bt_att_create_rsp_pdu
 .text.att_read_group_req
                0x0000000000006918      0x100 zephyr/subsys/bluetooth/host/libsubsys__bluetooth__host.a(att.c.obj)
 .text.att_read_mult_vl_req
                0x0000000000006a18       0x94 zephyr/subsys/bluetooth/host/libsubsys__bluetooth__host.a(att.c.obj)
 .text.att_read_mult_req
                0x0000000000006aac       0x94 zephyr/subsys/bluetooth/host/libsubsys__bluetooth__host.a(att.c.obj)
 .text.att_read_rsp
                0x0000000000006b40       0x94 zephyr/subsys/bluetooth/host/libsubsys__bluetooth__host.a(att.c.obj)
 .text.att_read_type_req
                0x0000000000006bd4       0xfc zephyr/subsys/bluetooth/host/libsubsys__bluetooth__host.a(att.c.obj)
 .text.att_find_type_req
                0x0000000000006cd0       0xd0 zephyr/subsys/bluetooth/host/libsubsys__bluetooth__host.a(att.c.obj)
 .text.att_find_info_req
                0x0000000000006da0       0x80 zephyr/subsys/bluetooth/host/libsubsys__bluetooth__host.a(att.c.obj)
 .text.bt_att_req_alloc
                0x0000000000006e20       0x48 zephyr/subsys/bluetooth/host/libsubsys__bluetooth__host.a(att.c.obj)
                0x0000000000006e20                bt_att_req_alloc
 .text.bt_att_req_free
                0x0000000000006e68       0x20 zephyr/subsys/bluetooth/host/libsubsys__bluetooth__host.a(att.c.obj)
                0x0000000000006e68                bt_att_req_free
 .text.att_handle_rsp
                0x0000000000006e88       0x70 zephyr/subsys/bluetooth/host/libsubsys__bluetooth__host.a(att.c.obj)
 .text.bt_att_disconnected
                0x0000000000006ef8       0xb4 zephyr/subsys/bluetooth/host/libsubsys__bluetooth__host.a(att.c.obj)
 .text.att_timeout
                0x0000000000006fac       0xec zephyr/subsys/bluetooth/host/libsubsys__bluetooth__host.a(att.c.obj)
 .text.bt_att_set_tx_meta_data
                0x0000000000007098       0x24 zephyr/subsys/bluetooth/host/libsubsys__bluetooth__host.a(att.c.obj)
                0x0000000000007098                bt_att_set_tx_meta_data
 .text.find_cf_cfg
                0x00000000000070bc       0x34 zephyr/subsys/bluetooth/host/libsubsys__bluetooth__host.a(gatt.c.obj)
 .text.find_sc_cfg
                0x00000000000070f0       0x28 zephyr/subsys/bluetooth/host/libsubsys__bluetooth__host.a(gatt.c.obj)
 .text.find_ccc_cfg
                0x0000000000007118       0x2c zephyr/subsys/bluetooth/host/libsubsys__bluetooth__host.a(gatt.c.obj)
 .text.bt_gatt_attr_write_ccc
                0x0000000000007144       0xb8 zephyr/subsys/bluetooth/host/libsubsys__bluetooth__host.a(gatt.c.obj)
                0x0000000000007144                bt_gatt_attr_write_ccc
 .text.db_hash_update.part.0
                0x00000000000071fc       0x1c zephyr/subsys/bluetooth/host/libsubsys__bluetooth__host.a(gatt.c.obj)
 .text.gen_hash_m
                0x0000000000007218       0xb8 zephyr/subsys/bluetooth/host/libsubsys__bluetooth__host.a(gatt.c.obj)
 .text.clear_cf_cfg
                0x00000000000072d0       0x20 zephyr/subsys/bluetooth/host/libsubsys__bluetooth__host.a(gatt.c.obj)
 .text.sc_save  0x00000000000072f0       0x60 zephyr/subsys/bluetooth/host/libsubsys__bluetooth__host.a(gatt.c.obj)
 .text.disconnected_cb
                0x0000000000007350       0xa0 zephyr/subsys/bluetooth/host/libsubsys__bluetooth__host.a(gatt.c.obj)
 .text.read_ppcp
                0x00000000000073f0       0x38 zephyr/subsys/bluetooth/host/libsubsys__bluetooth__host.a(gatt.c.obj)
 .text.cf_read  0x0000000000007428       0x48 zephyr/subsys/bluetooth/host/libsubsys__bluetooth__host.a(gatt.c.obj)
 .text.cf_write
                0x0000000000007470       0x90 zephyr/subsys/bluetooth/host/libsubsys__bluetooth__host.a(gatt.c.obj)
 .text.sc_indicate_rsp
                0x0000000000007500       0x4c zephyr/subsys/bluetooth/host/libsubsys__bluetooth__host.a(gatt.c.obj)
 .text.bt_gatt_init
                0x000000000000754c       0x84 zephyr/subsys/bluetooth/host/libsubsys__bluetooth__host.a(gatt.c.obj)
                0x000000000000754c                bt_gatt_init
 .text.bt_gatt_attr_get_handle
                0x00000000000075d0       0x68 zephyr/subsys/bluetooth/host/libsubsys__bluetooth__host.a(gatt.c.obj)
                0x00000000000075d0                bt_gatt_attr_get_handle
 .text.bt_gatt_attr_value_handle
                0x0000000000007638       0x38 zephyr/subsys/bluetooth/host/libsubsys__bluetooth__host.a(gatt.c.obj)
                0x0000000000007638                bt_gatt_attr_value_handle
 .text.bt_gatt_foreach_attr_type
                0x0000000000007670       0xb8 zephyr/subsys/bluetooth/host/libsubsys__bluetooth__host.a(gatt.c.obj)
                0x0000000000007670                bt_gatt_foreach_attr_type
 .text.db_hash_gen
                0x0000000000007728       0x88 zephyr/subsys/bluetooth/host/libsubsys__bluetooth__host.a(gatt.c.obj)
 .text.db_hash_read
                0x00000000000077b0       0x7c zephyr/subsys/bluetooth/host/libsubsys__bluetooth__host.a(gatt.c.obj)
 .text.db_hash_process
                0x000000000000782c       0x18 zephyr/subsys/bluetooth/host/libsubsys__bluetooth__host.a(gatt.c.obj)
 .text.bt_gatt_attr_next
                0x0000000000007844       0x20 zephyr/subsys/bluetooth/host/libsubsys__bluetooth__host.a(gatt.c.obj)
                0x0000000000007844                bt_gatt_attr_next
 .text.bt_gatt_is_subscribed
                0x0000000000007864       0xf4 zephyr/subsys/bluetooth/host/libsubsys__bluetooth__host.a(gatt.c.obj)
                0x0000000000007864                bt_gatt_is_subscribed
 .text.gatt_indicate
                0x0000000000007958       0xe0 zephyr/subsys/bluetooth/host/libsubsys__bluetooth__host.a(gatt.c.obj)
 .text.bt_gatt_indicate
                0x0000000000007a38       0xe8 zephyr/subsys/bluetooth/host/libsubsys__bluetooth__host.a(gatt.c.obj)
                0x0000000000007a38                bt_gatt_indicate
 .text.sc_process
                0x0000000000007b20       0x4c zephyr/subsys/bluetooth/host/libsubsys__bluetooth__host.a(gatt.c.obj)
 .text.update_ccc
                0x0000000000007b6c       0xe8 zephyr/subsys/bluetooth/host/libsubsys__bluetooth__host.a(gatt.c.obj)
 .text.gatt_notify
                0x0000000000007c54       0xa8 zephyr/subsys/bluetooth/host/libsubsys__bluetooth__host.a(gatt.c.obj)
 .text.bt_gatt_notify_cb
                0x0000000000007cfc       0xe0 zephyr/subsys/bluetooth/host/libsubsys__bluetooth__host.a(gatt.c.obj)
                0x0000000000007cfc                bt_gatt_notify_cb
 .text.notify_cb
                0x0000000000007ddc      0x12c zephyr/subsys/bluetooth/host/libsubsys__bluetooth__host.a(gatt.c.obj)
 .text.bt_gatt_connected
                0x0000000000007f08       0x1c zephyr/subsys/bluetooth/host/libsubsys__bluetooth__host.a(gatt.c.obj)
                0x0000000000007f08                bt_gatt_connected
 .text.bt_gatt_att_max_mtu_changed
                0x0000000000007f24       0x2c zephyr/subsys/bluetooth/host/libsubsys__bluetooth__host.a(gatt.c.obj)
                0x0000000000007f24                bt_gatt_att_max_mtu_changed
 .text.bt_gatt_disconnected
                0x0000000000007f50       0x44 zephyr/subsys/bluetooth/host/libsubsys__bluetooth__host.a(gatt.c.obj)
                0x0000000000007f50                bt_gatt_disconnected
 .text.bt_smp_accept.part.0
                0x0000000000007f94       0x30 zephyr/subsys/bluetooth/host/libsubsys__bluetooth__host.a(smp_null.c.obj)
 .text.bt_smp_accept
                0x0000000000007fc4       0x24 zephyr/subsys/bluetooth/host/libsubsys__bluetooth__host.a(smp_null.c.obj)
 .text.mem_init
                0x0000000000007fe8       0x64 zephyr/subsys/bluetooth/controller/libsubsys__bluetooth__controller.a(mem.c.obj)
                0x0000000000007fe8                mem_init
 .text.mem_acquire
                0x000000000000804c       0x34 zephyr/subsys/bluetooth/controller/libsubsys__bluetooth__controller.a(mem.c.obj)
                0x000000000000804c                mem_acquire
 .text.mem_release
                0x0000000000008080       0x34 zephyr/subsys/bluetooth/controller/libsubsys__bluetooth__controller.a(mem.c.obj)
                0x0000000000008080                mem_release
 .text.mem_get  0x00000000000080b4        0x8 zephyr/subsys/bluetooth/controller/libsubsys__bluetooth__controller.a(mem.c.obj)
                0x00000000000080b4                mem_get
 .text.mem_index_get
                0x00000000000080bc       0x10 zephyr/subsys/bluetooth/controller/libsubsys__bluetooth__controller.a(mem.c.obj)
                0x00000000000080bc                mem_index_get
 .text.mem_rcopy
                0x00000000000080cc       0x1c zephyr/subsys/bluetooth/controller/libsubsys__bluetooth__controller.a(mem.c.obj)
                0x00000000000080cc                mem_rcopy
 .text.mem_nz   0x00000000000080e8       0x20 zephyr/subsys/bluetooth/controller/libsubsys__bluetooth__controller.a(mem.c.obj)
                0x00000000000080e8                mem_nz
 .text.memq_init
                0x0000000000008108        0x8 zephyr/subsys/bluetooth/controller/libsubsys__bluetooth__controller.a(memq.c.obj)
                0x0000000000008108                memq_init
 .text.memq_deinit
                0x0000000000008110       0x18 zephyr/subsys/bluetooth/controller/libsubsys__bluetooth__controller.a(memq.c.obj)
                0x0000000000008110                memq_deinit
 .text.memq_enqueue
                0x0000000000008128        0xc zephyr/subsys/bluetooth/controller/libsubsys__bluetooth__controller.a(memq.c.obj)
                0x0000000000008128                memq_enqueue
 .text.memq_peek
                0x0000000000008134       0x14 zephyr/subsys/bluetooth/controller/libsubsys__bluetooth__controller.a(memq.c.obj)
                0x0000000000008134                memq_peek
 .text.memq_dequeue
                0x0000000000008148       0x20 zephyr/subsys/bluetooth/controller/libsubsys__bluetooth__controller.a(memq.c.obj)
                0x0000000000008148                memq_dequeue
 .text.mayfly_init
                0x0000000000008168       0x44 zephyr/subsys/bluetooth/controller/libsubsys__bluetooth__controller.a(mayfly.c.obj)
                0x0000000000008168                mayfly_init
 .text.mayfly_enable
                0x00000000000081ac       0x60 zephyr/subsys/bluetooth/controller/libsubsys__bluetooth__controller.a(mayfly.c.obj)
                0x00000000000081ac                mayfly_enable
 .text.mayfly_enqueue
                0x000000000000820c       0xe0 zephyr/subsys/bluetooth/controller/libsubsys__bluetooth__controller.a(mayfly.c.obj)
                0x000000000000820c                mayfly_enqueue
 .text.mayfly_run
                0x00000000000082ec      0x178 zephyr/subsys/bluetooth/controller/libsubsys__bluetooth__controller.a(mayfly.c.obj)
                0x00000000000082ec                mayfly_run
 .text.util_ones_count_get
                0x0000000000008464       0x30 zephyr/subsys/bluetooth/controller/libsubsys__bluetooth__controller.a(util.c.obj)
                0x0000000000008464                util_ones_count_get
 .text.ticker_dequeue
                0x0000000000008494       0x68 zephyr/subsys/bluetooth/controller/libsubsys__bluetooth__controller.a(ticker.c.obj)
 .text.ticks_to_expire_prep
                0x00000000000084fc       0x3c zephyr/subsys/bluetooth/controller/libsubsys__bluetooth__controller.a(ticker.c.obj)
 .text.ticker_job_list_insert
                0x0000000000008538      0x3f8 zephyr/subsys/bluetooth/controller/libsubsys__bluetooth__controller.a(ticker.c.obj)
 .text.ticker_worker
                0x0000000000008930       0xd8 zephyr/subsys/bluetooth/controller/libsubsys__bluetooth__controller.a(ticker.c.obj)
                0x0000000000008930                ticker_worker
 .text.ticker_job
                0x0000000000008a08      0x764 zephyr/subsys/bluetooth/controller/libsubsys__bluetooth__controller.a(ticker.c.obj)
                0x0000000000008a08                ticker_job
 .text.ticker_init
                0x000000000000916c       0x6c zephyr/subsys/bluetooth/controller/libsubsys__bluetooth__controller.a(ticker.c.obj)
                0x000000000000916c                ticker_init
 .text.ticker_trigger
                0x00000000000091d8       0x20 zephyr/subsys/bluetooth/controller/libsubsys__bluetooth__controller.a(ticker.c.obj)
                0x00000000000091d8                ticker_trigger
 .text.ticker_start_us
                0x00000000000091f8       0x8c zephyr/subsys/bluetooth/controller/libsubsys__bluetooth__controller.a(ticker.c.obj)
                0x00000000000091f8                ticker_start_us
 .text.ticker_start
                0x0000000000009284       0x38 zephyr/subsys/bluetooth/controller/libsubsys__bluetooth__controller.a(ticker.c.obj)
                0x0000000000009284                ticker_start
 .text.ticker_update
                0x00000000000092bc       0x8c zephyr/subsys/bluetooth/controller/libsubsys__bluetooth__controller.a(ticker.c.obj)
                0x00000000000092bc                ticker_update
 .text.ticker_stop
                0x0000000000009348       0x5c zephyr/subsys/bluetooth/controller/libsubsys__bluetooth__controller.a(ticker.c.obj)
                0x0000000000009348                ticker_stop
 .text.ticker_stop_abs
                0x00000000000093a4       0x60 zephyr/subsys/bluetooth/controller/libsubsys__bluetooth__controller.a(ticker.c.obj)
                0x00000000000093a4                ticker_stop_abs
 .text.ticker_job_idle_get
                0x0000000000009404       0x5c zephyr/subsys/bluetooth/controller/libsubsys__bluetooth__controller.a(ticker.c.obj)
                0x0000000000009404                ticker_job_idle_get
 .text.ticker_ticks_now_get
                0x0000000000009460        0x8 zephyr/subsys/bluetooth/controller/libsubsys__bluetooth__controller.a(ticker.c.obj)
                0x0000000000009460                ticker_ticks_now_get
 .text.ticker_ticks_diff_get
                0x0000000000009468        0x8 zephyr/subsys/bluetooth/controller/libsubsys__bluetooth__controller.a(ticker.c.obj)
                0x0000000000009468                ticker_ticks_diff_get
 .text.ll_feat_get
                0x0000000000009470        0xc zephyr/subsys/bluetooth/controller/libsubsys__bluetooth__controller.a(ll_feat.c.obj)
                0x0000000000009470                ll_feat_get
 .text.ll_tx_pwr_lvl_get
                0x000000000000947c       0x24 zephyr/subsys/bluetooth/controller/libsubsys__bluetooth__controller.a(ll_tx_pwr.c.obj)
                0x000000000000947c                ll_tx_pwr_lvl_get
 .text.ll_tx_pwr_get
                0x00000000000094a0        0x8 zephyr/subsys/bluetooth/controller/libsubsys__bluetooth__controller.a(ll_tx_pwr.c.obj)
                0x00000000000094a0                ll_tx_pwr_get
 .text.ll_addr_set
                0x00000000000094a8       0x44 zephyr/subsys/bluetooth/controller/libsubsys__bluetooth__controller.a(ll_addr.c.obj)
                0x00000000000094a8                ll_addr_set
 .text.ll_addr_get
                0x00000000000094ec       0x1c zephyr/subsys/bluetooth/controller/libsubsys__bluetooth__controller.a(ll_addr.c.obj)
                0x00000000000094ec                ll_addr_get
 .text.ll_addr_read
                0x0000000000009508       0x2c zephyr/subsys/bluetooth/controller/libsubsys__bluetooth__controller.a(ll_addr.c.obj)
                0x0000000000009508                ll_addr_read
 .text.perform_lll_reset
                0x0000000000009534       0x94 zephyr/subsys/bluetooth/controller/libsubsys__bluetooth__controller.a(ull.c.obj)
 .text.ull_ticker_status_give
                0x00000000000095c8       0x10 zephyr/subsys/bluetooth/controller/libsubsys__bluetooth__controller.a(ull.c.obj)
                0x00000000000095c8                ull_ticker_status_give
 .text.disabled_cb
                0x00000000000095d8        0x8 zephyr/subsys/bluetooth/controller/libsubsys__bluetooth__controller.a(ull.c.obj)
 .text.tx_cmplt_get
                0x00000000000095e0       0xc8 zephyr/subsys/bluetooth/controller/libsubsys__bluetooth__controller.a(ull.c.obj)
 .text.rx_replenish
                0x00000000000096a8      0x104 zephyr/subsys/bluetooth/controller/libsubsys__bluetooth__controller.a(ull.c.obj)
 .text.rx_demux_yield
                0x00000000000097ac       0x3c zephyr/subsys/bluetooth/controller/libsubsys__bluetooth__controller.a(ull.c.obj)
 .text.init_reset
                0x00000000000097e8      0x148 zephyr/subsys/bluetooth/controller/libsubsys__bluetooth__controller.a(ull.c.obj)
 .text.ll_init  0x0000000000009930       0xdc zephyr/subsys/bluetooth/controller/libsubsys__bluetooth__controller.a(ull.c.obj)
                0x0000000000009930                ll_init
 .text.ll_reset
                0x0000000000009a0c      0x12c zephyr/subsys/bluetooth/controller/libsubsys__bluetooth__controller.a(ull.c.obj)
                0x0000000000009a0c                ll_reset
 .text.ll_deinit
                0x0000000000009b38        0xc zephyr/subsys/bluetooth/controller/libsubsys__bluetooth__controller.a(ull.c.obj)
                0x0000000000009b38                ll_deinit
 .text.ll_rx_get
                0x0000000000009b44      0x118 zephyr/subsys/bluetooth/controller/libsubsys__bluetooth__controller.a(ull.c.obj)
                0x0000000000009b44                ll_rx_get
 .text.ll_rx_dequeue
                0x0000000000009c5c      0x170 zephyr/subsys/bluetooth/controller/libsubsys__bluetooth__controller.a(ull.c.obj)
                0x0000000000009c5c                ll_rx_dequeue
 .text.ll_rx_mem_release
                0x0000000000009dcc      0x15c zephyr/subsys/bluetooth/controller/libsubsys__bluetooth__controller.a(ull.c.obj)
                0x0000000000009dcc                ll_rx_mem_release
 .text.ll_rx_link_alloc
                0x0000000000009f28       0x10 zephyr/subsys/bluetooth/controller/libsubsys__bluetooth__controller.a(ull.c.obj)
                0x0000000000009f28                ll_rx_link_alloc
 .text.ll_rx_link_release
                0x0000000000009f38       0x10 zephyr/subsys/bluetooth/controller/libsubsys__bluetooth__controller.a(ull.c.obj)
                0x0000000000009f38                ll_rx_link_release
 .text.ll_rx_alloc
                0x0000000000009f48       0x10 zephyr/subsys/bluetooth/controller/libsubsys__bluetooth__controller.a(ull.c.obj)
                0x0000000000009f48                ll_rx_alloc
 .text.ll_rx_release
                0x0000000000009f58       0x10 zephyr/subsys/bluetooth/controller/libsubsys__bluetooth__controller.a(ull.c.obj)
                0x0000000000009f58                ll_rx_release
 .text.ll_rx_put
                0x0000000000009f68       0x1c zephyr/subsys/bluetooth/controller/libsubsys__bluetooth__controller.a(ull.c.obj)
                0x0000000000009f68                ll_rx_put
 .text.ll_rx_put_sched
                0x0000000000009f84       0x28 zephyr/subsys/bluetooth/controller/libsubsys__bluetooth__controller.a(ull.c.obj)
                0x0000000000009f84                ll_rx_put_sched
 .text.ll_pdu_rx_alloc_peek
                0x0000000000009fac       0x30 zephyr/subsys/bluetooth/controller/libsubsys__bluetooth__controller.a(ull.c.obj)
                0x0000000000009fac                ll_pdu_rx_alloc_peek
 .text.ll_pdu_rx_alloc
                0x0000000000009fdc       0x2c zephyr/subsys/bluetooth/controller/libsubsys__bluetooth__controller.a(ull.c.obj)
                0x0000000000009fdc                ll_pdu_rx_alloc
 .text.ll_tx_ack_put
                0x000000000000a008       0x64 zephyr/subsys/bluetooth/controller/libsubsys__bluetooth__controller.a(ull.c.obj)
                0x000000000000a008                ll_tx_ack_put
 .text.ll_radio_state_abort
                0x000000000000a06c       0x44 zephyr/subsys/bluetooth/controller/libsubsys__bluetooth__controller.a(ull.c.obj)
                0x000000000000a06c                ll_radio_state_abort
 .text.ull_ticker_status_take
                0x000000000000a0b0       0x24 zephyr/subsys/bluetooth/controller/libsubsys__bluetooth__controller.a(ull.c.obj)
                0x000000000000a0b0                ull_ticker_status_take
 .text.ull_disable_mark
                0x000000000000a0d4       0x18 zephyr/subsys/bluetooth/controller/libsubsys__bluetooth__controller.a(ull.c.obj)
                0x000000000000a0d4                ull_disable_mark
 .text.ull_disable_unmark
                0x000000000000a0ec       0x1c zephyr/subsys/bluetooth/controller/libsubsys__bluetooth__controller.a(ull.c.obj)
                0x000000000000a0ec                ull_disable_unmark
 .text.ull_disable_mark_get
                0x000000000000a108        0xc zephyr/subsys/bluetooth/controller/libsubsys__bluetooth__controller.a(ull.c.obj)
                0x000000000000a108                ull_disable_mark_get
 .text.ull_update_mark
                0x000000000000a114       0x18 zephyr/subsys/bluetooth/controller/libsubsys__bluetooth__controller.a(ull.c.obj)
                0x000000000000a114                ull_update_mark
 .text.ull_update_unmark
                0x000000000000a12c       0x1c zephyr/subsys/bluetooth/controller/libsubsys__bluetooth__controller.a(ull.c.obj)
                0x000000000000a12c                ull_update_unmark
 .text.ull_update_mark_get
                0x000000000000a148        0xc zephyr/subsys/bluetooth/controller/libsubsys__bluetooth__controller.a(ull.c.obj)
                0x000000000000a148                ull_update_mark_get
 .text.ull_disable
                0x000000000000a154       0x80 zephyr/subsys/bluetooth/controller/libsubsys__bluetooth__controller.a(ull.c.obj)
                0x000000000000a154                ull_disable
 .text.ull_ticker_stop_with_mark
                0x000000000000a1d4       0xa4 zephyr/subsys/bluetooth/controller/libsubsys__bluetooth__controller.a(ull.c.obj)
                0x000000000000a1d4                ull_ticker_stop_with_mark
 .text.ull_pdu_rx_alloc_peek
                0x000000000000a278       0x30 zephyr/subsys/bluetooth/controller/libsubsys__bluetooth__controller.a(ull.c.obj)
                0x000000000000a278                ull_pdu_rx_alloc_peek
 .text.ull_pdu_rx_alloc
                0x000000000000a2a8       0x2c zephyr/subsys/bluetooth/controller/libsubsys__bluetooth__controller.a(ull.c.obj)
                0x000000000000a2a8                ull_pdu_rx_alloc
 .text.ull_rx_put
                0x000000000000a2d4       0x1c zephyr/subsys/bluetooth/controller/libsubsys__bluetooth__controller.a(ull.c.obj)
                0x000000000000a2d4                ull_rx_put
 .text.ull_rx_sched
                0x000000000000a2f0       0x14 zephyr/subsys/bluetooth/controller/libsubsys__bluetooth__controller.a(ull.c.obj)
                0x000000000000a2f0                ull_rx_sched
 .text.ull_rx_put_sched
                0x000000000000a304       0x2c zephyr/subsys/bluetooth/controller/libsubsys__bluetooth__controller.a(ull.c.obj)
                0x000000000000a304                ull_rx_put_sched
 .text.ull_prepare_enqueue
                0x000000000000a330       0x80 zephyr/subsys/bluetooth/controller/libsubsys__bluetooth__controller.a(ull.c.obj)
                0x000000000000a330                ull_prepare_enqueue
 .text.ull_prepare_dequeue_get
                0x000000000000a3b0       0x20 zephyr/subsys/bluetooth/controller/libsubsys__bluetooth__controller.a(ull.c.obj)
                0x000000000000a3b0                ull_prepare_dequeue_get
 .text.ull_prepare_dequeue_iter
                0x000000000000a3d0       0x40 zephyr/subsys/bluetooth/controller/libsubsys__bluetooth__controller.a(ull.c.obj)
                0x000000000000a3d0                ull_prepare_dequeue_iter
 .text.ull_prepare_dequeue
                0x000000000000a410      0x15c zephyr/subsys/bluetooth/controller/libsubsys__bluetooth__controller.a(ull.c.obj)
                0x000000000000a410                ull_prepare_dequeue
 .text.rx_demux
                0x000000000000a56c      0x230 zephyr/subsys/bluetooth/controller/libsubsys__bluetooth__controller.a(ull.c.obj)
 .text.ull_event_done_extra_get
                0x000000000000a79c       0x20 zephyr/subsys/bluetooth/controller/libsubsys__bluetooth__controller.a(ull.c.obj)
                0x000000000000a79c                ull_event_done_extra_get
 .text.ull_event_done
                0x000000000000a7bc       0x60 zephyr/subsys/bluetooth/controller/libsubsys__bluetooth__controller.a(ull.c.obj)
                0x000000000000a7bc                ull_event_done
 .text.ull_drift_ticks_get
                0x000000000000a81c       0x90 zephyr/subsys/bluetooth/controller/libsubsys__bluetooth__controller.a(ull.c.obj)
                0x000000000000a81c                ull_drift_ticks_get
 .text.lll_prepare
                0x000000000000a8ac       0x14 zephyr/subsys/bluetooth/controller/libsubsys__bluetooth__controller.a(lll_common.c.obj)
                0x000000000000a8ac                lll_prepare
 .text.lll_resume
                0x000000000000a8c0       0x50 zephyr/subsys/bluetooth/controller/libsubsys__bluetooth__controller.a(lll_common.c.obj)
                0x000000000000a8c0                lll_resume
 .text.hci_driver_close
                0x000000000000a910       0x54 zephyr/subsys/bluetooth/controller/libsubsys__bluetooth__controller.a(hci_driver.c.obj)
 .text.recv_thread
                0x000000000000a964      0x134 zephyr/subsys/bluetooth/controller/libsubsys__bluetooth__controller.a(hci_driver.c.obj)
 .text.hci_driver_open
                0x000000000000aa98       0xd4 zephyr/subsys/bluetooth/controller/libsubsys__bluetooth__controller.a(hci_driver.c.obj)
 .text.bt_recv_prio.isra.0
                0x000000000000ab6c       0x1c zephyr/subsys/bluetooth/controller/libsubsys__bluetooth__controller.a(hci_driver.c.obj)
 .text.prio_recv_thread
                0x000000000000ab88       0xd0 zephyr/subsys/bluetooth/controller/libsubsys__bluetooth__controller.a(hci_driver.c.obj)
 .text.hci_driver_send
                0x000000000000ac58       0x98 zephyr/subsys/bluetooth/controller/libsubsys__bluetooth__controller.a(hci_driver.c.obj)
 .text.hci_recv_fifo_reset
                0x000000000000acf0       0x20 zephyr/subsys/bluetooth/controller/libsubsys__bluetooth__controller.a(hci_driver.c.obj)
                0x000000000000acf0                hci_recv_fifo_reset
 .text.le_remote_feat_complete
                0x000000000000ad10       0x6c zephyr/subsys/bluetooth/controller/libsubsys__bluetooth__controller.a(hci.c.obj)
 .text.hci_vendor_cmd_handle_common
                0x000000000000ad7c      0x198 zephyr/subsys/bluetooth/controller/libsubsys__bluetooth__controller.a(hci.c.obj)
                0x000000000000ad7c                hci_vendor_cmd_handle_common
 .text.hci_cmd_handle
                0x000000000000af14      0x608 zephyr/subsys/bluetooth/controller/libsubsys__bluetooth__controller.a(hci.c.obj)
                0x000000000000af14                hci_cmd_handle
 .text.hci_acl_handle
                0x000000000000b51c      0x128 zephyr/subsys/bluetooth/controller/libsubsys__bluetooth__controller.a(hci.c.obj)
                0x000000000000b51c                hci_acl_handle
 .text.hci_disconn_complete_encode
                0x000000000000b644       0x40 zephyr/subsys/bluetooth/controller/libsubsys__bluetooth__controller.a(hci.c.obj)
                0x000000000000b644                hci_disconn_complete_encode
 .text.hci_disconn_complete_process
                0x000000000000b684       0x10 zephyr/subsys/bluetooth/controller/libsubsys__bluetooth__controller.a(hci.c.obj)
                0x000000000000b684                hci_disconn_complete_process
 .text.hci_acl_encode
                0x000000000000b694       0x84 zephyr/subsys/bluetooth/controller/libsubsys__bluetooth__controller.a(hci.c.obj)
                0x000000000000b694                hci_acl_encode
 .text.hci_evt_encode
                0x000000000000b718      0x474 zephyr/subsys/bluetooth/controller/libsubsys__bluetooth__controller.a(hci.c.obj)
                0x000000000000b718                hci_evt_encode
 .text.hci_num_cmplt_encode
                0x000000000000bb8c       0x34 zephyr/subsys/bluetooth/controller/libsubsys__bluetooth__controller.a(hci.c.obj)
                0x000000000000bb8c                hci_num_cmplt_encode
 .text.hci_get_class
                0x000000000000bbc0       0x30 zephyr/subsys/bluetooth/controller/libsubsys__bluetooth__controller.a(hci.c.obj)
                0x000000000000bbc0                hci_get_class
 .text.hci_init
                0x000000000000bbf0       0x44 zephyr/subsys/bluetooth/controller/libsubsys__bluetooth__controller.a(hci.c.obj)
                0x000000000000bbf0                hci_init
 .text.ticker_stop_cb
                0x000000000000bc34       0x84 zephyr/subsys/bluetooth/controller/libsubsys__bluetooth__controller.a(ull_adv.c.obj)
 .text.disabled_cb
                0x000000000000bcb8       0x98 zephyr/subsys/bluetooth/controller/libsubsys__bluetooth__controller.a(ull_adv.c.obj)
 .text.ticker_stop_op_cb
                0x000000000000bd50       0x48 zephyr/subsys/bluetooth/controller/libsubsys__bluetooth__controller.a(ull_adv.c.obj)
 .text.adv_disable
                0x000000000000bd98       0x88 zephyr/subsys/bluetooth/controller/libsubsys__bluetooth__controller.a(ull_adv.c.obj)
 .text.ticker_update_op_cb
                0x000000000000be20       0x68 zephyr/subsys/bluetooth/controller/libsubsys__bluetooth__controller.a(ull_adv.c.obj)
 .text.init_set.constprop.0
                0x000000000000be88       0x48 zephyr/subsys/bluetooth/controller/libsubsys__bluetooth__controller.a(ull_adv.c.obj)
 .text.conn_release.constprop.0
                0x000000000000bed0       0x88 zephyr/subsys/bluetooth/controller/libsubsys__bluetooth__controller.a(ull_adv.c.obj)
 .text.disable.constprop.0
                0x000000000000bf58      0x164 zephyr/subsys/bluetooth/controller/libsubsys__bluetooth__controller.a(ull_adv.c.obj)
 .text.adv_time_get.constprop.0.isra.0
                0x000000000000c0bc       0x70 zephyr/subsys/bluetooth/controller/libsubsys__bluetooth__controller.a(ull_adv.c.obj)
 .text.ticker_cb
                0x000000000000c12c      0x140 zephyr/subsys/bluetooth/controller/libsubsys__bluetooth__controller.a(ull_adv.c.obj)
 .text.ll_adv_params_set
                0x000000000000c26c      0x1ec zephyr/subsys/bluetooth/controller/libsubsys__bluetooth__controller.a(ull_adv.c.obj)
                0x000000000000c26c                ll_adv_params_set
 .text.ll_adv_enable
                0x000000000000c458      0x328 zephyr/subsys/bluetooth/controller/libsubsys__bluetooth__controller.a(ull_adv.c.obj)
                0x000000000000c458                ll_adv_enable
 .text.ull_adv_init
                0x000000000000c780       0x20 zephyr/subsys/bluetooth/controller/libsubsys__bluetooth__controller.a(ull_adv.c.obj)
                0x000000000000c780                ull_adv_init
 .text.ull_adv_reset
                0x000000000000c7a0        0xc zephyr/subsys/bluetooth/controller/libsubsys__bluetooth__controller.a(ull_adv.c.obj)
                0x000000000000c7a0                ull_adv_reset
 .text.ull_adv_reset_finalize
                0x000000000000c7ac       0x2c zephyr/subsys/bluetooth/controller/libsubsys__bluetooth__controller.a(ull_adv.c.obj)
                0x000000000000c7ac                ull_adv_reset_finalize
 .text.ull_adv_handle_get
                0x000000000000c7d8       0x14 zephyr/subsys/bluetooth/controller/libsubsys__bluetooth__controller.a(ull_adv.c.obj)
                0x000000000000c7d8                ull_adv_handle_get
 .text.ull_adv_lll_handle_get
                0x000000000000c7ec       0x18 zephyr/subsys/bluetooth/controller/libsubsys__bluetooth__controller.a(ull_adv.c.obj)
                0x000000000000c7ec                ull_adv_lll_handle_get
 .text.ull_adv_is_enabled
                0x000000000000c804       0x18 zephyr/subsys/bluetooth/controller/libsubsys__bluetooth__controller.a(ull_adv.c.obj)
                0x000000000000c804                ull_adv_is_enabled
 .text.ull_adv_time_update
                0x000000000000c81c       0xc0 zephyr/subsys/bluetooth/controller/libsubsys__bluetooth__controller.a(ull_adv.c.obj)
                0x000000000000c81c                ull_adv_time_update
 .text.ull_adv_data_set
                0x000000000000c8dc       0xfc zephyr/subsys/bluetooth/controller/libsubsys__bluetooth__controller.a(ull_adv.c.obj)
                0x000000000000c8dc                ull_adv_data_set
 .text.ll_adv_data_set
                0x000000000000c9d8       0x14 zephyr/subsys/bluetooth/controller/libsubsys__bluetooth__controller.a(ull_adv.c.obj)
                0x000000000000c9d8                ll_adv_data_set
 .text.ull_scan_rsp_set
                0x000000000000c9ec       0xdc zephyr/subsys/bluetooth/controller/libsubsys__bluetooth__controller.a(ull_adv.c.obj)
                0x000000000000c9ec                ull_scan_rsp_set
 .text.ll_adv_scan_rsp_set
                0x000000000000cac8       0x14 zephyr/subsys/bluetooth/controller/libsubsys__bluetooth__controller.a(ull_adv.c.obj)
                0x000000000000cac8                ll_adv_scan_rsp_set
 .text.init_reset
                0x000000000000cadc       0x4c zephyr/subsys/bluetooth/controller/libsubsys__bluetooth__controller.a(ull_conn.c.obj)
 .text.tx_lll_flush
                0x000000000000cb28      0x110 zephyr/subsys/bluetooth/controller/libsubsys__bluetooth__controller.a(ull_conn.c.obj)
 .text.ull_conn_update_ticker
                0x000000000000cc38      0x130 zephyr/subsys/bluetooth/controller/libsubsys__bluetooth__controller.a(ull_conn.c.obj)
 .text.conn_setup_adv_scan_disabled_cb
                0x000000000000cd68       0x44 zephyr/subsys/bluetooth/controller/libsubsys__bluetooth__controller.a(ull_conn.c.obj)
 .text.ticker_update_conn_op_cb
                0x000000000000cdac       0x44 zephyr/subsys/bluetooth/controller/libsubsys__bluetooth__controller.a(ull_conn.c.obj)
 .text.ticker_stop_op_cb
                0x000000000000cdf0       0x6c zephyr/subsys/bluetooth/controller/libsubsys__bluetooth__controller.a(ull_conn.c.obj)
 .text.disabled_cb
                0x000000000000ce5c       0x44 zephyr/subsys/bluetooth/controller/libsubsys__bluetooth__controller.a(ull_conn.c.obj)
 .text.conn_disable
                0x000000000000cea0       0x88 zephyr/subsys/bluetooth/controller/libsubsys__bluetooth__controller.a(ull_conn.c.obj)
 .text.ticker_start_conn_op_cb
                0x000000000000cf28       0x5c zephyr/subsys/bluetooth/controller/libsubsys__bluetooth__controller.a(ull_conn.c.obj)
 .text.ticker_stop_conn_op_cb
                0x000000000000cf84       0x60 zephyr/subsys/bluetooth/controller/libsubsys__bluetooth__controller.a(ull_conn.c.obj)
 .text.ll_conn_acquire
                0x000000000000cfe4       0x10 zephyr/subsys/bluetooth/controller/libsubsys__bluetooth__controller.a(ull_conn.c.obj)
                0x000000000000cfe4                ll_conn_acquire
 .text.ll_conn_release
                0x000000000000cff4       0x10 zephyr/subsys/bluetooth/controller/libsubsys__bluetooth__controller.a(ull_conn.c.obj)
                0x000000000000cff4                ll_conn_release
 .text.ll_conn_handle_get
                0x000000000000d004       0x14 zephyr/subsys/bluetooth/controller/libsubsys__bluetooth__controller.a(ull_conn.c.obj)
                0x000000000000d004                ll_conn_handle_get
 .text.ll_conn_get
                0x000000000000d018       0x18 zephyr/subsys/bluetooth/controller/libsubsys__bluetooth__controller.a(ull_conn.c.obj)
                0x000000000000d018                ll_conn_get
 .text.ll_connected_get
                0x000000000000d030       0x24 zephyr/subsys/bluetooth/controller/libsubsys__bluetooth__controller.a(ull_conn.c.obj)
                0x000000000000d030                ll_connected_get
 .text.ll_tx_mem_acquire
                0x000000000000d054       0x10 zephyr/subsys/bluetooth/controller/libsubsys__bluetooth__controller.a(ull_conn.c.obj)
                0x000000000000d054                ll_tx_mem_acquire
 .text.ll_tx_mem_release
                0x000000000000d064       0x10 zephyr/subsys/bluetooth/controller/libsubsys__bluetooth__controller.a(ull_conn.c.obj)
                0x000000000000d064                ll_tx_mem_release
 .text.ll_tx_mem_enqueue
                0x000000000000d074       0x78 zephyr/subsys/bluetooth/controller/libsubsys__bluetooth__controller.a(ull_conn.c.obj)
                0x000000000000d074                ll_tx_mem_enqueue
 .text.ll_conn_update
                0x000000000000d0ec       0xa0 zephyr/subsys/bluetooth/controller/libsubsys__bluetooth__controller.a(ull_conn.c.obj)
                0x000000000000d0ec                ll_conn_update
 .text.ll_chm_get
                0x000000000000d18c       0x48 zephyr/subsys/bluetooth/controller/libsubsys__bluetooth__controller.a(ull_conn.c.obj)
                0x000000000000d18c                ll_chm_get
 .text.ll_terminate_ind_send
                0x000000000000d1d4       0x6c zephyr/subsys/bluetooth/controller/libsubsys__bluetooth__controller.a(ull_conn.c.obj)
                0x000000000000d1d4                ll_terminate_ind_send
 .text.ll_feature_req_send
                0x000000000000d240       0x44 zephyr/subsys/bluetooth/controller/libsubsys__bluetooth__controller.a(ull_conn.c.obj)
                0x000000000000d240                ll_feature_req_send
 .text.ll_version_ind_send
                0x000000000000d284       0x40 zephyr/subsys/bluetooth/controller/libsubsys__bluetooth__controller.a(ull_conn.c.obj)
                0x000000000000d284                ll_version_ind_send
 .text.ll_apto_get
                0x000000000000d2c4       0x44 zephyr/subsys/bluetooth/controller/libsubsys__bluetooth__controller.a(ull_conn.c.obj)
                0x000000000000d2c4                ll_apto_get
 .text.ll_apto_set
                0x000000000000d308       0x48 zephyr/subsys/bluetooth/controller/libsubsys__bluetooth__controller.a(ull_conn.c.obj)
                0x000000000000d308                ll_apto_set
 .text.ull_conn_init
                0x000000000000d350        0x8 zephyr/subsys/bluetooth/controller/libsubsys__bluetooth__controller.a(ull_conn.c.obj)
                0x000000000000d350                ull_conn_init
 .text.ull_conn_reset
                0x000000000000d358       0x84 zephyr/subsys/bluetooth/controller/libsubsys__bluetooth__controller.a(ull_conn.c.obj)
                0x000000000000d358                ull_conn_reset
 .text.ull_conn_setup
                0x000000000000d3dc       0x54 zephyr/subsys/bluetooth/controller/libsubsys__bluetooth__controller.a(ull_conn.c.obj)
                0x000000000000d3dc                ull_conn_setup
 .text.ull_conn_rx
                0x000000000000d430       0x84 zephyr/subsys/bluetooth/controller/libsubsys__bluetooth__controller.a(ull_conn.c.obj)
                0x000000000000d430                ull_conn_rx
 .text.ull_conn_llcp
                0x000000000000d4b4       0x6c zephyr/subsys/bluetooth/controller/libsubsys__bluetooth__controller.a(ull_conn.c.obj)
                0x000000000000d4b4                ull_conn_llcp
 .text.ull_conn_lll_tx_demux_sched
                0x000000000000d520       0x18 zephyr/subsys/bluetooth/controller/libsubsys__bluetooth__controller.a(ull_conn.c.obj)
                0x000000000000d520                ull_conn_lll_tx_demux_sched
 .text.ull_conn_tx_demux
                0x000000000000d538       0x80 zephyr/subsys/bluetooth/controller/libsubsys__bluetooth__controller.a(ull_conn.c.obj)
                0x000000000000d538                ull_conn_tx_demux
 .text.conn_cleanup
                0x000000000000d5b8      0x138 zephyr/subsys/bluetooth/controller/libsubsys__bluetooth__controller.a(ull_conn.c.obj)
 .text.ull_conn_done
                0x000000000000d6f0      0x308 zephyr/subsys/bluetooth/controller/libsubsys__bluetooth__controller.a(ull_conn.c.obj)
                0x000000000000d6f0                ull_conn_done
 .text.ull_conn_tx_lll_enqueue
                0x000000000000d9f8       0x9c zephyr/subsys/bluetooth/controller/libsubsys__bluetooth__controller.a(ull_conn.c.obj)
                0x000000000000d9f8                ull_conn_tx_lll_enqueue
 .text.tx_demux
                0x000000000000da94       0x14 zephyr/subsys/bluetooth/controller/libsubsys__bluetooth__controller.a(ull_conn.c.obj)
 .text.ull_conn_link_tx_release
                0x000000000000daa8       0x10 zephyr/subsys/bluetooth/controller/libsubsys__bluetooth__controller.a(ull_conn.c.obj)
                0x000000000000daa8                ull_conn_link_tx_release
 .text.ull_conn_ack_last_idx_get
                0x000000000000dab8        0xc zephyr/subsys/bluetooth/controller/libsubsys__bluetooth__controller.a(ull_conn.c.obj)
                0x000000000000dab8                ull_conn_ack_last_idx_get
 .text.ull_conn_ack_peek
                0x000000000000dac4       0x2c zephyr/subsys/bluetooth/controller/libsubsys__bluetooth__controller.a(ull_conn.c.obj)
                0x000000000000dac4                ull_conn_ack_peek
 .text.ull_conn_ack_by_last_peek
                0x000000000000daf0       0x24 zephyr/subsys/bluetooth/controller/libsubsys__bluetooth__controller.a(ull_conn.c.obj)
                0x000000000000daf0                ull_conn_ack_by_last_peek
 .text.ull_conn_ack_dequeue
                0x000000000000db14       0x30 zephyr/subsys/bluetooth/controller/libsubsys__bluetooth__controller.a(ull_conn.c.obj)
                0x000000000000db14                ull_conn_ack_dequeue
 .text.ull_conn_lll_ack_enqueue
                0x000000000000db44       0x64 zephyr/subsys/bluetooth/controller/libsubsys__bluetooth__controller.a(ull_conn.c.obj)
                0x000000000000db44                ull_conn_lll_ack_enqueue
 .text.ull_conn_tx_ack
                0x000000000000dba8       0xd0 zephyr/subsys/bluetooth/controller/libsubsys__bluetooth__controller.a(ull_conn.c.obj)
                0x000000000000dba8                ull_conn_tx_ack
 .text.ull_conn_lll_max_tx_octets_get
                0x000000000000dc78        0x4 zephyr/subsys/bluetooth/controller/libsubsys__bluetooth__controller.a(ull_conn.c.obj)
                0x000000000000dc78                ull_conn_lll_max_tx_octets_get
 .text.ull_pdu_data_init
                0x000000000000dc7c        0x4 zephyr/subsys/bluetooth/controller/libsubsys__bluetooth__controller.a(ull_conn.c.obj)
                0x000000000000dc7c                ull_pdu_data_init
 .text.ull_conn_pause_rx_data
                0x000000000000dc80       0x10 zephyr/subsys/bluetooth/controller/libsubsys__bluetooth__controller.a(ull_conn.c.obj)
                0x000000000000dc80                ull_conn_pause_rx_data
 .text.ull_conn_resume_rx_data
                0x000000000000dc90       0x10 zephyr/subsys/bluetooth/controller/libsubsys__bluetooth__controller.a(ull_conn.c.obj)
                0x000000000000dc90                ull_conn_resume_rx_data
 .text.ull_conn_event_counter
                0x000000000000dca0       0x1c zephyr/subsys/bluetooth/controller/libsubsys__bluetooth__controller.a(ull_conn.c.obj)
                0x000000000000dca0                ull_conn_event_counter
 .text.ull_conn_update_parameters
                0x000000000000dcbc      0x27c zephyr/subsys/bluetooth/controller/libsubsys__bluetooth__controller.a(ull_conn.c.obj)
                0x000000000000dcbc                ull_conn_update_parameters
 .text.ull_conn_chan_map_set
                0x000000000000df38       0x2c zephyr/subsys/bluetooth/controller/libsubsys__bluetooth__controller.a(ull_conn.c.obj)
                0x000000000000df38                ull_conn_chan_map_set
 .text.llcp_rp_enc_tx
                0x000000000000df64       0xc8 zephyr/subsys/bluetooth/controller/libsubsys__bluetooth__controller.a(ull_llcp_enc.c.obj)
 .text.rp_enc_send_enc_rsp.constprop.0
                0x000000000000e02c       0xa0 zephyr/subsys/bluetooth/controller/libsubsys__bluetooth__controller.a(ull_llcp_enc.c.obj)
 .text.rp_enc_send_start_enc_req.constprop.0
                0x000000000000e0cc       0x90 zephyr/subsys/bluetooth/controller/libsubsys__bluetooth__controller.a(ull_llcp_enc.c.obj)
 .text.rp_enc_execute_fsm
                0x000000000000e15c      0x280 zephyr/subsys/bluetooth/controller/libsubsys__bluetooth__controller.a(ull_llcp_enc.c.obj)
 .text.llcp_rp_enc_rx
                0x000000000000e3dc       0x44 zephyr/subsys/bluetooth/controller/libsubsys__bluetooth__controller.a(ull_llcp_enc.c.obj)
                0x000000000000e3dc                llcp_rp_enc_rx
 .text.llcp_rp_enc_ltk_req_reply
                0x000000000000e420        0xc zephyr/subsys/bluetooth/controller/libsubsys__bluetooth__controller.a(ull_llcp_enc.c.obj)
                0x000000000000e420                llcp_rp_enc_ltk_req_reply
 .text.llcp_rp_enc_ltk_req_neg_reply
                0x000000000000e42c        0xc zephyr/subsys/bluetooth/controller/libsubsys__bluetooth__controller.a(ull_llcp_enc.c.obj)
                0x000000000000e42c                llcp_rp_enc_ltk_req_neg_reply
 .text.llcp_rp_enc_ltk_req_reply_allowed
                0x000000000000e438        0xc zephyr/subsys/bluetooth/controller/libsubsys__bluetooth__controller.a(ull_llcp_enc.c.obj)
                0x000000000000e438                llcp_rp_enc_ltk_req_reply_allowed
 .text.llcp_rp_enc_run
                0x000000000000e444        0xc zephyr/subsys/bluetooth/controller/libsubsys__bluetooth__controller.a(ull_llcp_enc.c.obj)
                0x000000000000e444                llcp_rp_enc_run
 .text.ull_tx_q_init
                0x000000000000e450       0x10 zephyr/subsys/bluetooth/controller/libsubsys__bluetooth__controller.a(ull_tx_queue.c.obj)
                0x000000000000e450                ull_tx_q_init
 .text.ull_tx_q_pause_data
                0x000000000000e460        0x8 zephyr/subsys/bluetooth/controller/libsubsys__bluetooth__controller.a(ull_tx_queue.c.obj)
                0x000000000000e460                ull_tx_q_pause_data
 .text.ull_tx_q_resume_data
                0x000000000000e468       0x38 zephyr/subsys/bluetooth/controller/libsubsys__bluetooth__controller.a(ull_tx_queue.c.obj)
                0x000000000000e468                ull_tx_q_resume_data
 .text.ull_tx_q_enqueue_data
                0x000000000000e4a0       0x20 zephyr/subsys/bluetooth/controller/libsubsys__bluetooth__controller.a(ull_tx_queue.c.obj)
                0x000000000000e4a0                ull_tx_q_enqueue_data
 .text.ull_tx_q_enqueue_ctrl
                0x000000000000e4c0       0x18 zephyr/subsys/bluetooth/controller/libsubsys__bluetooth__controller.a(ull_tx_queue.c.obj)
                0x000000000000e4c0                ull_tx_q_enqueue_ctrl
 .text.ull_tx_q_peek
                0x000000000000e4d8        0x4 zephyr/subsys/bluetooth/controller/libsubsys__bluetooth__controller.a(ull_tx_queue.c.obj)
                0x000000000000e4d8                ull_tx_q_peek
 .text.ull_tx_q_dequeue
                0x000000000000e4dc       0x18 zephyr/subsys/bluetooth/controller/libsubsys__bluetooth__controller.a(ull_tx_queue.c.obj)
                0x000000000000e4dc                ull_tx_q_dequeue