Archive member included to satisfy reference by file (symbol)

app/libapp.a(main.c.obj)      (--whole-archive)
zephyr/libzephyr.a(heap.c.obj)
                              (--whole-archive)
zephyr/libzephyr.a(cbprintf_packaged.c.obj)
                              (--whole-archive)
zephyr/libzephyr.a(printk.c.obj)
                              (--whole-archive)
zephyr/libzephyr.a(sem.c.obj)
                              (--whole-archive)
zephyr/libzephyr.a(thread_entry.c.obj)
                              (--whole-archive)
zephyr/libzephyr.a(cbprintf_complete.c.obj)
                              (--whole-archive)
zephyr/libzephyr.a(assert.c.obj)
                              (--whole-archive)
zephyr/libzephyr.a(mpsc_pbuf.c.obj)
                              (--whole-archive)
zephyr/libzephyr.a(dec.c.obj)
                              (--whole-archive)
zephyr/libzephyr.a(hex.c.obj)
                              (--whole-archive)
zephyr/libzephyr.a(rb.c.obj)  (--whole-archive)
zephyr/libzephyr.a(timeutil.c.obj)
                              (--whole-archive)
zephyr/libzephyr.a(bitarray.c.obj)
                              (--whole-archive)
zephyr/libzephyr.a(onoff.c.obj)
                              (--whole-archive)
zephyr/libzephyr.a(notify.c.obj)
                              (--whole-archive)
zephyr/libzephyr.a(configs.c.obj)
                              (--whole-archive)
zephyr/libzephyr.a(log_core.c.obj)
                              (--whole-archive)
zephyr/libzephyr.a(log_mgmt.c.obj)
                              (--whole-archive)
zephyr/libzephyr.a(log_cache.c.obj)
                              (--whole-archive)
zephyr/libzephyr.a(log_msg.c.obj)
                              (--whole-archive)
zephyr/libzephyr.a(log_output.c.obj)
                              (--whole-archive)
zephyr/libzephyr.a(log_backend_uart.c.obj)
                              (--whole-archive)
zephyr/libzephyr.a(tracing_none.c.obj)
                              (--whole-archive)
zephyr/libzephyr.a(banner.c.obj)
                              (--whole-archive)
zephyr/libzephyr.a(scan.c.obj)
                              (--whole-archive)
zephyr/libzephyr.a(host_extensions.c.obj)
                              (--whole-archive)
zephyr/libzephyr.a(flash_map_partition_manager.c.obj)
                              (--whole-archive)
zephyr/libzephyr.a(utils.c.obj)
                              (--whole-archive)
zephyr/libzephyr.a(aes_decrypt.c.obj)
                              (--whole-archive)
zephyr/libzephyr.a(aes_encrypt.c.obj)
                              (--whole-archive)
zephyr/libzephyr.a(cmac_mode.c.obj)
                              (--whole-archive)
zephyr/arch/common/libarch__common.a(sw_isr_common.c.obj)
                              (--whole-archive)
zephyr/arch/arch/arm/core/libarch__arm__core.a(fatal.c.obj)
                              (--whole-archive)
zephyr/arch/arch/arm/core/libarch__arm__core.a(nmi.c.obj)
                              (--whole-archive)
zephyr/arch/arch/arm/core/libarch__arm__core.a(nmi_on_reset.S.obj)
                              (--whole-archive)
zephyr/arch/arch/arm/core/libarch__arm__core.a(tls.c.obj)
                              (--whole-archive)
zephyr/arch/arch/arm/core/cortex_m/libarch__arm__core__cortex_m.a(exc_exit.c.obj)
                              (--whole-archive)
zephyr/arch/arch/arm/core/cortex_m/libarch__arm__core__cortex_m.a(fault.c.obj)
                              (--whole-archive)
zephyr/arch/arch/arm/core/cortex_m/libarch__arm__core__cortex_m.a(fault_s.S.obj)
                              (--whole-archive)
zephyr/arch/arch/arm/core/cortex_m/libarch__arm__core__cortex_m.a(fpu.c.obj)
                              (--whole-archive)
zephyr/arch/arch/arm/core/cortex_m/libarch__arm__core__cortex_m.a(reset.S.obj)
                              (--whole-archive)
zephyr/arch/arch/arm/core/cortex_m/libarch__arm__core__cortex_m.a(scb.c.obj)
                              (--whole-archive)
zephyr/arch/arch/arm/core/cortex_m/libarch__arm__core__cortex_m.a(thread_abort.c.obj)
                              (--whole-archive)
zephyr/arch/arch/arm/core/cortex_m/libarch__arm__core__cortex_m.a(vector_table.S.obj)
                              (--whole-archive)
zephyr/arch/arch/arm/core/cortex_m/libarch__arm__core__cortex_m.a(swap.c.obj)
                              (--whole-archive)
zephyr/arch/arch/arm/core/cortex_m/libarch__arm__core__cortex_m.a(swap_helper.S.obj)
                              (--whole-archive)
zephyr/arch/arch/arm/core/cortex_m/libarch__arm__core__cortex_m.a(irq_manage.c.obj)
                              (--whole-archive)
zephyr/arch/arch/arm/core/cortex_m/libarch__arm__core__cortex_m.a(prep_c.c.obj)
                              (--whole-archive)
zephyr/arch/arch/arm/core/cortex_m/libarch__arm__core__cortex_m.a(thread.c.obj)
                              (--whole-archive)
zephyr/arch/arch/arm/core/cortex_m/libarch__arm__core__cortex_m.a(cpu_idle.c.obj)
[...]
Memory Configuration

Name             Origin             Length             Attributes
FLASH            0x0000000000000000 0x0000000000040000 xr
RAM              0x0000000020000000 0x0000000000008000 xw
IDT_LIST         0x00000000ffff7fff 0x0000000000008000 xw
*default*        0x0000000000000000 0xffffffffffffffff

Linker script and memory map

                0x000000000001ad04                vfprintf = __l_vfprintf
                0x0000000000000000                vfscanf = __l_vfscanf
LOAD zephyr/CMakeFiles/zephyr_final.dir/misc/empty_file.c.obj
LOAD zephyr/CMakeFiles/zephyr_final.dir/isr_tables.c.obj
LOAD zephyr/CMakeFiles/offsets.dir/./arch/arm/core/offsets/offsets.c.obj
LOAD app/libapp.a
LOAD zephyr/libzephyr.a
LOAD zephyr/arch/common/libarch__common.a
LOAD zephyr/arch/arch/arm/core/libarch__arm__core.a
LOAD zephyr/arch/arch/arm/core/cortex_m/libarch__arm__core__cortex_m.a
LOAD zephyr/lib/libc/picolibc/liblib__libc__picolibc.a
LOAD zephyr/lib/libc/common/liblib__libc__common.a
LOAD zephyr/lib/net_buf/liblib__net_buf.a
LOAD zephyr/soc/soc/nrf51822/libsoc__nordic.a
LOAD zephyr/subsys/random/libsubsys__random.a
LOAD zephyr/subsys/bluetooth/common/libsubsys__bluetooth__common.a
LOAD zephyr/subsys/bluetooth/host/libsubsys__bluetooth__host.a
LOAD zephyr/subsys/bluetooth/controller/libsubsys__bluetooth__controller.a
LOAD zephyr/subsys/bluetooth/controller/ll_sw/nordic/libsubsys__bluetooth__controller__ll_sw__nordic.a
LOAD zephyr/drivers/clock_control/libdrivers__clock_control.a
LOAD zephyr/drivers/console/libdrivers__console.a
LOAD zephyr/drivers/entropy/libdrivers__entropy.a
LOAD zephyr/drivers/gpio/libdrivers__gpio.a
LOAD zephyr/drivers/pinctrl/libdrivers__pinctrl.a
LOAD zephyr/drivers/serial/libdrivers__serial.a
LOAD zephyr/drivers/timer/libdrivers__timer.a
LOAD modules/nrf/lib/dk_buttons_and_leds/lib..__nrf__lib__dk_buttons_and_leds.a
LOAD modules/hal_nordic/nrfx/libmodules__hal_nordic__nrfx.a
LOAD zephyr/kernel/libkernel.a
LOAD zephyr/arch/common/libisr_tables.a
LOAD c:\ncs\toolchains\b620d30767\opt\zephyr-sdk\arm-zephyr-eabi\bin\../lib/gcc/../../picolibc/arm-zephyr-eabi/lib/thumb/v6-m/nofp\libc.a
LOAD c:/ncs/toolchains/b620d30767/opt/zephyr-sdk/arm-zephyr-eabi/bin/../lib/gcc/arm-zephyr-eabi/12.2.0/thumb/v6-m/nofp\libgcc.a
                0x0000000000000004                _region_min_align = 0x4

.rel.plt        0x0000000000000000        0x0
 *(SORT_BY_ALIGNMENT(.rel.plt))
                [!provide]                        PROVIDE (__rel_iplt_start = .)
 *(SORT_BY_ALIGNMENT(.rel.iplt))
 .rel.iplt      0x0000000000000000        0x0 zephyr/CMakeFiles/zephyr_final.dir/isr_tables.c.obj
                [!provide]                        PROVIDE (__rel_iplt_end = .)

.rela.plt       0x0000000000000000        0x0
 *(SORT_BY_ALIGNMENT(.rela.plt))
                [!provide]                        PROVIDE (__rela_iplt_start = .)
 *(SORT_BY_ALIGNMENT(.rela.iplt))
                [!provide]                        PROVIDE (__rela_iplt_end = .)

.rel.dyn
 *(SORT_BY_ALIGNMENT(.rel.*))

.rela.dyn
 *(SORT_BY_ALIGNMENT(.rela.*))

/DISCARD/
 *(SORT_BY_ALIGNMENT(.plt))

/DISCARD/
 *(SORT_BY_ALIGNMENT(.iplt))
                0x0000000000000000                __rom_region_start = 0x0

rom_start       0x0000000000000000       0xa8
                0x0000000000000000                __rom_start_address = .
 FILL mask 0x00
                0x0000000000000000                . = (. + (0x0 - (. - __rom_start_address)))
                0x0000000000000000                . = ALIGN (0x4)
                0x0000000000000000                _vector_start = .
 *(SORT_BY_ALIGNMENT(.exc_vector_table))
 *(SORT_BY_ALIGNMENT(.exc_vector_table.*))
 .exc_vector_table._vector_table_section
                0x0000000000000000       0x40 zephyr/arch/arch/arm/core/cortex_m/libarch__arm__core__cortex_m.a(vector_table.S.obj)
                0x0000000000000000                _vector_table
 *(SORT_BY_ALIGNMENT(.vectors))
                0x00000000000000a8                _vector_end = .
                0x0000000000000040                . = ALIGN (0x4)
 *(SORT_BY_ALIGNMENT(.gnu.linkonce.irq_vector_table*))
 .gnu.linkonce.irq_vector_table
                0x0000000000000040       0x68 zephyr/CMakeFiles/zephyr_final.dir/isr_tables.c.obj
                0x0000000000000040                _irq_vector_table
                0x00000000000000a8                _vector_end = .

text            0x00000000000000a8    0x1e814
                0x00000000000000a8                __text_region_start = .
 *(SORT_BY_ALIGNMENT(.text))
 .text          0x00000000000000a8       0x14 c:/ncs/toolchains/b620d30767/opt/zephyr-sdk/arm-zephyr-eabi/bin/../lib/gcc/arm-zephyr-eabi/12.2.0/thumb/v6-m/nofp\libgcc.a(_thumb1_case_sqi.o)
                0x00000000000000a8                __gnu_thumb1_case_sqi
 .text          0x00000000000000bc       0x14 c:/ncs/toolchains/b620d30767/opt/zephyr-sdk/arm-zephyr-eabi/bin/../lib/gcc/arm-zephyr-eabi/12.2.0/thumb/v6-m/nofp\libgcc.a(_thumb1_case_uqi.o)
                0x00000000000000bc                __gnu_thumb1_case_uqi
 .text          0x00000000000000d0       0x14 c:/ncs/toolchains/b620d30767/opt/zephyr-sdk/arm-zephyr-eabi/bin/../lib/gcc/arm-zephyr-eabi/12.2.0/thumb/v6-m/nofp\libgcc.a(_thumb1_case_shi.o)
                0x00000000000000d0                __gnu_thumb1_case_shi
 .text          0x00000000000000e4       0x8c c:/ncs/toolchains/b620d30767/opt/zephyr-sdk/arm-zephyr-eabi/bin/../lib/gcc/arm-zephyr-eabi/12.2.0/thumb/v6-m/nofp\libgcc.a(_udivsi3.o)
                0x00000000000000e4                __aeabi_uidiv
                0x00000000000000e4                __udivsi3
                0x000000000000015c                __aeabi_uidivmod
 .text          0x0000000000000170       0xa8 c:/ncs/toolchains/b620d30767/opt/zephyr-sdk/arm-zephyr-eabi/bin/../lib/gcc/arm-zephyr-eabi/12.2.0/thumb/v6-m/nofp\libgcc.a(_divsi3.o)
                0x0000000000000170                __divsi3
                0x0000000000000170                __aeabi_idiv
                0x0000000000000204                __aeabi_idivmod
 .text          0x0000000000000218        0x4 c:/ncs/toolchains/b620d30767/opt/zephyr-sdk/arm-zephyr-eabi/bin/../lib/gcc/arm-zephyr-eabi/12.2.0/thumb/v6-m/nofp\libgcc.a(_dvmd_tls.o)
                0x0000000000000218                __aeabi_idiv0
                0x0000000000000218                __aeabi_ldiv0
 .text          0x000000000000021c       0x3c c:/ncs/toolchains/b620d30767/opt/zephyr-sdk/arm-zephyr-eabi/bin/../lib/gcc/arm-zephyr-eabi/12.2.0/thumb/v6-m/nofp\libgcc.a(_clzsi2.o)
                0x000000000000021c                __clzsi2
 .text          0x0000000000000258       0x40 c:/ncs/toolchains/b620d30767/opt/zephyr-sdk/arm-zephyr-eabi/bin/../lib/gcc/arm-zephyr-eabi/12.2.0/thumb/v6-m/nofp\libgcc.a(_ctzsi2.o)
                0x0000000000000258                __ctzsi2
 .text          0x0000000000000298       0x40 c:/ncs/toolchains/b620d30767/opt/zephyr-sdk/arm-zephyr-eabi/bin/../lib/gcc/arm-zephyr-eabi/12.2.0/thumb/v6-m/nofp\libgcc.a(_aeabi_uldivmod.o)
                0x0000000000000298                __aeabi_uldivmod
 .text          0x00000000000002d8       0x18 c:/ncs/toolchains/b620d30767/opt/zephyr-sdk/arm-zephyr-eabi/bin/../lib/gcc/arm-zephyr-eabi/12.2.0/thumb/v6-m/nofp\libgcc.a(_lshrdi3.o)
                0x00000000000002d8                __lshrdi3
                0x00000000000002d8                __aeabi_llsr
 .text          0x00000000000002f0       0x18 c:/ncs/toolchains/b620d30767/opt/zephyr-sdk/arm-zephyr-eabi/bin/../lib/gcc/arm-zephyr-eabi/12.2.0/thumb/v6-m/nofp\libgcc.a(_ashldi3.o)
                0x00000000000002f0                __aeabi_llsl
                0x00000000000002f0                __ashldi3
 .text          0x0000000000000308       0x18 c:/ncs/toolchains/b620d30767/opt/zephyr-sdk/arm-zephyr-eabi/bin/../lib/gcc/arm-zephyr-eabi/12.2.0/thumb/v6-m/nofp\libgcc.a(_clzdi2.o)
                0x0000000000000308                __clzdi2
 .text          0x0000000000000320       0x14 c:\ncs\toolchains\b620d30767\opt\zephyr-sdk\arm-zephyr-eabi\bin\../lib/gcc/../../picolibc/arm-zephyr-eabi/lib/thumb/v6-m/nofp\libc.a(strcmp.S.o)
                0x0000000000000320                strcmp
 .text          0x0000000000000334       0x10 c:\ncs\toolchains\b620d30767\opt\zephyr-sdk\arm-zephyr-eabi\bin\../lib/gcc/../../picolibc/arm-zephyr-eabi/lib/thumb/v6-m/nofp\libc.a(strcpy.S.o)
                0x0000000000000334                strcpy
 .text          0x0000000000000344        0xe c:\ncs\toolchains\b620d30767\opt\zephyr-sdk\arm-zephyr-eabi\bin\../lib/gcc/../../picolibc/arm-zephyr-eabi/lib/thumb/v6-m/nofp\libc.a(strlen.S.o)
                0x0000000000000344                strlen
 .text          0x0000000000000352       0x44 c:/ncs/toolchains/b620d30767/opt/zephyr-sdk/arm-zephyr-eabi/bin/../lib/gcc/arm-zephyr-eabi/12.2.0/thumb/v6-m/nofp\libgcc.a(_muldi3.o)
                0x0000000000000352                __muldi3
                0x0000000000000352                __aeabi_lmul
 .text          0x0000000000000396        0xe c:/ncs/toolchains/b620d30767/opt/zephyr-sdk/arm-zephyr-eabi/bin/../lib/gcc/arm-zephyr-eabi/12.2.0/thumb/v6-m/nofp\libgcc.a(_ffssi2.o)
                0x0000000000000396                __ffssi2
 .text          0x00000000000003a4       0xde c:/ncs/toolchains/b620d30767/opt/zephyr-sdk/arm-zephyr-eabi/bin/../lib/gcc/arm-zephyr-eabi/12.2.0/thumb/v6-m/nofp\libgcc.a(_udivmoddi4.o)
                0x00000000000003a4                __udivmoddi4
 *(SORT_BY_ALIGNMENT(.text.*))
 *fill*         0x0000000000000482        0x2 
 .text.cb       0x0000000000000484      0x1c8 app/libapp.a(main.c.obj)
                0x0000000000000484                cb
 .text.main     0x000000000000064c       0x54 app/libapp.a(main.c.obj)
                0x000000000000064c                main
 .text.cbvprintf_package
                0x00000000000006a0      0x3b8 zephyr/libzephyr.a(cbprintf_packaged.c.obj)
                0x00000000000006a0                cbvprintf_package
 .text.cbprintf_package_convert
                0x0000000000000a58      0x420 zephyr/libzephyr.a(cbprintf_packaged.c.obj)
                0x0000000000000a58                cbprintf_package_convert
 .text.__printk_hook_install
                0x0000000000000e78        0xc zephyr/libzephyr.a(printk.c.obj)
                0x0000000000000e78                __printk_hook_install
 .text.z_thread_entry
                0x0000000000000e84       0x30 zephyr/libzephyr.a(thread_entry.c.obj)
                0x0000000000000e84                z_thread_entry
 .text.process_event
                0x0000000000000eb4      0x1fc zephyr/libzephyr.a(onoff.c.obj)
 .text.onoff_request
                0x00000000000010b0       0xbc zephyr/libzephyr.a(onoff.c.obj)
                0x00000000000010b0                onoff_request
 .text.activate_foreach_backend
                0x000000000000116c       0x58 zephyr/libzephyr.a(log_core.c.obj)
 .text.enable_logger
                0x00000000000011c4       0x5c zephyr/libzephyr.a(log_core.c.obj)
 .text.log_process_thread_timer_expiry_fn
                0x0000000000001220       0x10 zephyr/libzephyr.a(log_core.c.obj)
 .text.z_log_init
                0x0000000000001230       0x94 zephyr/libzephyr.a(log_core.c.obj)
 .text.log_format_func_t_get
                0x00000000000012c4        0xc zephyr/libzephyr.a(log_core.c.obj)
                0x00000000000012c4                log_format_func_t_get
 .text.log_set_timestamp_func
                0x00000000000012d0       0x20 zephyr/libzephyr.a(log_core.c.obj)
                0x00000000000012d0                log_set_timestamp_func
 .text.z_log_notify_backend_enabled
                0x00000000000012f0       0x20 zephyr/libzephyr.a(log_core.c.obj)
                0x00000000000012f0                z_log_notify_backend_enabled
 .text.z_log_dropped
                0x0000000000001310       0x34 zephyr/libzephyr.a(log_core.c.obj)
                0x0000000000001310                z_log_dropped
 .text.z_log_dropped_read_and_clear
                0x0000000000001344       0x10 zephyr/libzephyr.a(log_core.c.obj)
                0x0000000000001344                z_log_dropped_read_and_clear
 .text.dropped_notify
                0x0000000000001354       0x34 zephyr/libzephyr.a(log_core.c.obj)
                0x0000000000001354                dropped_notify
 .text.z_log_msg_init
                0x0000000000001388       0x20 zephyr/libzephyr.a(log_core.c.obj)
                0x0000000000001388                z_log_msg_init
 .text.log_core_init
                0x00000000000013a8       0x30 zephyr/libzephyr.a(log_core.c.obj)
                0x00000000000013a8                log_core_init
 .text.z_log_msg_alloc
                0x00000000000013d8       0x18 zephyr/libzephyr.a(log_core.c.obj)
                0x00000000000013d8                z_log_msg_alloc
 .text.z_log_msg_local_claim
                0x00000000000013f0       0x10 zephyr/libzephyr.a(log_core.c.obj)
                0x00000000000013f0                z_log_msg_local_claim
 .text.z_log_msg_free
                0x0000000000001400       0x14 zephyr/libzephyr.a(log_core.c.obj)
                0x0000000000001400                z_log_msg_free
 .text.z_log_msg_pending
                0x0000000000001414       0x10 zephyr/libzephyr.a(log_core.c.obj)
                0x0000000000001414                z_log_msg_pending
 .text.z_impl_log_process
                0x0000000000001424       0xa8 zephyr/libzephyr.a(log_core.c.obj)
                0x0000000000001424                z_impl_log_process
 .text.z_impl_log_panic
                0x00000000000014cc       0x48 zephyr/libzephyr.a(log_core.c.obj)
                0x00000000000014cc                z_impl_log_panic
 .text.log_process_thread_func
                0x0000000000001514       0xa8 zephyr/libzephyr.a(log_core.c.obj)
 .text.z_log_msg_post_finalize
                0x00000000000015bc       0x70 zephyr/libzephyr.a(log_core.c.obj)
 .text.z_log_msg_commit
                0x000000000000162c       0x24 zephyr/libzephyr.a(log_core.c.obj)
                0x000000000000162c                z_log_msg_commit
 .text.log_source_name_get
                0x0000000000001650       0x1c zephyr/libzephyr.a(log_mgmt.c.obj)
                0x0000000000001650                log_source_name_get
 .text.log_backend_enable
                0x000000000000166c       0x28 zephyr/libzephyr.a(log_mgmt.c.obj)
                0x000000000000166c                log_backend_enable
 .text.z_log_msg_simple_create
                0x0000000000001694       0x70 zephyr/libzephyr.a(log_msg.c.obj)
 .text.z_impl_z_log_msg_static_create
                0x0000000000001704      0x130 zephyr/libzephyr.a(log_msg.c.obj)
                0x0000000000001704                z_impl_z_log_msg_static_create
 .text.z_log_msg_runtime_vcreate
                0x0000000000001834       0x9c zephyr/libzephyr.a(log_msg.c.obj)
                0x0000000000001834                z_log_msg_runtime_vcreate
 .text.log_msg_get_source_id
                0x00000000000018d0       0x1c zephyr/libzephyr.a(log_msg.c.obj)
                0x00000000000018d0                log_msg_get_source_id
 .text.print_formatted
                0x00000000000018ec       0x20 zephyr/libzephyr.a(log_output.c.obj)
 .text.newline_print
                0x000000000000190c       0x20 zephyr/libzephyr.a(log_output.c.obj)
 .text.log_output_process
                0x000000000000192c      0x2cc zephyr/libzephyr.a(log_output.c.obj)
                0x000000000000192c                log_output_process
 .text.log_output_dropped_process
                0x0000000000001bf8       0x58 zephyr/libzephyr.a(log_output.c.obj)
                0x0000000000001bf8                log_output_dropped_process
 .text.log_output_timestamp_freq_set
                0x0000000000001c50       0x34 zephyr/libzephyr.a(log_output.c.obj)
                0x0000000000001c50                log_output_timestamp_freq_set
 .text.char_out
                0x0000000000001c84       0x24 zephyr/libzephyr.a(log_backend_uart.c.obj)
 .text.boot_banner
                0x0000000000001ca8       0x18 zephyr/libzephyr.a(banner.c.obj)
                0x0000000000001ca8                boot_banner
 .text.sub_bytes
                0x0000000000001cc0       0x18 zephyr/libzephyr.a(aes_encrypt.c.obj)
 .text.tc_aes128_set_encrypt_key
                0x0000000000001cd8       0xa4 zephyr/libzephyr.a(aes_encrypt.c.obj)
                0x0000000000001cd8                tc_aes128_set_encrypt_key
 .text.z_arm_fatal_error
                0x0000000000001d7c       0xb8 zephyr/arch/arch/arm/core/libarch__arm__core.a(fatal.c.obj)
                0x0000000000001d7c                z_arm_fatal_error
 .text.z_SysNmiOnReset
                0x0000000000001e34        0x4 zephyr/arch/arch/arm/core/libarch__arm__core.a(nmi_on_reset.S.obj)
                0x0000000000001e34                z_SysNmiOnReset
 .text.arch_tls_stack_setup
                0x0000000000001e38       0x38 zephyr/arch/arch/arm/core/libarch__arm__core.a(tls.c.obj)
                0x0000000000001e38                arch_tls_stack_setup
 .text._HandlerModeExit
                0x0000000000001e70       0x28 zephyr/arch/arch/arm/core/cortex_m/libarch__arm__core__cortex_m.a(exc_exit.c.obj)
                0x0000000000001e70                z_arm_int_exit
                0x0000000000001e70                z_arm_exc_exit
 .text.z_arm_fault
                0x0000000000001e98      0x138 zephyr/arch/arch/arm/core/cortex_m/libarch__arm__core__cortex_m.a(fault.c.obj)
                0x0000000000001e98                z_arm_fault
 .text.z_arm_fault_init
                0x0000000000001fd0       0x10 zephyr/arch/arch/arm/core/cortex_m/libarch__arm__core__cortex_m.a(fault.c.obj)
                0x0000000000001fd0                z_arm_fault_init
 .text.__fault  0x0000000000001fe0       0x14 zephyr/arch/arch/arm/core/cortex_m/libarch__arm__core__cortex_m.a(fault_s.S.obj)
                0x0000000000001fe0                z_arm_hard_fault
                0x0000000000001fe0                z_arm_exc_spurious
 .text._reset_section
                0x0000000000001ff4       0x44 zephyr/arch/arch/arm/core/cortex_m/libarch__arm__core__cortex_m.a(reset.S.obj)
                0x0000000000001ff4                __start
                0x0000000000001ff4                z_arm_reset
 .text.z_arm_init_arch_hw_at_boot
                0x0000000000002038       0x24 zephyr/arch/arch/arm/core/cortex_m/libarch__arm__core__cortex_m.a(scb.c.obj)
                0x0000000000002038                z_arm_init_arch_hw_at_boot
 .text.z_impl_k_thread_abort
                0x000000000000205c       0x38 zephyr/arch/arch/arm/core/cortex_m/libarch__arm__core__cortex_m.a(thread_abort.c.obj)
                0x000000000000205c                z_impl_k_thread_abort
 .text.arch_swap
                0x0000000000002094       0x2c zephyr/arch/arch/arm/core/cortex_m/libarch__arm__core__cortex_m.a(swap.c.obj)
                0x0000000000002094                arch_swap
 .text.z_arm_pendsv_c
                0x00000000000020c0       0x38 zephyr/arch/arch/arm/core/cortex_m/libarch__arm__core__cortex_m.a(swap.c.obj)
                0x00000000000020c0                z_arm_pendsv_c
 .text.z_arm_pendsv
                0x00000000000020f8       0x4c zephyr/arch/arch/arm/core/cortex_m/libarch__arm__core__cortex_m.a(swap_helper.S.obj)
                0x00000000000020f8                z_arm_pendsv
 .text.z_arm_svc
                0x0000000000002144       0x24 zephyr/arch/arch/arm/core/cortex_m/libarch__arm__core__cortex_m.a(swap_helper.S.obj)
                0x0000000000002144                z_arm_svc
 .text.arch_irq_enable
                0x0000000000002168       0x18 zephyr/arch/arch/arm/core/cortex_m/libarch__arm__core__cortex_m.a(irq_manage.c.obj)
                0x0000000000002168                arch_irq_enable
 .text.arch_irq_disable
                0x0000000000002180       0x20 zephyr/arch/arch/arm/core/cortex_m/libarch__arm__core__cortex_m.a(irq_manage.c.obj)
                0x0000000000002180                arch_irq_disable
 .text.arch_irq_is_enabled
                0x00000000000021a0       0x1c zephyr/arch/arch/arm/core/cortex_m/libarch__arm__core__cortex_m.a(irq_manage.c.obj)
                0x00000000000021a0                arch_irq_is_enabled
 .text.z_arm_irq_priority_set
                0x00000000000021bc       0x54 zephyr/arch/arch/arm/core/cortex_m/libarch__arm__core__cortex_m.a(irq_manage.c.obj)
                0x00000000000021bc                z_arm_irq_priority_set
 .text.arch_new_thread
                0x0000000000002210       0x2c zephyr/arch/arch/arm/core/cortex_m/libarch__arm__core__cortex_m.a(thread.c.obj)
                0x0000000000002210                arch_new_thread
 .text.arch_switch_to_main_thread
                0x000000000000223c       0x38 zephyr/arch/arch/arm/core/cortex_m/libarch__arm__core__cortex_m.a(thread.c.obj)
                0x000000000000223c                arch_switch_to_main_thread
 .text.z_arm_cpu_idle_init
                0x0000000000002274        0xc zephyr/arch/arch/arm/core/cortex_m/libarch__arm__core__cortex_m.a(cpu_idle.c.obj)
                0x0000000000002274                z_arm_cpu_idle_init
 .text.z_arm_interrupt_init
                0x0000000000002280       0x30 zephyr/arch/arch/arm/core/cortex_m/libarch__arm__core__cortex_m.a(irq_init.c.obj)
                0x0000000000002280                z_arm_interrupt_init
 .text._isr_wrapper
                0x00000000000022b0       0x20 zephyr/arch/arch/arm/core/cortex_m/libarch__arm__core__cortex_m.a(isr_wrapper.c.obj)
                0x00000000000022b0                _isr_wrapper
 .text.z_impl_zephyr_fputc
                0x00000000000022d0       0x10 zephyr/lib/libc/picolibc/liblib__libc__picolibc.a(libc-hooks.c.obj)
                0x00000000000022d0                z_impl_zephyr_fputc
 .text.__stdout_hook_install
                0x00000000000022e0       0x18 zephyr/lib/libc/picolibc/liblib__libc__picolibc.a(libc-hooks.c.obj)
                0x00000000000022e0                __stdout_hook_install
 .text.cbvprintf
                0x00000000000022f8       0x38 zephyr/lib/libc/picolibc/liblib__libc__picolibc.a(libc-hooks.c.obj)
                0x00000000000022f8                cbvprintf
 .text.malloc_prepare
                0x0000000000002330       0x24 zephyr/lib/libc/common/liblib__libc__common.a(malloc.c.obj)
 .text.net_buf_destroy
                0x0000000000002354       0x38 zephyr/lib/net_buf/liblib__net_buf.a(buf.c.obj)
 .text.net_buf_pool_get
                0x000000000000238c       0x10 zephyr/lib/net_buf/liblib__net_buf.a(buf.c.obj)
                0x000000000000238c                net_buf_pool_get
 .text.net_buf_id
                0x000000000000239c       0x24 zephyr/lib/net_buf/liblib__net_buf.a(buf.c.obj)
                0x000000000000239c                net_buf_id
 .text.fixed_data_alloc
                0x00000000000023c0       0x24 zephyr/lib/net_buf/liblib__net_buf.a(buf.c.obj)
 .text.net_buf_alloc_len
                0x00000000000023e4      0x11c zephyr/lib/net_buf/liblib__net_buf.a(buf.c.obj)
                0x00000000000023e4                net_buf_alloc_len
 .text.net_buf_unref
                0x0000000000002500       0x3c zephyr/lib/net_buf/liblib__net_buf.a(buf.c.obj)
                0x0000000000002500                net_buf_unref
 .text.arch_busy_wait
                0x000000000000253c       0x18 zephyr/soc/soc/nrf51822/libsoc__nordic.a(soc.c.obj)
                0x000000000000253c                arch_busy_wait
 .text.xoshiro128_initialize
                0x0000000000002554       0x1c zephyr/subsys/random/libsubsys__random.a(random_xoshiro128.c.obj)
 .text.bt_hex   0x0000000000002570       0x40 zephyr/subsys/bluetooth/common/libsubsys__bluetooth__common.a(bt_str.c.obj)
                0x0000000000002570                bt_hex
 .text.bt_addr_le_str
                0x00000000000025b0       0x80 zephyr/subsys/bluetooth/common/libsubsys__bluetooth__common.a(bt_str.c.obj)
                0x00000000000025b0                bt_addr_le_str
 .text.long_wq_init
                0x0000000000002630       0x38 zephyr/subsys/bluetooth/host/libsubsys__bluetooth__host.a(long_wq.c.obj)
 .text.bt_long_wq_schedule
                0x0000000000002668       0x14 zephyr/subsys/bluetooth/host/libsubsys__bluetooth__host.a(long_wq.c.obj)
                0x0000000000002668                bt_long_wq_schedule
 .text.uuid_to_uuid128
                0x000000000000267c       0x58 zephyr/subsys/bluetooth/host/libsubsys__bluetooth__host.a(uuid.c.obj)
 .text.bt_buf_get_rx
                0x00000000000026d4       0x20 zephyr/subsys/bluetooth/host/libsubsys__bluetooth__host.a(buf.c.obj)
                0x00000000000026d4                bt_buf_get_rx
 .text.bt_buf_get_evt
                0x00000000000026f4       0x44 zephyr/subsys/bluetooth/host/libsubsys__bluetooth__host.a(buf.c.obj)
                0x00000000000026f4                bt_buf_get_evt
 .text.hci_data_buf_overflow
                0x0000000000002738       0x1c zephyr/subsys/bluetooth/host/libsubsys__bluetooth__host.a(hci_core.c.obj)
 .text.hci_disconn_complete_prio
                0x0000000000002754       0x50 zephyr/subsys/bluetooth/host/libsubsys__bluetooth__host.a(hci_core.c.obj)
 .text.hci_disconn_complete
                0x00000000000027a4       0x74 zephyr/subsys/bluetooth/host/libsubsys__bluetooth__host.a(hci_core.c.obj)
 .text.hci_hardware_error
                0x0000000000002818       0x20 zephyr/subsys/bluetooth/host/libsubsys__bluetooth__host.a(hci_core.c.obj)
 .text.rx_queue_put
                0x0000000000002838       0x34 zephyr/subsys/bluetooth/host/libsubsys__bluetooth__host.a(hci_core.c.obj)
 .text.find_pending_connect.part.0
                0x000000000000286c       0x28 zephyr/subsys/bluetooth/host/libsubsys__bluetooth__host.a(hci_core.c.obj)
 .text.le_conn_param_neg_reply.part.0
                0x0000000000002894       0x18 zephyr/subsys/bluetooth/host/libsubsys__bluetooth__host.a(hci_core.c.obj)
 .text.handle_event.part.0
                0x00000000000028ac       0x48 zephyr/subsys/bluetooth/host/libsubsys__bluetooth__host.a(hci_core.c.obj)
 .text.le_remote_feat_complete
                0x00000000000028f4       0x50 zephyr/subsys/bluetooth/host/libsubsys__bluetooth__host.a(hci_core.c.obj)
 .text.handle_event_common
                0x0000000000002944       0x4c zephyr/subsys/bluetooth/host/libsubsys__bluetooth__host.a(hci_core.c.obj)
 .text.rx_work_handler
                0x0000000000002990      0x138 zephyr/subsys/bluetooth/host/libsubsys__bluetooth__host.a(hci_core.c.obj)
 .text.hci_le_meta_event
                0x0000000000002ac8       0x20 zephyr/subsys/bluetooth/host/libsubsys__bluetooth__host.a(hci_core.c.obj)
 .text.hci_vendor_event
                0x0000000000002ae8       0x68 zephyr/subsys/bluetooth/host/libsubsys__bluetooth__host.a(hci_core.c.obj)
 .text.hci_cmd_done.part.0
                0x0000000000002b50      0x120 zephyr/subsys/bluetooth/host/libsubsys__bluetooth__host.a(hci_core.c.obj)
 .text.hci_num_completed_packets
                0x0000000000002c70       0xec zephyr/subsys/bluetooth/host/libsubsys__bluetooth__host.a(hci_core.c.obj)
 .text.le_conn_update_complete
                0x0000000000002d5c       0xe0 zephyr/subsys/bluetooth/host/libsubsys__bluetooth__host.a(hci_core.c.obj)
 .text.bt_hci_cmd_state_set_init
                0x0000000000002e3c       0x24 zephyr/subsys/bluetooth/host/libsubsys__bluetooth__host.a(hci_core.c.obj)
                0x0000000000002e3c                bt_hci_cmd_state_set_init
 .text.bt_hci_cmd_create
                0x0000000000002e60       0x78 zephyr/subsys/bluetooth/host/libsubsys__bluetooth__host.a(hci_core.c.obj)
                0x0000000000002e60                bt_hci_cmd_create
 .text.bt_le_conn_params_valid
                0x0000000000002ed8       0x48 zephyr/subsys/bluetooth/host/libsubsys__bluetooth__host.a(hci_core.c.obj)
                0x0000000000002ed8                bt_le_conn_params_valid
 .text.bt_hci_get_ver_str
                0x0000000000002f20       0x28 zephyr/subsys/bluetooth/host/libsubsys__bluetooth__host.a(hci_core.c.obj)
                0x0000000000002f20                bt_hci_get_ver_str
 .text.bt_send  0x0000000000002f48       0x14 zephyr/subsys/bluetooth/host/libsubsys__bluetooth__host.a(hci_core.c.obj)
                0x0000000000002f48                bt_send
 .text.hci_event_prio
                0x0000000000002f5c       0x94 zephyr/subsys/bluetooth/host/libsubsys__bluetooth__host.a(hci_core.c.obj)
                0x0000000000002f5c                hci_event_prio
 .text.bt_hci_recv
                0x0000000000002ff0       0x5c zephyr/subsys/bluetooth/host/libsubsys__bluetooth__host.a(hci_core.c.obj)
                0x0000000000002ff0                bt_hci_recv
 .text.bt_finalize_init
                0x000000000000304c      0x144 zephyr/subsys/bluetooth/host/libsubsys__bluetooth__host.a(hci_core.c.obj)
                0x000000000000304c                bt_finalize_init
 .text.bt_is_ready
                0x0000000000003190       0x14 zephyr/subsys/bluetooth/host/libsubsys__bluetooth__host.a(hci_core.c.obj)
                0x0000000000003190                bt_is_ready
 .text.bt_get_name
                0x00000000000031a4        0x8 zephyr/subsys/bluetooth/host/libsubsys__bluetooth__host.a(hci_core.c.obj)
                0x00000000000031a4                bt_get_name
 .text.bt_tx_irq_raise
                0x00000000000031ac       0x10 zephyr/subsys/bluetooth/host/libsubsys__bluetooth__host.a(hci_core.c.obj)
                0x00000000000031ac                bt_tx_irq_raise
 .text.bt_hci_cmd_send
                0x00000000000031bc       0x5c zephyr/subsys/bluetooth/host/libsubsys__bluetooth__host.a(hci_core.c.obj)
                0x00000000000031bc                bt_hci_cmd_send
 .text.le_conn_param_neg_reply
                0x0000000000003218       0x38 zephyr/subsys/bluetooth/host/libsubsys__bluetooth__host.a(hci_core.c.obj)
 .text.le_conn_param_req
                0x0000000000003250       0xe4 zephyr/subsys/bluetooth/host/libsubsys__bluetooth__host.a(hci_core.c.obj)
 .text.process_pending_cmd
                0x0000000000003334       0xe4 zephyr/subsys/bluetooth/host/libsubsys__bluetooth__host.a(hci_core.c.obj)
 .text.bt_hci_cmd_send_sync
                0x0000000000003418      0x1a0 zephyr/subsys/bluetooth/host/libsubsys__bluetooth__host.a(hci_core.c.obj)
                0x0000000000003418                bt_hci_cmd_send_sync
 .text.bt_init  0x00000000000035b8      0x4dc zephyr/subsys/bluetooth/host/libsubsys__bluetooth__host.a(hci_core.c.obj)
 .text.init_work
                0x0000000000003a94       0x18 zephyr/subsys/bluetooth/host/libsubsys__bluetooth__host.a(hci_core.c.obj)
 .text.bt_enable
                0x0000000000003aac       0xac zephyr/subsys/bluetooth/host/libsubsys__bluetooth__host.a(hci_core.c.obj)
                0x0000000000003aac                bt_enable
 .text.bt_hci_le_rand
                0x0000000000003b58       0x54 zephyr/subsys/bluetooth/host/libsubsys__bluetooth__host.a(hci_core.c.obj)
                0x0000000000003b58                bt_hci_le_rand
 .text.bt_le_create_conn_legacy
                0x0000000000003bac       0xb8 zephyr/subsys/bluetooth/host/libsubsys__bluetooth__host.a(hci_core.c.obj)
 .text.enh_conn_complete_error_handle
                0x0000000000003c64      0x118 zephyr/subsys/bluetooth/host/libsubsys__bluetooth__host.a(hci_core.c.obj)
 .text.bt_le_create_conn_cancel
                0x0000000000003d7c       0x34 zephyr/subsys/bluetooth/host/libsubsys__bluetooth__host.a(hci_core.c.obj)
                0x0000000000003d7c                bt_le_create_conn_cancel
 .text.bt_hci_disconnect
                0x0000000000003db0       0x38 zephyr/subsys/bluetooth/host/libsubsys__bluetooth__host.a(hci_core.c.obj)
                0x0000000000003db0                bt_hci_disconnect
 .text.bt_hci_le_enh_conn_complete
                0x0000000000003de8      0x228 zephyr/subsys/bluetooth/host/libsubsys__bluetooth__host.a(hci_core.c.obj)
                0x0000000000003de8                bt_hci_le_enh_conn_complete
 .text.le_legacy_conn_complete
                0x0000000000004010       0x98 zephyr/subsys/bluetooth/host/libsubsys__bluetooth__host.a(hci_core.c.obj)
 .text.bt_hci_le_read_remote_features
                0x00000000000040a8       0x38 zephyr/subsys/bluetooth/host/libsubsys__bluetooth__host.a(hci_core.c.obj)
                0x00000000000040a8                bt_hci_le_read_remote_features
 .text.hci_cmd_status
                0x00000000000040e0       0x38 zephyr/subsys/bluetooth/host/libsubsys__bluetooth__host.a(hci_core.c.obj)
 .text.hci_cmd_complete
                0x0000000000004118       0x84 zephyr/subsys/bluetooth/host/libsubsys__bluetooth__host.a(hci_core.c.obj)
 .text.bt_hci_evt_create
                0x000000000000419c       0x4c zephyr/subsys/bluetooth/host/libsubsys__bluetooth__host.a(hci_common.c.obj)
                0x000000000000419c                bt_hci_evt_create
 .text.id_find  0x00000000000041e8       0x38 zephyr/subsys/bluetooth/host/libsubsys__bluetooth__host.a(id.c.obj)
 .text.set_random_address
                0x0000000000004220       0x78 zephyr/subsys/bluetooth/host/libsubsys__bluetooth__host.a(id.c.obj)
 .text.id_create.constprop.0
                0x0000000000004298       0x60 zephyr/subsys/bluetooth/host/libsubsys__bluetooth__host.a(id.c.obj)
 .text.bt_id_create
                0x00000000000042f8       0x9c zephyr/subsys/bluetooth/host/libsubsys__bluetooth__host.a(id.c.obj)
                0x00000000000042f8                bt_id_create
 .text.bt_id_read_public_addr
                0x0000000000004394       0x7c zephyr/subsys/bluetooth/host/libsubsys__bluetooth__host.a(id.c.obj)
                0x0000000000004394                bt_id_read_public_addr
 .text.bt_setup_public_id_addr
                0x0000000000004410       0x20 zephyr/subsys/bluetooth/host/libsubsys__bluetooth__host.a(id.c.obj)
                0x0000000000004410                bt_setup_public_id_addr
 .text.bt_setup_random_id_addr
                0x0000000000004430       0xc4 zephyr/subsys/bluetooth/host/libsubsys__bluetooth__host.a(id.c.obj)
                0x0000000000004430                bt_setup_random_id_addr
 .text.bt_id_set_create_conn_own_addr
                0x00000000000044f4       0x30 zephyr/subsys/bluetooth/host/libsubsys__bluetooth__host.a(id.c.obj)
                0x00000000000044f4                bt_id_set_create_conn_own_addr
 .text.bt_id_set_scan_own_addr
                0x0000000000004524       0x54 zephyr/subsys/bluetooth/host/libsubsys__bluetooth__host.a(id.c.obj)
                0x0000000000004524                bt_id_set_scan_own_addr
 .text.bt_id_set_adv_own_addr
                0x0000000000004578      0x108 zephyr/subsys/bluetooth/host/libsubsys__bluetooth__host.a(id.c.obj)
                0x0000000000004578                bt_id_set_adv_own_addr
 .text.bt_id_init
                0x0000000000004680       0x54 zephyr/subsys/bluetooth/host/libsubsys__bluetooth__host.a(id.c.obj)
                0x0000000000004680                bt_id_init
 .text.adv_is_directed
                0x00000000000046d4       0x18 zephyr/subsys/bluetooth/host/libsubsys__bluetooth__host.a(adv.c.obj)
 .text.le_adv_start_add_conn
                0x00000000000046ec       0x60 zephyr/subsys/bluetooth/host/libsubsys__bluetooth__host.a(adv.c.obj)
 .text.bt_le_adv_lookup_legacy
                0x000000000000474c        0x8 zephyr/subsys/bluetooth/host/libsubsys__bluetooth__host.a(adv.c.obj)
                0x000000000000474c                bt_le_adv_lookup_legacy
 .text.bt_le_adv_set_enable_legacy
                0x0000000000004754       0x4c zephyr/subsys/bluetooth/host/libsubsys__bluetooth__host.a(adv.c.obj)
                0x0000000000004754                bt_le_adv_set_enable_legacy
 .text.bt_le_adv_resume
                0x00000000000047a0       0xe0 zephyr/subsys/bluetooth/host/libsubsys__bluetooth__host.a(adv.c.obj)
                0x00000000000047a0                bt_le_adv_resume
 .text.cmd_le_set_scan_enable_legacy
                0x0000000000004880       0x4c zephyr/subsys/bluetooth/host/libsubsys__bluetooth__host.a(scan.c.obj)
 .text.scan_check_if_state_allowed
                0x00000000000048cc       0x40 zephyr/subsys/bluetooth/host/libsubsys__bluetooth__host.a(scan.c.obj)
 .text.atomic_clear_bit.constprop.0
                0x000000000000490c       0x20 zephyr/subsys/bluetooth/host/libsubsys__bluetooth__host.a(scan.c.obj)
 .text.scan_update
                0x000000000000492c      0x18c zephyr/subsys/bluetooth/host/libsubsys__bluetooth__host.a(scan.c.obj)
 .text.bt_scan_reset
                0x0000000000004ab8       0x30 zephyr/subsys/bluetooth/host/libsubsys__bluetooth__host.a(scan.c.obj)
                0x0000000000004ab8                bt_scan_reset
 .text.bt_le_scan_set_enable
                0x0000000000004ae8       0x1c zephyr/subsys/bluetooth/host/libsubsys__bluetooth__host.a(scan.c.obj)
                0x0000000000004ae8                bt_le_scan_set_enable
 .text.bt_le_scan_user_add
                0x0000000000004b04       0x44 zephyr/subsys/bluetooth/host/libsubsys__bluetooth__host.a(scan.c.obj)
                0x0000000000004b04                bt_le_scan_user_add
 .text.bt_hci_le_adv_report
                0x0000000000004b48      0x20c zephyr/subsys/bluetooth/host/libsubsys__bluetooth__host.a(scan.c.obj)
                0x0000000000004b48                bt_hci_le_adv_report
 .text.bt_le_scan_start
                0x0000000000004d54       0x9c zephyr/subsys/bluetooth/host/libsubsys__bluetooth__host.a(scan.c.obj)
                0x0000000000004d54                bt_le_scan_start
 .text.notify_connected
                0x0000000000004df0       0x44 zephyr/subsys/bluetooth/host/libsubsys__bluetooth__host.a(conn.c.obj)
 .text.frag_destroy
                0x0000000000004e34       0x20 zephyr/subsys/bluetooth/host/libsubsys__bluetooth__host.a(conn.c.obj)
                0x0000000000004e34                frag_destroy
 .text.conn_tx_destroy
                0x0000000000004e54       0x28 zephyr/subsys/bluetooth/host/libsubsys__bluetooth__host.a(conn.c.obj)
 .text.get_data_frag
                0x0000000000004e7c       0x38 zephyr/subsys/bluetooth/host/libsubsys__bluetooth__host.a(conn.c.obj)
 .text.perform_auto_initiated_procedures.part.0
                0x0000000000004eb4       0x20 zephyr/subsys/bluetooth/host/libsubsys__bluetooth__host.a(conn.c.obj)
 .text.recycled_work_handler
                0x0000000000004ed4       0x54 zephyr/subsys/bluetooth/host/libsubsys__bluetooth__host.a(conn.c.obj)
 .text.tx_notify_process
                0x0000000000004f28       0x5c zephyr/subsys/bluetooth/host/libsubsys__bluetooth__host.a(conn.c.obj)
 .text.bt_conn_get_pkts
                0x0000000000004f84       0x18 zephyr/subsys/bluetooth/host/libsubsys__bluetooth__host.a(conn.c.obj)
                0x0000000000004f84                bt_conn_get_pkts
 .text.bt_conn_tx_notify
                0x0000000000004f9c       0x40 zephyr/subsys/bluetooth/host/libsubsys__bluetooth__host.a(conn.c.obj)
                0x0000000000004f9c                bt_conn_tx_notify
 .text.bt_conn_new
                0x0000000000004fdc       0x58 zephyr/subsys/bluetooth/host/libsubsys__bluetooth__host.a(conn.c.obj)
                0x0000000000004fdc                bt_conn_new
 .text.bt_conn_recv
                0x0000000000005034      0x114 zephyr/subsys/bluetooth/host/libsubsys__bluetooth__host.a(conn.c.obj)
                0x0000000000005034                bt_conn_recv
 .text.bt_conn_data_ready
                0x0000000000005148       0x38 zephyr/subsys/bluetooth/host/libsubsys__bluetooth__host.a(conn.c.obj)
                0x0000000000005148                bt_conn_data_ready
 .text.get_conn_ready
                0x0000000000005180       0xcc zephyr/subsys/bluetooth/host/libsubsys__bluetooth__host.a(conn.c.obj)
                0x0000000000005180                get_conn_ready
 .text.bt_conn_unref
                0x000000000000524c       0x3c zephyr/subsys/bluetooth/host/libsubsys__bluetooth__host.a(conn.c.obj)
                0x000000000000524c                bt_conn_unref
 .text.bt_conn_set_state
                0x0000000000005288      0x204 zephyr/subsys/bluetooth/host/libsubsys__bluetooth__host.a(conn.c.obj)
                0x0000000000005288                bt_conn_set_state
 .text.bt_conn_lookup_handle
                0x000000000000548c       0x40 zephyr/subsys/bluetooth/host/libsubsys__bluetooth__host.a(conn.c.obj)
                0x000000000000548c                bt_conn_lookup_handle
 .text.bt_conn_foreach
                0x00000000000054cc       0x2c zephyr/subsys/bluetooth/host/libsubsys__bluetooth__host.a(conn.c.obj)
                0x00000000000054cc                bt_conn_foreach
 .text.auto_initiated_procedures
                0x00000000000054f8       0x14 zephyr/subsys/bluetooth/host/libsubsys__bluetooth__host.a(conn.c.obj)
 .text.bt_conn_index
                0x000000000000550c       0x18 zephyr/subsys/bluetooth/host/libsubsys__bluetooth__host.a(conn.c.obj)
                0x000000000000550c                bt_conn_index
 .text.bt_conn_create_pdu_timeout
                0x0000000000005524       0x5c zephyr/subsys/bluetooth/host/libsubsys__bluetooth__host.a(conn.c.obj)
                0x0000000000005524                bt_conn_create_pdu_timeout
 .text.bt_conn_connected
                0x0000000000005580       0x1c zephyr/subsys/bluetooth/host/libsubsys__bluetooth__host.a(conn.c.obj)
                0x0000000000005580                bt_conn_connected
 .text.notify_le_param_updated
                0x000000000000559c       0xa4 zephyr/subsys/bluetooth/host/libsubsys__bluetooth__host.a(conn.c.obj)
                0x000000000000559c                notify_le_param_updated
 .text.le_param_req
                0x0000000000005640       0x74 zephyr/subsys/bluetooth/host/libsubsys__bluetooth__host.a(conn.c.obj)
                0x0000000000005640                le_param_req
 .text.bt_conn_add_le
                0x00000000000056b4       0x50 zephyr/subsys/bluetooth/host/libsubsys__bluetooth__host.a(conn.c.obj)
                0x00000000000056b4                bt_conn_add_le
 .text.bt_conn_lookup_addr_le
                0x0000000000005704       0x34 zephyr/subsys/bluetooth/host/libsubsys__bluetooth__host.a(conn.c.obj)
                0x0000000000005704                bt_conn_lookup_addr_le
 .text.bt_conn_exists_le
                0x0000000000005738       0x74 zephyr/subsys/bluetooth/host/libsubsys__bluetooth__host.a(conn.c.obj)
                0x0000000000005738                bt_conn_exists_le
 .text.bt_conn_lookup_state_le
                0x00000000000057ac       0x48 zephyr/subsys/bluetooth/host/libsubsys__bluetooth__host.a(conn.c.obj)
                0x00000000000057ac                bt_conn_lookup_state_le
 .text.bt_le_set_auto_conn
                0x00000000000057f4       0xd0 zephyr/subsys/bluetooth/host/libsubsys__bluetooth__host.a(conn.c.obj)
                0x00000000000057f4                bt_le_set_auto_conn
 .text.bt_conn_tx_processor
                0x00000000000058c4      0x270 zephyr/subsys/bluetooth/host/libsubsys__bluetooth__host.a(conn.c.obj)
                0x00000000000058c4                bt_conn_tx_processor
 .text.bt_conn_le_conn_update
                0x0000000000005b34       0x64 zephyr/subsys/bluetooth/host/libsubsys__bluetooth__host.a(conn.c.obj)
                0x0000000000005b34                bt_conn_le_conn_update
 .text.send_conn_le_param_update
                0x0000000000005b98       0x6c zephyr/subsys/bluetooth/host/libsubsys__bluetooth__host.a(conn.c.obj)
 .text.deferred_work
                0x0000000000005c04       0xf0 zephyr/subsys/bluetooth/host/libsubsys__bluetooth__host.a(conn.c.obj)
 .text.bt_conn_init
                0x0000000000005cf4       0x70 zephyr/subsys/bluetooth/host/libsubsys__bluetooth__host.a(conn.c.obj)
                0x0000000000005cf4                bt_conn_init
 .text.l2cap_create_le_sig_pdu.part.0
                0x0000000000005d64       0x1c zephyr/subsys/bluetooth/host/libsubsys__bluetooth__host.a(l2cap.c.obj)
 .text.l2cap_accept.part.0
                0x0000000000005d80       0x30 zephyr/subsys/bluetooth/host/libsubsys__bluetooth__host.a(l2cap.c.obj)
 .text.l2cap_accept
                0x0000000000005db0       0x24 zephyr/subsys/bluetooth/host/libsubsys__bluetooth__host.a(l2cap.c.obj)
 .text.bt_l2cap_connected
                0x0000000000005dd4       0x94 zephyr/subsys/bluetooth/host/libsubsys__bluetooth__host.a(l2cap.c.obj)
                0x0000000000005dd4                bt_l2cap_connected
 .text.bt_l2cap_send_pdu
                0x0000000000005e68       0x74 zephyr/subsys/bluetooth/host/libsubsys__bluetooth__host.a(l2cap.c.obj)
                0x0000000000005e68                bt_l2cap_send_pdu
 .text.l2cap_data_pull
                0x0000000000005edc      0x128 zephyr/subsys/bluetooth/host/libsubsys__bluetooth__host.a(l2cap.c.obj)
                0x0000000000005edc                l2cap_data_pull
 .text.l2cap_recv.part.0
                0x0000000000006004      0x15c zephyr/subsys/bluetooth/host/libsubsys__bluetooth__host.a(l2cap.c.obj)
 .text.l2cap_recv
                0x0000000000006160       0x24 zephyr/subsys/bluetooth/host/libsubsys__bluetooth__host.a(l2cap.c.obj)
 .text.bt_l2cap_recv
                0x0000000000006184       0x60 zephyr/subsys/bluetooth/host/libsubsys__bluetooth__host.a(l2cap.c.obj)
                0x0000000000006184                bt_l2cap_recv
 .text.bt_l2cap_update_conn_param
                0x00000000000061e4       0x64 zephyr/subsys/bluetooth/host/libsubsys__bluetooth__host.a(l2cap.c.obj)
                0x00000000000061e4                bt_l2cap_update_conn_param
 .text.att_op_get_type
                0x0000000000006248       0x78 zephyr/subsys/bluetooth/host/libsubsys__bluetooth__host.a(att.c.obj)
 .text.bt_att_released
                0x00000000000062c0       0x14 zephyr/subsys/bluetooth/host/libsubsys__bluetooth__host.a(att.c.obj)
 .text.bt_att_connected
                0x00000000000062d4       0x2c zephyr/subsys/bluetooth/host/libsubsys__bluetooth__host.a(att.c.obj)
 .text.read_group_cb
                0x0000000000006300       0xcc zephyr/subsys/bluetooth/host/libsubsys__bluetooth__host.a(att.c.obj)
 .text.bt_att_accept
                0x00000000000063cc      0x11c zephyr/subsys/bluetooth/host/libsubsys__bluetooth__host.a(att.c.obj)
 .text.read_type_cb
                0x00000000000064e8       0xac zephyr/subsys/bluetooth/host/libsubsys__bluetooth__host.a(att.c.obj)
 .text.bt_att_chan_create_pdu
                0x0000000000006594       0x94 zephyr/subsys/bluetooth/host/libsubsys__bluetooth__host.a(att.c.obj)
 .text.find_type_cb
                0x0000000000006628      0x188 zephyr/subsys/bluetooth/host/libsubsys__bluetooth__host.a(att.c.obj)
 .text.chan_send
                0x00000000000067b0       0xec zephyr/subsys/bluetooth/host/libsubsys__bluetooth__host.a(att.c.obj)
 .text.att_tx_destroy
                0x000000000000689c      0x104 zephyr/subsys/bluetooth/host/libsubsys__bluetooth__host.a(att.c.obj)
 .text.bt_att_recv
                0x00000000000069a0       0xc8 zephyr/subsys/bluetooth/host/libsubsys__bluetooth__host.a(att.c.obj)
 .text.att_write_rsp.constprop.0
                0x0000000000006a68       0xcc zephyr/subsys/bluetooth/host/libsubsys__bluetooth__host.a(att.c.obj)
 .text.att_get  0x0000000000006b34       0x50 zephyr/subsys/bluetooth/host/libsubsys__bluetooth__host.a(att.c.obj)
 .text.bt_att_create_pdu
                0x0000000000006b84       0x70 zephyr/subsys/bluetooth/host/libsubsys__bluetooth__host.a(att.c.obj)
                0x0000000000006b84                bt_att_create_pdu
 .text.bt_att_create_rsp_pdu
                0x0000000000006bf4       0x60 zephyr/subsys/bluetooth/host/libsubsys__bluetooth__host.a(att.c.obj)
                0x0000000000006bf4                bt_att_create_rsp_pdu
 .text.att_read_group_req
                0x0000000000006c54      0x100 zephyr/subsys/bluetooth/host/libsubsys__bluetooth__host.a(att.c.obj)
 .text.att_read_mult_vl_req
                0x0000000000006d54       0x94 zephyr/subsys/bluetooth/host/libsubsys__bluetooth__host.a(att.c.obj)
 .text.att_read_mult_req
                0x0000000000006de8       0x94 zephyr/subsys/bluetooth/host/libsubsys__bluetooth__host.a(att.c.obj)
 .text.att_read_rsp
                0x0000000000006e7c       0x94 zephyr/subsys/bluetooth/host/libsubsys__bluetooth__host.a(att.c.obj)
 .text.att_read_type_req
                0x0000000000006f10       0xfc zephyr/subsys/bluetooth/host/libsubsys__bluetooth__host.a(att.c.obj)
 .text.att_find_type_req
                0x000000000000700c       0xd0 zephyr/subsys/bluetooth/host/libsubsys__bluetooth__host.a(att.c.obj)
 .text.att_find_info_req
                0x00000000000070dc       0x80 zephyr/subsys/bluetooth/host/libsubsys__bluetooth__host.a(att.c.obj)
 .text.bt_att_req_alloc
                0x000000000000715c       0x48 zephyr/subsys/bluetooth/host/libsubsys__bluetooth__host.a(att.c.obj)
                0x000000000000715c                bt_att_req_alloc
 .text.bt_att_req_free
                0x00000000000071a4       0x20 zephyr/subsys/bluetooth/host/libsubsys__bluetooth__host.a(att.c.obj)
                0x00000000000071a4                bt_att_req_free
 .text.att_handle_rsp
                0x00000000000071c4       0x70 zephyr/subsys/bluetooth/host/libsubsys__bluetooth__host.a(att.c.obj)
 .text.bt_att_disconnected
                0x0000000000007234       0xb4 zephyr/subsys/bluetooth/host/libsubsys__bluetooth__host.a(att.c.obj)
 .text.att_timeout
                0x00000000000072e8       0xec zephyr/subsys/bluetooth/host/libsubsys__bluetooth__host.a(att.c.obj)
 .text.bt_att_set_tx_meta_data
                0x00000000000073d4       0x24 zephyr/subsys/bluetooth/host/libsubsys__bluetooth__host.a(att.c.obj)
                0x00000000000073d4                bt_att_set_tx_meta_data
 .text.find_cf_cfg
                0x00000000000073f8       0x34 zephyr/subsys/bluetooth/host/libsubsys__bluetooth__host.a(gatt.c.obj)
 .text.find_sc_cfg
                0x000000000000742c       0x28 zephyr/subsys/bluetooth/host/libsubsys__bluetooth__host.a(gatt.c.obj)
 .text.find_ccc_cfg
                0x0000000000007454       0x2c zephyr/subsys/bluetooth/host/libsubsys__bluetooth__host.a(gatt.c.obj)
 .text.bt_gatt_attr_write_ccc
                0x0000000000007480       0xb8 zephyr/subsys/bluetooth/host/libsubsys__bluetooth__host.a(gatt.c.obj)
                0x0000000000007480                bt_gatt_attr_write_ccc
 .text.db_hash_update.part.0
                0x0000000000007538       0x1c zephyr/subsys/bluetooth/host/libsubsys__bluetooth__host.a(gatt.c.obj)
 .text.gen_hash_m
                0x0000000000007554       0xb8 zephyr/subsys/bluetooth/host/libsubsys__bluetooth__host.a(gatt.c.obj)
 .text.clear_cf_cfg
                0x000000000000760c       0x20 zephyr/subsys/bluetooth/host/libsubsys__bluetooth__host.a(gatt.c.obj)
 .text.sc_save  0x000000000000762c       0x60 zephyr/subsys/bluetooth/host/libsubsys__bluetooth__host.a(gatt.c.obj)
 .text.disconnected_cb
                0x000000000000768c       0xa0 zephyr/subsys/bluetooth/host/libsubsys__bluetooth__host.a(gatt.c.obj)
 .text.read_ppcp
                0x000000000000772c       0x38 zephyr/subsys/bluetooth/host/libsubsys__bluetooth__host.a(gatt.c.obj)
 .text.cf_read  0x0000000000007764       0x48 zephyr/subsys/bluetooth/host/libsubsys__bluetooth__host.a(gatt.c.obj)
 .text.cf_write
                0x00000000000077ac       0x90 zephyr/subsys/bluetooth/host/libsubsys__bluetooth__host.a(gatt.c.obj)
 .text.sc_indicate_rsp
                0x000000000000783c       0x4c zephyr/subsys/bluetooth/host/libsubsys__bluetooth__host.a(gatt.c.obj)
 .text.bt_gatt_init
                0x0000000000007888       0x84 zephyr/subsys/bluetooth/host/libsubsys__bluetooth__host.a(gatt.c.obj)
                0x0000000000007888                bt_gatt_init
 .text.bt_gatt_attr_get_handle
                0x000000000000790c       0x68 zephyr/subsys/bluetooth/host/libsubsys__bluetooth__host.a(gatt.c.obj)
                0x000000000000790c                bt_gatt_attr_get_handle
 .text.bt_gatt_attr_value_handle
                0x0000000000007974       0x38 zephyr/subsys/bluetooth/host/libsubsys__bluetooth__host.a(gatt.c.obj)
                0x0000000000007974                bt_gatt_attr_value_handle
 .text.bt_gatt_foreach_attr_type
                0x00000000000079ac       0xb8 zephyr/subsys/bluetooth/host/libsubsys__bluetooth__host.a(gatt.c.obj)
                0x00000000000079ac                bt_gatt_foreach_attr_type
 .text.db_hash_gen
                0x0000000000007a64       0x88 zephyr/subsys/bluetooth/host/libsubsys__bluetooth__host.a(gatt.c.obj)
 .text.db_hash_read
                0x0000000000007aec       0x7c zephyr/subsys/bluetooth/host/libsubsys__bluetooth__host.a(gatt.c.obj)
 .text.db_hash_process
                0x0000000000007b68       0x18 zephyr/subsys/bluetooth/host/libsubsys__bluetooth__host.a(gatt.c.obj)
 .text.bt_gatt_attr_next
                0x0000000000007b80       0x20 zephyr/subsys/bluetooth/host/libsubsys__bluetooth__host.a(gatt.c.obj)
                0x0000000000007b80                bt_gatt_attr_next
 .text.bt_gatt_is_subscribed
                0x0000000000007ba0       0xf4 zephyr/subsys/bluetooth/host/libsubsys__bluetooth__host.a(gatt.c.obj)
                0x0000000000007ba0                bt_gatt_is_subscribed
 .text.gatt_indicate
                0x0000000000007c94       0xe0 zephyr/subsys/bluetooth/host/libsubsys__bluetooth__host.a(gatt.c.obj)
 .text.bt_gatt_indicate
                0x0000000000007d74       0xe8 zephyr/subsys/bluetooth/host/libsubsys__bluetooth__host.a(gatt.c.obj)
                0x0000000000007d74                bt_gatt_indicate
 .text.sc_process
                0x0000000000007e5c       0x4c zephyr/subsys/bluetooth/host/libsubsys__bluetooth__host.a(gatt.c.obj)
 .text.update_ccc
                0x0000000000007ea8       0xe8 zephyr/subsys/bluetooth/host/libsubsys__bluetooth__host.a(gatt.c.obj)
 .text.gatt_notify
                0x0000000000007f90       0xa8 zephyr/subsys/bluetooth/host/libsubsys__bluetooth__host.a(gatt.c.obj)
 .text.notify_cb
                0x0000000000008038      0x12c zephyr/subsys/bluetooth/host/libsubsys__bluetooth__host.a(gatt.c.obj)
 .text.bt_gatt_connected
                0x0000000000008164       0x1c zephyr/subsys/bluetooth/host/libsubsys__bluetooth__host.a(gatt.c.obj)
                0x0000000000008164                bt_gatt_connected
 .text.bt_gatt_att_max_mtu_changed
                0x0000000000008180       0x2c zephyr/subsys/bluetooth/host/libsubsys__bluetooth__host.a(gatt.c.obj)
                0x0000000000008180                bt_gatt_att_max_mtu_changed
 .text.bt_gatt_disconnected
                0x00000000000081ac       0x44 zephyr/subsys/bluetooth/host/libsubsys__bluetooth__host.a(gatt.c.obj)
                0x00000000000081ac                bt_gatt_disconnected
 .text.bt_smp_accept.part.0
                0x00000000000081f0       0x30 zephyr/subsys/bluetooth/host/libsubsys__bluetooth__host.a(smp_null.c.obj)
 .text.bt_smp_accept
                0x0000000000008220       0x24 zephyr/subsys/bluetooth/host/libsubsys__bluetooth__host.a(smp_null.c.obj)
 .text.mem_init
                0x0000000000008244       0x64 zephyr/subsys/bluetooth/controller/libsubsys__bluetooth__controller.a(mem.c.obj)
                0x0000000000008244                mem_init
 .text.mem_acquire
                0x00000000000082a8       0x34 zephyr/subsys/bluetooth/controller/libsubsys__bluetooth__controller.a(mem.c.obj)
                0x00000000000082a8                mem_acquire
 .text.mem_release
                0x00000000000082dc       0x34 zephyr/subsys/bluetooth/controller/libsubsys__bluetooth__controller.a(mem.c.obj)
                0x00000000000082dc                mem_release
 .text.mem_get  0x0000000000008310        0x8 zephyr/subsys/bluetooth/controller/libsubsys__bluetooth__controller.a(mem.c.obj)
                0x0000000000008310                mem_get
 .text.mem_index_get
                0x0000000000008318       0x10 zephyr/subsys/bluetooth/controller/libsubsys__bluetooth__controller.a(mem.c.obj)
                0x0000000000008318                mem_index_get
 .text.mem_rcopy
                0x0000000000008328       0x1c zephyr/subsys/bluetooth/controller/libsubsys__bluetooth__controller.a(mem.c.obj)
                0x0000000000008328                mem_rcopy
 .text.mem_nz   0x0000000000008344       0x20 zephyr/subsys/bluetooth/controller/libsubsys__bluetooth__controller.a(mem.c.obj)
                0x0000000000008344                mem_nz
 .text.memq_init
                0x0000000000008364        0x8 zephyr/subsys/bluetooth/controller/libsubsys__bluetooth__controller.a(memq.c.obj)
                0x0000000000008364                memq_init
 .text.memq_deinit
                0x000000000000836c       0x18 zephyr/subsys/bluetooth/controller/libsubsys__bluetooth__controller.a(memq.c.obj)
                0x000000000000836c                memq_deinit
 .text.memq_enqueue
                0x0000000000008384        0xc zephyr/subsys/bluetooth/controller/libsubsys__bluetooth__controller.a(memq.c.obj)
                0x0000000000008384                memq_enqueue
 .text.memq_peek
                0x0000000000008390       0x14 zephyr/subsys/bluetooth/controller/libsubsys__bluetooth__controller.a(memq.c.obj)
                0x0000000000008390                memq_peek
 .text.memq_dequeue
                0x00000000000083a4       0x20 zephyr/subsys/bluetooth/controller/libsubsys__bluetooth__controller.a(memq.c.obj)
                0x00000000000083a4                memq_dequeue
 .text.mayfly_init
                0x00000000000083c4       0x44 zephyr/subsys/bluetooth/controller/libsubsys__bluetooth__controller.a(mayfly.c.obj)
                0x00000000000083c4                mayfly_init
 .text.mayfly_enable
                0x0000000000008408       0x60 zephyr/subsys/bluetooth/controller/libsubsys__bluetooth__controller.a(mayfly.c.obj)
                0x0000000000008408                mayfly_enable
 .text.mayfly_enqueue
                0x0000000000008468       0xe0 zephyr/subsys/bluetooth/controller/libsubsys__bluetooth__controller.a(mayfly.c.obj)
                0x0000000000008468                mayfly_enqueue
 .text.mayfly_run
                0x0000000000008548      0x178 zephyr/subsys/bluetooth/controller/libsubsys__bluetooth__controller.a(mayfly.c.obj)
                0x0000000000008548                mayfly_run
 .text.util_ones_count_get
                0x00000000000086c0       0x30 zephyr/subsys/bluetooth/controller/libsubsys__bluetooth__controller.a(util.c.obj)
                0x00000000000086c0                util_ones_count_get
 .text.util_aa_le32
                0x00000000000086f0      0x164 zephyr/subsys/bluetooth/controller/libsubsys__bluetooth__controller.a(util.c.obj)
                0x00000000000086f0                util_aa_le32
 .text.ticker_dequeue
                0x0000000000008854       0x68 zephyr/subsys/bluetooth/controller/libsubsys__bluetooth__controller.a(ticker.c.obj)
 .text.ticks_to_expire_prep
                0x00000000000088bc       0x3c zephyr/subsys/bluetooth/controller/libsubsys__bluetooth__controller.a(ticker.c.obj)
 .text.ticker_job_list_insert
                0x00000000000088f8      0x3f8 zephyr/subsys/bluetooth/controller/libsubsys__bluetooth__controller.a(ticker.c.obj)
 .text.ticker_worker
                0x0000000000008cf0       0xd8 zephyr/subsys/bluetooth/controller/libsubsys__bluetooth__controller.a(ticker.c.obj)
                0x0000000000008cf0                ticker_worker
 .text.ticker_job
                0x0000000000008dc8      0x764 zephyr/subsys/bluetooth/controller/libsubsys__bluetooth__controller.a(ticker.c.obj)
                0x0000000000008dc8                ticker_job
 .text.ticker_init
                0x000000000000952c       0x6c zephyr/subsys/bluetooth/controller/libsubsys__bluetooth__controller.a(ticker.c.obj)
                0x000000000000952c                ticker_init
 .text.ticker_trigger
                0x0000000000009598       0x20 zephyr/subsys/bluetooth/controller/libsubsys__bluetooth__controller.a(ticker.c.obj)
                0x0000000000009598                ticker_trigger
 .text.ticker_start_us
                0x00000000000095b8       0x8c zephyr/subsys/bluetooth/controller/libsubsys__bluetooth__controller.a(ticker.c.obj)
                0x00000000000095b8                ticker_start_us
 .text.ticker_start
                0x0000000000009644       0x38 zephyr/subsys/bluetooth/controller/libsubsys__bluetooth__controller.a(ticker.c.obj)
                0x0000000000009644                ticker_start
 .text.ticker_update
                0x000000000000967c       0x8c zephyr/subsys/bluetooth/controller/libsubsys__bluetooth__controller.a(ticker.c.obj)
                0x000000000000967c                ticker_update
 .text.ticker_stop
                0x0000000000009708       0x5c zephyr/subsys/bluetooth/controller/libsubsys__bluetooth__controller.a(ticker.c.obj)
                0x0000000000009708                ticker_stop
 .text.ticker_stop_abs
                0x0000000000009764       0x60 zephyr/subsys/bluetooth/controller/libsubsys__bluetooth__controller.a(ticker.c.obj)
                0x0000000000009764                ticker_stop_abs
 .text.ticker_next_slot_get_ext
                0x00000000000097c4       0x74 zephyr/subsys/bluetooth/controller/libsubsys__bluetooth__controller.a(ticker.c.obj)
                0x00000000000097c4                ticker_next_slot_get_ext
 .text.ticker_job_idle_get
                0x0000000000009838       0x5c zephyr/subsys/bluetooth/controller/libsubsys__bluetooth__controller.a(ticker.c.obj)
                0x0000000000009838                ticker_job_idle_get
 .text.ticker_job_sched
                0x0000000000009894       0x20 zephyr/subsys/bluetooth/controller/libsubsys__bluetooth__controller.a(ticker.c.obj)
                0x0000000000009894                ticker_job_sched
 .text.ticker_ticks_now_get
                0x00000000000098b4        0x8 zephyr/subsys/bluetooth/controller/libsubsys__bluetooth__controller.a(ticker.c.obj)
                0x00000000000098b4                ticker_ticks_now_get
 .text.ticker_ticks_diff_get
                0x00000000000098bc        0x8 zephyr/subsys/bluetooth/controller/libsubsys__bluetooth__controller.a(ticker.c.obj)
                0x00000000000098bc                ticker_ticks_diff_get
 .text.ll_feat_get
                0x00000000000098c4        0xc zephyr/subsys/bluetooth/controller/libsubsys__bluetooth__controller.a(ll_feat.c.obj)
                0x00000000000098c4                ll_feat_get
 .text.ll_tx_pwr_lvl_get
                0x00000000000098d0       0x24 zephyr/subsys/bluetooth/controller/libsubsys__bluetooth__controller.a(ll_tx_pwr.c.obj)
                0x00000000000098d0                ll_tx_pwr_lvl_get
 .text.ll_tx_pwr_get
                0x00000000000098f4        0x8 zephyr/subsys/bluetooth/controller/libsubsys__bluetooth__controller.a(ll_tx_pwr.c.obj)
                0x00000000000098f4                ll_tx_pwr_get
 .text.ll_addr_set
                0x00000000000098fc       0x50 zephyr/subsys/bluetooth/controller/libsubsys__bluetooth__controller.a(ll_addr.c.obj)
                0x00000000000098fc                ll_addr_set
 .text.ll_addr_get
                0x000000000000994c       0x1c zephyr/subsys/bluetooth/controller/libsubsys__bluetooth__controller.a(ll_addr.c.obj)
                0x000000000000994c                ll_addr_get
 .text.ll_addr_read
                0x0000000000009968       0x2c zephyr/subsys/bluetooth/controller/libsubsys__bluetooth__controller.a(ll_addr.c.obj)
                0x0000000000009968                ll_addr_read
 .text.perform_lll_reset
                0x0000000000009994       0xc0 zephyr/subsys/bluetooth/controller/libsubsys__bluetooth__controller.a(ull.c.obj)
 .text.ull_ticker_status_give
                0x0000000000009a54       0x10 zephyr/subsys/bluetooth/controller/libsubsys__bluetooth__controller.a(ull.c.obj)
                0x0000000000009a54                ull_ticker_status_give
 .text.disabled_cb
                0x0000000000009a64        0x8 zephyr/subsys/bluetooth/controller/libsubsys__bluetooth__controller.a(ull.c.obj)
 .text.tx_cmplt_get
                0x0000000000009a6c       0xc8 zephyr/subsys/bluetooth/controller/libsubsys__bluetooth__controller.a(ull.c.obj)
 .text.rx_replenish
                0x0000000000009b34      0x104 zephyr/subsys/bluetooth/controller/libsubsys__bluetooth__controller.a(ull.c.obj)
 .text.rx_demux_yield
                0x0000000000009c38       0x3c zephyr/subsys/bluetooth/controller/libsubsys__bluetooth__controller.a(ull.c.obj)
 .text.init_reset
                0x0000000000009c74      0x148 zephyr/subsys/bluetooth/controller/libsubsys__bluetooth__controller.a(ull.c.obj)
 .text.ll_init  0x0000000000009dbc       0xec zephyr/subsys/bluetooth/controller/libsubsys__bluetooth__controller.a(ull.c.obj)
                0x0000000000009dbc                ll_init
 .text.ll_reset
                0x0000000000009ea8      0x158 zephyr/subsys/bluetooth/controller/libsubsys__bluetooth__controller.a(ull.c.obj)
                0x0000000000009ea8                ll_reset
 .text.ll_deinit
                0x000000000000a000        0xc zephyr/subsys/bluetooth/controller/libsubsys__bluetooth__controller.a(ull.c.obj)
                0x000000000000a000                ll_deinit
 .text.ll_rx_get
                0x000000000000a00c      0x118 zephyr/subsys/bluetooth/controller/libsubsys__bluetooth__controller.a(ull.c.obj)
                0x000000000000a00c                ll_rx_get
 .text.ll_rx_dequeue
                0x000000000000a124      0x174 zephyr/subsys/bluetooth/controller/libsubsys__bluetooth__controller.a(ull.c.obj)
                0x000000000000a124                ll_rx_dequeue
 .text.ll_rx_mem_release
                0x000000000000a298      0x170 zephyr/subsys/bluetooth/controller/libsubsys__bluetooth__controller.a(ull.c.obj)
                0x000000000000a298                ll_rx_mem_release
 .text.ll_rx_link_alloc
                0x000000000000a408       0x10 zephyr/subsys/bluetooth/controller/libsubsys__bluetooth__controller.a(ull.c.obj)
                0x000000000000a408                ll_rx_link_alloc
 .text.ll_rx_link_release
                0x000000000000a418       0x10 zephyr/subsys/bluetooth/controller/libsubsys__bluetooth__controller.a(ull.c.obj)
                0x000000000000a418                ll_rx_link_release
 .text.ll_rx_alloc
                0x000000000000a428       0x10 zephyr/subsys/bluetooth/controller/libsubsys__bluetooth__controller.a(ull.c.obj)
                0x000000000000a428                ll_rx_alloc
 .text.ll_rx_release
                0x000000000000a438       0x10 zephyr/subsys/bluetooth/controller/libsubsys__bluetooth__controller.a(ull.c.obj)
                0x000000000000a438                ll_rx_release
 .text.ll_rx_put
                0x000000000000a448       0x1c zephyr/subsys/bluetooth/controller/libsubsys__bluetooth__controller.a(ull.c.obj)
                0x000000000000a448                ll_rx_put
 .text.ll_rx_put_sched
                0x000000000000a464       0x28 zephyr/subsys/bluetooth/controller/libsubsys__bluetooth__controller.a(ull.c.obj)
                0x000000000000a464                ll_rx_put_sched
 .text.ll_pdu_rx_alloc_peek
                0x000000000000a48c       0x30 zephyr/subsys/bluetooth/controller/libsubsys__bluetooth__controller.a(ull.c.obj)
                0x000000000000a48c                ll_pdu_rx_alloc_peek
 .text.ll_pdu_rx_alloc
                0x000000000000a4bc       0x2c zephyr/subsys/bluetooth/controller/libsubsys__bluetooth__controller.a(ull.c.obj)
                0x000000000000a4bc                ll_pdu_rx_alloc
 .text.ll_tx_ack_put
                0x000000000000a4e8       0x64 zephyr/subsys/bluetooth/controller/libsubsys__bluetooth__controller.a(ull.c.obj)
                0x000000000000a4e8                ll_tx_ack_put
 .text.ll_radio_state_abort
                0x000000000000a54c       0x44 zephyr/subsys/bluetooth/controller/libsubsys__bluetooth__controller.a(ull.c.obj)
                0x000000000000a54c                ll_radio_state_abort
 .text.ull_ticker_status_take
                0x000000000000a590       0x24 zephyr/subsys/bluetooth/controller/libsubsys__bluetooth__controller.a(ull.c.obj)
                0x000000000000a590                ull_ticker_status_take
 .text.ull_disable_mark
                0x000000000000a5b4       0x18 zephyr/subsys/bluetooth/controller/libsubsys__bluetooth__controller.a(ull.c.obj)
                0x000000000000a5b4                ull_disable_mark
 .text.ull_disable_unmark
                0x000000000000a5cc       0x1c zephyr/subsys/bluetooth/controller/libsubsys__bluetooth__controller.a(ull.c.obj)
                0x000000000000a5cc                ull_disable_unmark
 .text.ull_disable_mark_get
                0x000000000000a5e8        0xc zephyr/subsys/bluetooth/controller/libsubsys__bluetooth__controller.a(ull.c.obj)
                0x000000000000a5e8                ull_disable_mark_get
 .text.ull_update_mark
                0x000000000000a5f4       0x18 zephyr/subsys/bluetooth/controller/libsubsys__bluetooth__controller.a(ull.c.obj)
                0x000000000000a5f4                ull_update_mark
 .text.ull_update_unmark
                0x000000000000a60c       0x1c zephyr/subsys/bluetooth/controller/libsubsys__bluetooth__controller.a(ull.c.obj)
                0x000000000000a60c                ull_update_unmark
 .text.ull_update_mark_get
                0x000000000000a628        0xc zephyr/subsys/bluetooth/controller/libsubsys__bluetooth__controller.a(ull.c.obj)
                0x000000000000a628                ull_update_mark_get
 .text.ull_disable
                0x000000000000a634       0x80 zephyr/subsys/bluetooth/controller/libsubsys__bluetooth__controller.a(ull.c.obj)
                0x000000000000a634                ull_disable
 .text.ull_ticker_stop_with_mark
                0x000000000000a6b4       0xa4 zephyr/subsys/bluetooth/controller/libsubsys__bluetooth__controller.a(ull.c.obj)
                0x000000000000a6b4                ull_ticker_stop_with_mark
 .text.ull_pdu_rx_alloc_peek
                0x000000000000a758       0x30 zephyr/subsys/bluetooth/controller/libsubsys__bluetooth__controller.a(ull.c.obj)
                0x000000000000a758                ull_pdu_rx_alloc_peek
 .text.ull_pdu_rx_alloc
                0x000000000000a788       0x2c zephyr/subsys/bluetooth/controller/libsubsys__bluetooth__controller.a(ull.c.obj)
                0x000000000000a788                ull_pdu_rx_alloc
 .text.ull_rx_put
                0x000000000000a7b4       0x1c zephyr/subsys/bluetooth/controller/libsubsys__bluetooth__controller.a(ull.c.obj)
                0x000000000000a7b4                ull_rx_put
 .text.ull_rx_sched
                0x000000000000a7d0       0x14 zephyr/subsys/bluetooth/controller/libsubsys__bluetooth__controller.a(ull.c.obj)
                0x000000000000a7d0                ull_rx_sched
 .text.ull_rx_put_sched
                0x000000000000a7e4       0x2c zephyr/subsys/bluetooth/controller/libsubsys__bluetooth__controller.a(ull.c.obj)
                0x000000000000a7e4                ull_rx_put_sched
 .text.ull_prepare_enqueue
                0x000000000000a810       0x80 zephyr/subsys/bluetooth/controller/libsubsys__bluetooth__controller.a(ull.c.obj)
                0x000000000000a810                ull_prepare_enqueue
 .text.ull_prepare_dequeue_get
                0x000000000000a890       0x20 zephyr/subsys/bluetooth/controller/libsubsys__bluetooth__controller.a(ull.c.obj)
                0x000000000000a890                ull_prepare_dequeue_get
 .text.ull_prepare_dequeue_iter
                0x000000000000a8b0       0x40 zephyr/subsys/bluetooth/controller/libsubsys__bluetooth__controller.a(ull.c.obj)
                0x000000000000a8b0                ull_prepare_dequeue_iter
 .text.ull_prepare_dequeue
                0x000000000000a8f0      0x15c zephyr/subsys/bluetooth/controller/libsubsys__bluetooth__controller.a(ull.c.obj)
                0x000000000000a8f0                ull_prepare_dequeue
 .text.rx_demux
                0x000000000000aa4c      0x230 zephyr/subsys/bluetooth/controller/libsubsys__bluetooth__controller.a(ull.c.obj)
 .text.ull_event_done_extra_get
                0x000000000000ac7c       0x20 zephyr/subsys/bluetooth/controller/libsubsys__bluetooth__controller.a(ull.c.obj)
                0x000000000000ac7c                ull_event_done_extra_get
 .text.ull_event_done
                0x000000000000ac9c       0x60 zephyr/subsys/bluetooth/controller/libsubsys__bluetooth__controller.a(ull.c.obj)
                0x000000000000ac9c                ull_event_done
 .text.ull_drift_ticks_get
                0x000000000000acfc       0x90 zephyr/subsys/bluetooth/controller/libsubsys__bluetooth__controller.a(ull.c.obj)
                0x000000000000acfc                ull_drift_ticks_get
 .text.lll_prepare
                0x000000000000ad8c       0x14 zephyr/subsys/bluetooth/controller/libsubsys__bluetooth__controller.a(lll_common.c.obj)
                0x000000000000ad8c                lll_prepare
 .text.lll_resume
                0x000000000000ada0       0x50 zephyr/subsys/bluetooth/controller/libsubsys__bluetooth__controller.a(lll_common.c.obj)
                0x000000000000ada0                lll_resume
 .text.hci_driver_close
                0x000000000000adf0       0x54 zephyr/subsys/bluetooth/controller/libsubsys__bluetooth__controller.a(hci_driver.c.obj)
 .text.recv_thread
                0x000000000000ae44      0x134 zephyr/subsys/bluetooth/controller/libsubsys__bluetooth__controller.a(hci_driver.c.obj)
 .text.hci_driver_open
                0x000000000000af78       0xd4 zephyr/subsys/bluetooth/controller/libsubsys__bluetooth__controller.a(hci_driver.c.obj)
 .text.bt_recv_prio.isra.0
                0x000000000000b04c       0x1c zephyr/subsys/bluetooth/controller/libsubsys__bluetooth__controller.a(hci_driver.c.obj)
 .text.prio_recv_thread
                0x000000000000b068       0xd0 zephyr/subsys/bluetooth/controller/libsubsys__bluetooth__controller.a(hci_driver.c.obj)
 .text.hci_driver_send
                0x000000000000b138       0x98 zephyr/subsys/bluetooth/controller/libsubsys__bluetooth__controller.a(hci_driver.c.obj)
 .text.hci_recv_fifo_reset
                0x000000000000b1d0       0x20 zephyr/subsys/bluetooth/controller/libsubsys__bluetooth__controller.a(hci_driver.c.obj)
                0x000000000000b1d0                hci_recv_fifo_reset
 .text.dup_found.constprop.0
                0x000000000000b1f0       0xc8 zephyr/subsys/bluetooth/controller/libsubsys__bluetooth__controller.a(hci.c.obj)
 .text.le_remote_feat_complete
                0x000000000000b2b8       0x6c zephyr/subsys/bluetooth/controller/libsubsys__bluetooth__controller.a(hci.c.obj)
 .text.hci_vendor_cmd_handle_common
                0x000000000000b324      0x198 zephyr/subsys/bluetooth/controller/libsubsys__bluetooth__controller.a(hci.c.obj)
                0x000000000000b324                hci_vendor_cmd_handle_common
 .text.hci_cmd_handle
                0x000000000000b4bc      0x6fc zephyr/subsys/bluetooth/controller/libsubsys__bluetooth__controller.a(hci.c.obj)
                0x000000000000b4bc                hci_cmd_handle
 .text.hci_acl_handle
                0x000000000000bbb8      0x128 zephyr/subsys/bluetooth/controller/libsubsys__bluetooth__controller.a(hci.c.obj)
                0x000000000000bbb8                hci_acl_handle
 .text.hci_disconn_complete_encode
                0x000000000000bce0       0x40 zephyr/subsys/bluetooth/controller/libsubsys__bluetooth__controller.a(hci.c.obj)
                0x000000000000bce0                hci_disconn_complete_encode
 .text.hci_disconn_complete_process
                0x000000000000bd20       0x10 zephyr/subsys/bluetooth/controller/libsubsys__bluetooth__controller.a(hci.c.obj)
                0x000000000000bd20                hci_disconn_complete_process
 .text.hci_acl_encode
                0x000000000000bd30       0x84 zephyr/subsys/bluetooth/controller/libsubsys__bluetooth__controller.a(hci.c.obj)
                0x000000000000bd30                hci_acl_encode
 .text.hci_evt_encode
                0x000000000000bdb4      0x620 zephyr/subsys/bluetooth/controller/libsubsys__bluetooth__controller.a(hci.c.obj)
                0x000000000000bdb4                hci_evt_encode
 .text.hci_num_cmplt_encode
                0x000000000000c3d4       0x34 zephyr/subsys/bluetooth/controller/libsubsys__bluetooth__controller.a(hci.c.obj)
                0x000000000000c3d4                hci_num_cmplt_encode
 .text.hci_get_class
                0x000000000000c408       0x2c zephyr/subsys/bluetooth/controller/libsubsys__bluetooth__controller.a(hci.c.obj)
                0x000000000000c408                hci_get_class
 .text.hci_init
                0x000000000000c434       0x50 zephyr/subsys/bluetooth/controller/libsubsys__bluetooth__controller.a(hci.c.obj)
                0x000000000000c434                hci_init
 .text.ticker_stop_cb
                0x000000000000c484       0x84 zephyr/subsys/bluetooth/controller/libsubsys__bluetooth__controller.a(ull_adv.c.obj)
 .text.disabled_cb
                0x000000000000c508       0x98 zephyr/subsys/bluetooth/controller/libsubsys__bluetooth__controller.a(ull_adv.c.obj)
 .text.ticker_stop_op_cb
                0x000000000000c5a0       0x48 zephyr/subsys/bluetooth/controller/libsubsys__bluetooth__controller.a(ull_adv.c.obj)
 .text.adv_disable
                0x000000000000c5e8       0x88 zephyr/subsys/bluetooth/controller/libsubsys__bluetooth__controller.a(ull_adv.c.obj)
 .text.ticker_update_op_cb
                0x000000000000c670       0x68 zephyr/subsys/bluetooth/controller/libsubsys__bluetooth__controller.a(ull_adv.c.obj)
 .text.init_set.constprop.0
                0x000000000000c6d8       0x48 zephyr/subsys/bluetooth/controller/libsubsys__bluetooth__controller.a(ull_adv.c.obj)
 .text.conn_release.constprop.0
                0x000000000000c720       0x88 zephyr/subsys/bluetooth/controller/libsubsys__bluetooth__controller.a(ull_adv.c.obj)
 .text.disable.constprop.0
                0x000000000000c7a8      0x164 zephyr/subsys/bluetooth/controller/libsubsys__bluetooth__controller.a(ull_adv.c.obj)
 .text.adv_time_get.constprop.0.isra.0
                0x000000000000c90c       0x70 zephyr/subsys/bluetooth/controller/libsubsys__bluetooth__controller.a(ull_adv.c.obj)
 .text.ticker_cb
                0x000000000000c97c      0x140 zephyr/subsys/bluetooth/controller/libsubsys__bluetooth__controller.a(ull_adv.c.obj)
 .text.ll_adv_params_set
                0x000000000000cabc      0x1ec zephyr/subsys/bluetooth/controller/libsubsys__bluetooth__controller.a(ull_adv.c.obj)
                0x000000000000cabc                ll_adv_params_set
 .text.ll_adv_enable
                0x000000000000cca8      0x328 zephyr/subsys/bluetooth/controller/libsubsys__bluetooth__controller.a(ull_adv.c.obj)
                0x000000000000cca8                ll_adv_enable
 .text.ull_adv_init
                0x000000000000cfd0       0x20 zephyr/subsys/bluetooth/controller/libsubsys__bluetooth__controller.a(ull_adv.c.obj)
                0x000000000000cfd0                ull_adv_init
 .text.ull_adv_reset
                0x000000000000cff0        0xc zephyr/subsys/bluetooth/controller/libsubsys__bluetooth__controller.a(ull_adv.c.obj)
                0x000000000000cff0                ull_adv_reset
 .text.ull_adv_reset_finalize
                0x000000000000cffc       0x2c zephyr/subsys/bluetooth/controller/libsubsys__bluetooth__controller.a(ull_adv.c.obj)
                0x000000000000cffc                ull_adv_reset_finalize
 .text.ull_adv_handle_get
                0x000000000000d028       0x14 zephyr/subsys/bluetooth/controller/libsubsys__bluetooth__controller.a(ull_adv.c.obj)
                0x000000000000d028                ull_adv_handle_get
 .text.ull_adv_lll_handle_get
                0x000000000000d03c       0x18 zephyr/subsys/bluetooth/controller/libsubsys__bluetooth__controller.a(ull_adv.c.obj)
                0x000000000000d03c                ull_adv_lll_handle_get
 .text.ull_adv_is_enabled
                0x000000000000d054       0x18 zephyr/subsys/bluetooth/controller/libsubsys__bluetooth__controller.a(ull_adv.c.obj)
                0x000000000000d054                ull_adv_is_enabled
 .text.ull_adv_time_update
                0x000000000000d06c       0xc0 zephyr/subsys/bluetooth/controller/libsubsys__bluetooth__controller.a(ull_adv.c.obj)
                0x000000000000d06c                ull_adv_time_update
 .text.ull_adv_data_set
                0x000000000000d12c       0xfc zephyr/subsys/bluetooth/controller/libsubsys__bluetooth__controller.a(ull_adv.c.obj)
                0x000000000000d12c                ull_adv_data_set
 .text.ll_adv_data_set
                0x000000000000d228       0x14 zephyr/subsys/bluetooth/controller/libsubsys__bluetooth__controller.a(ull_adv.c.obj)
                0x000000000000d228                ll_adv_data_set
 .text.ull_scan_rsp_set
                0x000000000000d23c       0xdc zephyr/subsys/bluetooth/controller/libsubsys__bluetooth__controller.a(ull_adv.c.obj)
                0x000000000000d23c                ull_scan_rsp_set
 .text.ll_adv_scan_rsp_set
                0x000000000000d318       0x14 zephyr/subsys/bluetooth/controller/libsubsys__bluetooth__controller.a(ull_adv.c.obj)
                0x000000000000d318                ll_adv_scan_rsp_set
 .text.ticker_cb
                0x000000000000d32c       0xa0 zephyr/subsys/bluetooth/controller/libsubsys__bluetooth__controller.a(ull_scan.c.obj)
 .text.ll_scan_params_set
                0x000000000000d3cc       0x88 zephyr/subsys/bluetooth/controller/libsubsys__bluetooth__controller.a(ull_scan.c.obj)
                0x000000000000d3cc                ll_scan_params_set
 .text.ull_scan_init
                0x000000000000d454        0x4 zephyr/subsys/bluetooth/controller/libsubsys__bluetooth__controller.a(ull_scan.c.obj)
                0x000000000000d454                ull_scan_init
 .text.ull_scan_params_set
                0x000000000000d458       0x44 zephyr/subsys/bluetooth/controller/libsubsys__bluetooth__controller.a(ull_scan.c.obj)
                0x000000000000d458                ull_scan_params_set
 .text.ull_scan_enable
                0x000000000000d49c      0x15c zephyr/subsys/bluetooth/controller/libsubsys__bluetooth__controller.a(ull_scan.c.obj)
                0x000000000000d49c                ull_scan_enable
 .text.ull_scan_disable
                0x000000000000d5f8       0x60 zephyr/subsys/bluetooth/controller/libsubsys__bluetooth__controller.a(ull_scan.c.obj)
                0x000000000000d5f8                ull_scan_disable
 .text.ll_scan_enable
                0x000000000000d658       0x60 zephyr/subsys/bluetooth/controller/libsubsys__bluetooth__controller.a(ull_scan.c.obj)
                0x000000000000d658                ll_scan_enable
 .text.ull_scan_reset
                0x000000000000d6b8       0x3c zephyr/subsys/bluetooth/controller/libsubsys__bluetooth__controller.a(ull_scan.c.obj)
                0x000000000000d6b8                ull_scan_reset
 .text.ull_scan_handle_get
                0x000000000000d6f4       0x14 zephyr/subsys/bluetooth/controller/libsubsys__bluetooth__controller.a(ull_scan.c.obj)
                0x000000000000d6f4                ull_scan_handle_get
 .text.ull_scan_lll_handle_get
                0x000000000000d708       0x18 zephyr/subsys/bluetooth/controller/libsubsys__bluetooth__controller.a(ull_scan.c.obj)
                0x000000000000d708                ull_scan_lll_handle_get
 .text.ull_scan_is_enabled_get
                0x000000000000d720       0x1c zephyr/subsys/bluetooth/controller/libsubsys__bluetooth__controller.a(ull_scan.c.obj)
                0x000000000000d720                ull_scan_is_enabled_get
 .text.ull_scan_is_disabled_get
                0x000000000000d73c       0x1c zephyr/subsys/bluetooth/controller/libsubsys__bluetooth__controller.a(ull_scan.c.obj)
                0x000000000000d73c                ull_scan_is_disabled_get
 .text.ull_scan_is_enabled
                0x000000000000d758       0x34 zephyr/subsys/bluetooth/controller/libsubsys__bluetooth__controller.a(ull_scan.c.obj)
                0x000000000000d758                ull_scan_is_enabled
 .text.init_reset
                0x000000000000d78c       0x4c zephyr/subsys/bluetooth/controller/libsubsys__bluetooth__controller.a(ull_conn.c.obj)
 .text.tx_lll_flush
                0x000000000000d7d8      0x110 zephyr/subsys/bluetooth/controller/libsubsys__bluetooth__controller.a(ull_conn.c.obj)
 .text.ull_conn_update_ticker
                0x000000000000d8e8      0x148 zephyr/subsys/bluetooth/controller/libsubsys__bluetooth__controller.a(ull_conn.c.obj)
 .text.conn_setup_adv_scan_disabled_cb
                0x000000000000da30       0x1c zephyr/subsys/bluetooth/controller/libsubsys__bluetooth__controller.a(ull_conn.c.obj)
 .text.ticker_update_conn_op_cb
                0x000000000000da4c       0x44 zephyr/subsys/bluetooth/controller/libsubsys__bluetooth__controller.a(ull_conn.c.obj)
 .text.ticker_stop_op_cb
                0x000000000000da90       0x6c zephyr/subsys/bluetooth/controller/libsubsys__bluetooth__controller.a(ull_conn.c.obj)
 .text.disabled_cb
                0x000000000000dafc       0x44 zephyr/subsys/bluetooth/controller/libsubsys__bluetooth__controller.a(ull_conn.c.obj)
 .text.conn_disable
                0x000000000000db40       0x88 zephyr/subsys/bluetooth/controller/libsubsys__bluetooth__controller.a(ull_conn.c.obj)
 .text.ticker_start_conn_op_cb
                0x000000000000dbc8       0x5c zephyr/subsys/bluetooth/controller/libsubsys__bluetooth__controller.a(ull_conn.c.obj)
 .text.ticker_stop_conn_op_cb
                0x000000000000dc24       0x60 zephyr/subsys/bluetooth/controller/libsubsys__bluetooth__controller.a(ull_conn.c.obj)
 .text.ll_conn_acquire
                0x000000000000dc84       0x10 zephyr/subsys/bluetooth/controller/libsubsys__bluetooth__controller.a(ull_conn.c.obj)
                0x000000000000dc84                ll_conn_acquire
 .text.ll_conn_release
                0x000000000000dc94       0x10 zephyr/subsys/bluetooth/controller/libsubsys__bluetooth__controller.a(ull_conn.c.obj)
                0x000000000000dc94                ll_conn_release
 .text.ll_conn_handle_get
                0x000000000000dca4       0x14 zephyr/subsys/bluetooth/controller/libsubsys__bluetooth__controller.a(ull_conn.c.obj)
                0x000000000000dca4                ll_conn_handle_get
 .text.ll_conn_get
                0x000000000000dcb8       0x18 zephyr/subsys/bluetooth/controller/libsubsys__bluetooth__controller.a(ull_conn.c.obj)
                0x000000000000dcb8                ll_conn_get
 .text.ll_connected_get
                0x000000000000dcd0       0x24 zephyr/subsys/bluetooth/controller/libsubsys__bluetooth__controller.a(ull_conn.c.obj)
                0x000000000000dcd0                ll_connected_get
 .text.ll_tx_mem_acquire
                0x000000000000dcf4       0x10 zephyr/subsys/bluetooth/controller/libsubsys__bluetooth__controller.a(ull_conn.c.obj)
                0x000000000000dcf4                ll_tx_mem_acquire
 .text.ll_tx_mem_release
                0x000000000000dd04       0x10 zephyr/subsys/bluetooth/controller/libsubsys__bluetooth__controller.a(ull_conn.c.obj)
                0x000000000000dd04                ll_tx_mem_release
 .text.ll_tx_mem_enqueue
                0x000000000000dd14       0x78 zephyr/subsys/bluetooth/controller/libsubsys__bluetooth__controller.a(ull_conn.c.obj)
                0x000000000000dd14                ll_tx_mem_enqueue
 .text.ll_conn_update
                0x000000000000dd8c       0xa0 zephyr/subsys/bluetooth/controller/libsubsys__bluetooth__controller.a(ull_conn.c.obj)
                0x000000000000dd8c                ll_conn_update
 .text.ll_chm_get
                0x000000000000de2c       0x48 zephyr/subsys/bluetooth/controller/libsubsys__bluetooth__controller.a(ull_conn.c.obj)
                0x000000000000de2c                ll_chm_get
 .text.ll_terminate_ind_send
                0x000000000000de74       0x6c zephyr/subsys/bluetooth/controller/libsubsys__bluetooth__controller.a(ull_conn.c.obj)
                0x000000000000de74                ll_terminate_ind_send
 .text.ll_feature_req_send
                0x000000000000dee0       0x44 zephyr/subsys/bluetooth/controller/libsubsys__bluetooth__controller.a(ull_conn.c.obj)
                0x000000000000dee0                ll_feature_req_send
 .text.ll_version_ind_send
                0x000000000000df24       0x40 zephyr/subsys/bluetooth/controller/libsubsys__bluetooth__controller.a(ull_conn.c.obj)
                0x000000000000df24                ll_version_ind_send
 .text.ll_apto_get
                0x000000000000df64       0x44 zephyr/subsys/bluetooth/controller/libsubsys__bluetooth__controller.a(ull_conn.c.obj)
                0x000000000000df64                ll_apto_get
 .text.ll_apto_set
                0x000000000000dfa8       0x48 zephyr/subsys/bluetooth/controller/libsubsys__bluetooth__controller.a(ull_conn.c.obj)
                0x000000000000dfa8                ll_apto_set
 .text.ull_conn_init
                0x000000000000dff0        0x8 zephyr/subsys/bluetooth/controller/libsubsys__bluetooth__controller.a(ull_conn.c.obj)
                0x000000000000dff0                ull_conn_init
 .text.ull_conn_reset
                0x000000000000dff8       0x88 zephyr/subsys/bluetooth/controller/libsubsys__bluetooth__controller.a(ull_conn.c.obj)
                0x000000000000dff8                ull_conn_reset
 .text.ull_conn_setup
                0x000000000000e080       0x54 zephyr/subsys/bluetooth/controller/libsubsys__bluetooth__controller.a(ull_conn.c.obj)
                0x000000000000e080                ull_conn_setup
 .text.ull_conn_rx
                0x000000000000e0d4       0x84 zephyr/subsys/bluetooth/controller/libsubsys__bluetooth__controller.a(ull_conn.c.obj)
                0x000000000000e0d4                ull_conn_rx
 .text.ull_conn_llcp
                0x000000000000e158       0x6c zephyr/subsys/bluetooth/controller/libsubsys__bluetooth__controller.a(ull_conn.c.obj)
                0x000000000000e158                ull_conn_llcp
 .text.ull_conn_lll_tx_demux_sched
                0x000000000000e1c4       0x18 zephyr/subsys/bluetooth/controller/libsubsys__bluetooth__controller.a(ull_conn.c.obj)
                0x000000000000e1c4                ull_conn_lll_tx_demux_sched
 .text.ull_conn_tx_demux
                0x000000000000e1dc       0x80 zephyr/subsys/bluetooth/controller/libsubsys__bluetooth__controller.a(ull_conn.c.obj)
                0x000000000000e1dc                ull_conn_tx_demux
 .text.conn_cleanup
                0x000000000000e25c      0x138 zephyr/subsys/bluetooth/controller/libsubsys__bluetooth__controller.a(ull_conn.c.obj)
 .text.ull_conn_done
                0x000000000000e394      0x308 zephyr/subsys/bluetooth/controller/libsubsys__bluetooth__controller.a(ull_conn.c.obj)
                0x000000000000e394                ull_conn_done
 .text.ull_conn_tx_lll_enqueue
                0x000000000000e69c       0x9c zephyr/subsys/bluetooth/controller/libsubsys__bluetooth__controller.a(ull_conn.c.obj)
                0x000000000000e69c                ull_conn_tx_lll_enqueue
 .text.tx_demux
                0x000000000000e738       0x14 zephyr/subsys/bluetooth/controller/libsubsys__bluetooth__controller.a(ull_conn.c.obj)
 .text.ull_conn_link_tx_release
                0x000000000000e74c       0x10 zephyr/subsys/bluetooth/controller/libsubsys__bluetooth__controller.a(ull_conn.c.obj)
                0x000000000000e74c                ull_conn_link_tx_release
 .text.ull_conn_ack_last_idx_get
                0x000000000000e75c        0xc zephyr/subsys/bluetooth/controller/libsubsys__bluetooth__controller.a(ull_conn.c.obj)
                0x000000000000e75c                ull_conn_ack_last_idx_get
 .text.ull_conn_ack_peek
                0x000000000000e768       0x2c zephyr/subsys/bluetooth/controller/libsubsys__bluetooth__controller.a(ull_conn.c.obj)
                0x000000000000e768                ull_conn_ack_peek
 .text.ull_conn_ack_by_last_peek
                0x000000000000e794       0x24 zephyr/subsys/bluetooth/controller/libsubsys__bluetooth__controller.a(ull_conn.c.obj)
                0x000000000000e794                ull_conn_ack_by_last_peek
 .text.ull_conn_ack_dequeue
                0x000000000000e7b8       0x30 zephyr/subsys/bluetooth/controller/libsubsys__bluetooth__controller.a(ull_conn.c.obj)
                0x000000000000e7b8                ull_conn_ack_dequeue
 .text.ull_conn_lll_ack_enqueue
                0x000000000000e7e8       0x64 zephyr/subsys/bluetooth/controller/libsubsys__bluetooth__controller.a(ull_conn.c.obj)
                0x000000000000e7e8                ull_conn_lll_ack_enqueue
 .text.ull_conn_tx_ack
                0x000000000000e84c       0xd0 zephyr/subsys/bluetooth/controller/libsubsys__bluetooth__controller.a(ull_conn.c.obj)
                0x000000000000e84c                ull_conn_tx_ack
 .text.ull_conn_lll_max_tx_octets_get
                0x000000000000e91c        0x4 zephyr/subsys/bluetooth/controller/libsubsys__bluetooth__controller.a(ull_conn.c.obj)
                0x000000000000e91c                ull_conn_lll_max_tx_octets_get
 .text.ull_pdu_data_init
                0x000000000000e920        0x4 zephyr/subsys/bluetooth/controller/libsubsys__bluetooth__controller.a(ull_conn.c.obj)
                0x000000000000e920                ull_pdu_data_init
 .text.ull_conn_pause_rx_data
                0x000000000000e924       0x10 zephyr/subsys/bluetooth/controller/libsubsys__bluetooth__controller.a(ull_conn.c.obj)
                0x000000000000e924                ull_conn_pause_rx_data
 .text.ull_conn_resume_rx_data
                0x000000000000e934       0x10 zephyr/subsys/bluetooth/controller/libsubsys__bluetooth__controller.a(ull_conn.c.obj)
                0x000000000000e934                ull_conn_resume_rx_data
 .text.ull_conn_event_counter
                0x000000000000e944       0x1c zephyr/subsys/bluetooth/controller/libsubsys__bluetooth__controller.a(ull_conn.c.obj)
                0x000000000000e944                ull_conn_event_counter
 .text.ull_conn_update_parameters
                0x000000000000e960      0x26c zephyr/subsys/bluetooth/controller/libsubsys__bluetooth__controller.a(ull_conn.c.obj)